Archive member included to satisfy reference by file (symbol)

.\CortexM3\ARM_GCC_541\Debug\DC-Motor-PWM.a(UART_1.o)
                              .\CortexM3\ARM_GCC_541\Debug\main.o (UART_1_Start)
.\CortexM3\ARM_GCC_541\Debug\DC-Motor-PWM.a(isr_uart_rx.o)
                              .\CortexM3\ARM_GCC_541\Debug\main.o (isr_uart_rx_StartEx)
.\CortexM3\ARM_GCC_541\Debug\DC-Motor-PWM.a(PWM_1.o)
                              .\CortexM3\ARM_GCC_541\Debug\main.o (PWM_1_WriteCompare)
.\CortexM3\ARM_GCC_541\Debug\DC-Motor-PWM.a(UART_1_IntClock.o)
                              .\CortexM3\ARM_GCC_541\Debug\DC-Motor-PWM.a(UART_1.o) (UART_1_IntClock_Start)
.\CortexM3\ARM_GCC_541\Debug\DC-Motor-PWM.a(CyLib.o)
                              .\CortexM3\ARM_GCC_541\Debug\Cm3Start.o (CyHalt)
.\CortexM3\ARM_GCC_541\Debug\DC-Motor-PWM.a(cyPm.o)
                              .\CortexM3\ARM_GCC_541\Debug\DC-Motor-PWM.a(CyLib.o) (CyPmReadStatus)
.\CortexM3\ARM_GCC_541\Debug\DC-Motor-PWM.a(Pin_Out1.o)
                              .\CortexM3\ARM_GCC_541\Debug\main.o (Pin_Out1_Write)
.\CortexM3\ARM_GCC_541\Debug\DC-Motor-PWM.a(Pin_Out2.o)
                              .\CortexM3\ARM_GCC_541\Debug\main.o (Pin_Out2_Write)
.\CortexM3\ARM_GCC_541\Debug\DC-Motor-PWM.a(CyBootAsmGnu.o)
                              .\CortexM3\ARM_GCC_541\Debug\cyfitter_cfg.o (CyDelayCycles)
.\CortexM3\ARM_GCC_541\Debug\DC-Motor-PWM.a(CyFlash.o)
                              .\CortexM3\ARM_GCC_541\Debug\DC-Motor-PWM.a(cyPm.o) (CyFlash_SetWaitCycles)
.\CortexM3\ARM_GCC_541\Debug\DC-Motor-PWM.a(CySpc.o)
                              .\CortexM3\ARM_GCC_541\Debug\DC-Motor-PWM.a(CyFlash.o) (CySpcStart)
c:/program files (x86)/cypress/psoc creator/4.2/psoc creator/import/gnu/arm/5.4.1/bin/../lib/gcc/arm-none-eabi/5.4.1/../../../../arm-none-eabi/lib/armv7-m\libg_nano.a(lib_a-errno.o)
                              .\CortexM3\ARM_GCC_541\Debug\Cm3Start.o (__errno)
c:/program files (x86)/cypress/psoc creator/4.2/psoc creator/import/gnu/arm/5.4.1/bin/../lib/gcc/arm-none-eabi/5.4.1/../../../../arm-none-eabi/lib/armv7-m\libg_nano.a(lib_a-exit.o)
                              c:/program files (x86)/cypress/psoc creator/4.2/psoc creator/import/gnu/arm/5.4.1/bin/../lib/gcc/arm-none-eabi/5.4.1/../../../../arm-none-eabi/lib/armv7-m/crt0.o (exit)
c:/program files (x86)/cypress/psoc creator/4.2/psoc creator/import/gnu/arm/5.4.1/bin/../lib/gcc/arm-none-eabi/5.4.1/../../../../arm-none-eabi/lib/armv7-m\libg_nano.a(lib_a-impure.o)
                              c:/program files (x86)/cypress/psoc creator/4.2/psoc creator/import/gnu/arm/5.4.1/bin/../lib/gcc/arm-none-eabi/5.4.1/../../../../arm-none-eabi/lib/armv7-m\libg_nano.a(lib_a-exit.o) (_global_impure_ptr)
c:/program files (x86)/cypress/psoc creator/4.2/psoc creator/import/gnu/arm/5.4.1/bin/../lib/gcc/arm-none-eabi/5.4.1/../../../../arm-none-eabi/lib/armv7-m\libg_nano.a(lib_a-init.o)
                              c:/program files (x86)/cypress/psoc creator/4.2/psoc creator/import/gnu/arm/5.4.1/bin/../lib/gcc/arm-none-eabi/5.4.1/../../../../arm-none-eabi/lib/armv7-m/crt0.o (__libc_init_array)
c:/program files (x86)/cypress/psoc creator/4.2/psoc creator/import/gnu/arm/5.4.1/bin/../lib/gcc/arm-none-eabi/5.4.1/../../../../arm-none-eabi/lib/armv7-m\libg_nano.a(lib_a-memcpy-stub.o)
                              .\CortexM3\ARM_GCC_541\Debug\cyfitter_cfg.o (memcpy)
c:/program files (x86)/cypress/psoc creator/4.2/psoc creator/import/gnu/arm/5.4.1/bin/../lib/gcc/arm-none-eabi/5.4.1/../../../../arm-none-eabi/lib/armv7-m\libg_nano.a(lib_a-memset.o)
                              c:/program files (x86)/cypress/psoc creator/4.2/psoc creator/import/gnu/arm/5.4.1/bin/../lib/gcc/arm-none-eabi/5.4.1/../../../../arm-none-eabi/lib/armv7-m/crt0.o (memset)
c:/program files (x86)/cypress/psoc creator/4.2/psoc creator/import/gnu/arm/5.4.1/bin/../lib/gcc/arm-none-eabi/5.4.1/../../../../arm-none-eabi/lib/armv7-m\libg_nano.a(lib_a-nano-vfprintf_float.o)
                              (_printf_float)
c:/program files (x86)/cypress/psoc creator/4.2/psoc creator/import/gnu/arm/5.4.1/bin/../lib/gcc/arm-none-eabi/5.4.1/../../../../arm-none-eabi/lib/armv7-m\libg_nano.a(lib_a-nano-vfprintf_i.o)
                              c:/program files (x86)/cypress/psoc creator/4.2/psoc creator/import/gnu/arm/5.4.1/bin/../lib/gcc/arm-none-eabi/5.4.1/../../../../arm-none-eabi/lib/armv7-m\libg_nano.a(lib_a-nano-vfprintf_float.o) (_printf_common)
c:/program files (x86)/cypress/psoc creator/4.2/psoc creator/import/gnu/arm/5.4.1/bin/../lib/gcc/arm-none-eabi/5.4.1/../../../../arm-none-eabi/lib/armv7-m\libg_nano.a(lib_a-strlen.o)
                              c:/program files (x86)/cypress/psoc creator/4.2/psoc creator/import/gnu/arm/5.4.1/bin/../lib/gcc/arm-none-eabi/5.4.1/../../../../arm-none-eabi/lib/armv7-m\libg_nano.a(lib_a-nano-vfprintf_float.o) (strlen)
[...]
Memory Configuration

Name             Origin             Length             Attributes
rom              0x00000000         0x00040000         xr
ram              0x1fff8000         0x00010000         xrw
*default*        0x00000000         0xffffffff

Linker script and memory map

LOAD c:/program files (x86)/cypress/psoc creator/4.2/psoc creator/import/gnu/arm/5.4.1/bin/../lib/gcc/arm-none-eabi/5.4.1/armv7-m/crti.o
LOAD c:/program files (x86)/cypress/psoc creator/4.2/psoc creator/import/gnu/arm/5.4.1/bin/../lib/gcc/arm-none-eabi/5.4.1/armv7-m/crtbegin.o
LOAD c:/program files (x86)/cypress/psoc creator/4.2/psoc creator/import/gnu/arm/5.4.1/bin/../lib/gcc/arm-none-eabi/5.4.1/../../../../arm-none-eabi/lib/armv7-m/crt0.o
START GROUP
LOAD .\CortexM3\ARM_GCC_541\Debug\main.o
LOAD .\CortexM3\ARM_GCC_541\Debug\cyfitter_cfg.o
LOAD .\CortexM3\ARM_GCC_541\Debug\cymetadata.o
LOAD .\CortexM3\ARM_GCC_541\Debug\Cm3Start.o
LOAD .\CortexM3\ARM_GCC_541\Debug\DC-Motor-PWM.a
LOAD C:\Program Files (x86)\Cypress\PSoC Creator\4.2\PSoC Creator\psoc\content\cycomponentlibrary\CyComponentLibrary.cylib\CortexM3\ARM_GCC_541\Debug\CyComponentLibrary.a
END GROUP
START GROUP
LOAD c:/program files (x86)/cypress/psoc creator/4.2/psoc creator/import/gnu/arm/5.4.1/bin/../lib/gcc/arm-none-eabi/5.4.1/armv7-m\libgcc.a
LOAD c:/program files (x86)/cypress/psoc creator/4.2/psoc creator/import/gnu/arm/5.4.1/bin/../lib/gcc/arm-none-eabi/5.4.1/../../../../arm-none-eabi/lib/armv7-m\libg_nano.a
LOAD c:/program files (x86)/cypress/psoc creator/4.2/psoc creator/import/gnu/arm/5.4.1/bin/../lib/gcc/arm-none-eabi/5.4.1/../../../../arm-none-eabi/lib/armv7-m\libc_nano.a
END GROUP
START GROUP
LOAD c:/program files (x86)/cypress/psoc creator/4.2/psoc creator/import/gnu/arm/5.4.1/bin/../lib/gcc/arm-none-eabi/5.4.1/armv7-m\libgcc.a
LOAD c:/program files (x86)/cypress/psoc creator/4.2/psoc creator/import/gnu/arm/5.4.1/bin/../lib/gcc/arm-none-eabi/5.4.1/../../../../arm-none-eabi/lib/armv7-m\libc_nano.a
END GROUP
LOAD c:/program files (x86)/cypress/psoc creator/4.2/psoc creator/import/gnu/arm/5.4.1/bin/../lib/gcc/arm-none-eabi/5.4.1/armv7-m/crtend.o
LOAD c:/program files (x86)/cypress/psoc creator/4.2/psoc creator/import/gnu/arm/5.4.1/bin/../lib/gcc/arm-none-eabi/5.4.1/armv7-m/crtn.o
START GROUP
LOAD c:/program files (x86)/cypress/psoc creator/4.2/psoc creator/import/gnu/arm/5.4.1/bin/../lib/gcc/arm-none-eabi/5.4.1/armv7-m\libgcc.a
LOAD c:/program files (x86)/cypress/psoc creator/4.2/psoc creator/import/gnu/arm/5.4.1/bin/../lib/gcc/arm-none-eabi/5.4.1/../../../../arm-none-eabi/lib/armv7-m\libc.a
LOAD c:/program files (x86)/cypress/psoc creator/4.2/psoc creator/import/gnu/arm/5.4.1/bin/../lib/gcc/arm-none-eabi/5.4.1/../../../../arm-none-eabi/lib/armv7-m\libnosys.a
END GROUP
                0x00000000                CY_APPL_ORIGIN = 0x0
                0x00000100                CY_FLASH_ROW_SIZE = 0x100
                0x00000020                CY_ECC_ROW_SIZE = 0x20
                0x00000000                CY_EE_IN_BTLDR = 0x0
                0x00000000                CY_APPL_LOADABLE = 0x0
                0x00000800                CY_EE_SIZE = 0x800
                0x00000001                CY_APPL_NUM = 0x1
                0x00000001                CY_APPL_MAX = 0x1
                0x00000040                CY_METADATA_SIZE = 0x40
                0x00000000                CY_APPL_LOADABLE = 0x0
                0x00000000                CY_CHECKSUM_EXCLUDE_SIZE = ALIGN (0x0, CY_FLASH_ROW_SIZE)
                [!provide]                PROVIDE (__cy_heap_start, _end)
                0x00000001                PROVIDE (__cy_region_num, ((__cy_regions_end - __cy_regions) / 0x10))
                0x20008000                PROVIDE (__cy_stack, (ORIGIN (ram) + LENGTH (ram)))
                [!provide]                PROVIDE (__cy_heap_end, (__cy_stack - 0x800))

.cybootloader   0x00000000        0x0
 *(.cybootloader)
                0x00000000                appl1_start = CY_APPL_ORIGIN?CY_APPL_ORIGIN:ALIGN (CY_FLASH_ROW_SIZE)
                0x0001ff00                appl2_start = (appl1_start + ALIGN ((((LENGTH (rom) - appl1_start) - (0x2 * CY_FLASH_ROW_SIZE)) / 0x2), CY_FLASH_ROW_SIZE))
                0x00000000                appl_start = (CY_APPL_NUM == 0x1)?appl1_start:appl2_start
                0x00000000                ecc_offset = ((appl_start / CY_FLASH_ROW_SIZE) * CY_ECC_ROW_SIZE)
                0x00000000                ee_offset = (CY_APPL_LOADABLE && ! (CY_EE_IN_BTLDR))?((CY_EE_SIZE / CY_APPL_MAX) * (CY_APPL_NUM - 0x1)):0x0
                0x00000800                ee_size = (CY_APPL_LOADABLE && ! (CY_EE_IN_BTLDR))?(CY_EE_SIZE / CY_APPL_MAX):CY_EE_SIZE
                [!provide]                PROVIDE (CY_ECC_OFFSET, ecc_offset)

.text           0x00000000     0x2ad0
 CREATE_OBJECT_SYMBOLS
                0x00000000                PROVIDE (__cy_interrupt_vector, RomVectors)
 *(.romvectors)
 .romvectors    0x00000000       0x10 .\CortexM3\ARM_GCC_541\Debug\Cm3Start.o
                0x00000000                RomVectors
                0x00000001                ASSERT ((. != __cy_interrupt_vector), No interrupt vector)
                0x00000001                ASSERT (CY_APPL_ORIGIN?(SIZEOF (.cybootloader) <= CY_APPL_ORIGIN):0x1, Wrong image location)
                0x00000010                PROVIDE (__cy_reset, Reset)
 *(.text.Reset)
 .text.Reset    0x00000010       0x18 .\CortexM3\ARM_GCC_541\Debug\Cm3Start.o
                0x00000010                Reset
                0x00000001                ASSERT ((. != __cy_reset), No reset code)
 *(.dma_init)
                0x00000001                ASSERT ((((appl_start + .) <= 0x10000) || 0x1), DMA Init must be within the first 64k of flash)
 *(.text .text.* .gnu.linkonce.t.*)
 .text          0x00000028       0x5c c:/program files (x86)/cypress/psoc creator/4.2/psoc creator/import/gnu/arm/5.4.1/bin/../lib/gcc/arm-none-eabi/5.4.1/armv7-m/crtbegin.o
 .text.main     0x00000084       0x54 .\CortexM3\ARM_GCC_541\Debug\main.o
                0x00000084                main
 .text.decreaseSpeed
                0x000000d8       0x1c .\CortexM3\ARM_GCC_541\Debug\main.o
                0x000000d8                decreaseSpeed
 .text.increaseSpeed
                0x000000f4       0x1c .\CortexM3\ARM_GCC_541\Debug\main.o
                0x000000f4                increaseSpeed
 .text.driveForwards
                0x00000110       0x1c .\CortexM3\ARM_GCC_541\Debug\main.o
                0x00000110                driveForwards
 .text.driveBackwards
                0x0000012c       0x1c .\CortexM3\ARM_GCC_541\Debug\main.o
                0x0000012c                driveBackwards
 .text.stop     0x00000148       0x14 .\CortexM3\ARM_GCC_541\Debug\main.o
                0x00000148                stop
 .text.handleByteReceived
                0x0000015c       0x3c .\CortexM3\ARM_GCC_541\Debug\main.o
                0x0000015c                handleByteReceived
 .text.ISR_UART_rx_handler
                0x00000198       0x24 .\CortexM3\ARM_GCC_541\Debug\main.o
                0x00000198                ISR_UART_rx_handler
 .text.CyClockStartupError
                0x000001bc        0x4 .\CortexM3\ARM_GCC_541\Debug\cyfitter_cfg.o
 .text.cfg_write_bytes32
                0x000001c0       0x34 .\CortexM3\ARM_GCC_541\Debug\cyfitter_cfg.o
 .text.AnalogSetDefault
                0x000001f4       0x28 .\CortexM3\ARM_GCC_541\Debug\cyfitter_cfg.o
 .text.CYMEMZERO
                0x0000021c        0xc .\CortexM3\ARM_GCC_541\Debug\cyfitter_cfg.o
 .text.ClockSetup
                0x00000228       0xc8 .\CortexM3\ARM_GCC_541\Debug\cyfitter_cfg.o
 .text.CYCONFIGCPY
                0x000002f0        0x8 .\CortexM3\ARM_GCC_541\Debug\cyfitter_cfg.o
 .text.cyfitter_cfg
                0x000002f8      0x100 .\CortexM3\ARM_GCC_541\Debug\cyfitter_cfg.o
                0x000002f8                cyfitter_cfg
 .text.IntDefaultHandler
                0x000003f8       0x10 .\CortexM3\ARM_GCC_541\Debug\Cm3Start.o
                0x000003f8                IntDefaultHandler
 .text._sbrk    0x00000408       0x30 .\CortexM3\ARM_GCC_541\Debug\Cm3Start.o
                0x00000408                _sbrk
 .text.Start_c  0x00000438       0x4c .\CortexM3\ARM_GCC_541\Debug\Cm3Start.o
                0x00000438                Start_c
 .text.initialize_psoc
                0x00000484       0x68 .\CortexM3\ARM_GCC_541\Debug\Cm3Start.o
                0x00000484                initialize_psoc
 .text.UART_1_Init
                0x000004ec       0x24 .\CortexM3\ARM_GCC_541\Debug\DC-Motor-PWM.a(UART_1.o)
                0x000004ec                UART_1_Init
 .text.UART_1_Enable
                0x00000510       0x38 .\CortexM3\ARM_GCC_541\Debug\DC-Motor-PWM.a(UART_1.o)
                0x00000510                UART_1_Enable
 .text.UART_1_Start
                0x00000548       0x1c .\CortexM3\ARM_GCC_541\Debug\DC-Motor-PWM.a(UART_1.o)
                0x00000548                UART_1_Start
 .text.UART_1_ReadRxData
                0x00000564        0xc .\CortexM3\ARM_GCC_541\Debug\DC-Motor-PWM.a(UART_1.o)
                0x00000564                UART_1_ReadRxData
 .text.UART_1_GetRxBufferSize
                0x00000570       0x18 .\CortexM3\ARM_GCC_541\Debug\DC-Motor-PWM.a(UART_1.o)
                0x00000570                UART_1_GetRxBufferSize
 .text.UART_1_WriteTxData
                0x00000588       0x14 .\CortexM3\ARM_GCC_541\Debug\DC-Motor-PWM.a(UART_1.o)
                0x00000588                UART_1_WriteTxData
 .text.UART_1_PutChar
                0x0000059c       0x18 .\CortexM3\ARM_GCC_541\Debug\DC-Motor-PWM.a(UART_1.o)
                0x0000059c                UART_1_PutChar
 .text.UART_1_PutString
                0x000005b4       0x24 .\CortexM3\ARM_GCC_541\Debug\DC-Motor-PWM.a(UART_1.o)
                0x000005b4                UART_1_PutString
 .text.isr_uart_rx_SetVector
                0x000005d8        0xc .\CortexM3\ARM_GCC_541\Debug\DC-Motor-PWM.a(isr_uart_rx.o)
                0x000005d8                isr_uart_rx_SetVector
 .text.isr_uart_rx_SetPriority
                0x000005e4       0x10 .\CortexM3\ARM_GCC_541\Debug\DC-Motor-PWM.a(isr_uart_rx.o)
                0x000005e4                isr_uart_rx_SetPriority
 .text.isr_uart_rx_Enable
                0x000005f4        0xc .\CortexM3\ARM_GCC_541\Debug\DC-Motor-PWM.a(isr_uart_rx.o)
                0x000005f4                isr_uart_rx_Enable
 .text.isr_uart_rx_Disable
                0x00000600        0xc .\CortexM3\ARM_GCC_541\Debug\DC-Motor-PWM.a(isr_uart_rx.o)
                0x00000600                isr_uart_rx_Disable
 .text.isr_uart_rx_StartEx
                0x0000060c       0x1c .\CortexM3\ARM_GCC_541\Debug\DC-Motor-PWM.a(isr_uart_rx.o)
                0x0000060c                isr_uart_rx_StartEx
 .text.PWM_1_Enable
                0x00000628       0x10 .\CortexM3\ARM_GCC_541\Debug\DC-Motor-PWM.a(PWM_1.o)
                0x00000628                PWM_1_Enable
 .text.PWM_1_WriteCounter
                0x00000638        0xc .\CortexM3\ARM_GCC_541\Debug\DC-Motor-PWM.a(PWM_1.o)
                0x00000638                PWM_1_WriteCounter
 .text.PWM_1_WritePeriod
                0x00000644        0xc .\CortexM3\ARM_GCC_541\Debug\DC-Motor-PWM.a(PWM_1.o)
                0x00000644                PWM_1_WritePeriod
 .text.PWM_1_WriteCompare
                0x00000650        0xc .\CortexM3\ARM_GCC_541\Debug\DC-Motor-PWM.a(PWM_1.o)
                0x00000650                PWM_1_WriteCompare
 .text.PWM_1_SetInterruptMode
                0x0000065c        0xc .\CortexM3\ARM_GCC_541\Debug\DC-Motor-PWM.a(PWM_1.o)
                0x0000065c                PWM_1_SetInterruptMode
 .text.PWM_1_ReadStatusRegister
                0x00000668        0xc .\CortexM3\ARM_GCC_541\Debug\DC-Motor-PWM.a(PWM_1.o)
                0x00000668                PWM_1_ReadStatusRegister
 .text.PWM_1_ReadCapture
                0x00000674        0xc .\CortexM3\ARM_GCC_541\Debug\DC-Motor-PWM.a(PWM_1.o)
                0x00000674                PWM_1_ReadCapture
 .text.PWM_1_ClearFIFO
                0x00000680       0x14 .\CortexM3\ARM_GCC_541\Debug\DC-Motor-PWM.a(PWM_1.o)
                0x00000680                PWM_1_ClearFIFO
 .text.PWM_1_Init
                0x00000694       0x54 .\CortexM3\ARM_GCC_541\Debug\DC-Motor-PWM.a(PWM_1.o)
                0x00000694                PWM_1_Init
 .text.PWM_1_Start
                0x000006e8       0x1c .\CortexM3\ARM_GCC_541\Debug\DC-Motor-PWM.a(PWM_1.o)
                0x000006e8                PWM_1_Start
 .text.PWM_1_ReadCompare
                0x00000704        0xc .\CortexM3\ARM_GCC_541\Debug\DC-Motor-PWM.a(PWM_1.o)
                0x00000704                PWM_1_ReadCompare
 .text.UART_1_IntClock_Start
                0x00000710       0x1c .\CortexM3\ARM_GCC_541\Debug\DC-Motor-PWM.a(UART_1_IntClock.o)
                0x00000710                UART_1_IntClock_Start
 .text.Pin_Out1_Write
                0x0000072c       0x18 .\CortexM3\ARM_GCC_541\Debug\DC-Motor-PWM.a(Pin_Out1.o)
                0x0000072c                Pin_Out1_Write
 .text.Pin_Out2_Write
                0x00000744       0x18 .\CortexM3\ARM_GCC_541\Debug\DC-Motor-PWM.a(Pin_Out2.o)
                0x00000744                Pin_Out2_Write
 *fill*         0x0000075c        0x4 
 .text          0x00000760       0x20 .\CortexM3\ARM_GCC_541\Debug\DC-Motor-PWM.a(CyBootAsmGnu.o)
                0x00000760                CyDelayCycles
                0x00000770                CyEnterCriticalSection
                0x00000778                CyExitCriticalSection
 .text.__errno  0x00000780        0xc c:/program files (x86)/cypress/psoc creator/4.2/psoc creator/import/gnu/arm/5.4.1/bin/../lib/gcc/arm-none-eabi/5.4.1/../../../../arm-none-eabi/lib/armv7-m\libg_nano.a(lib_a-errno.o)
                0x00000780                __errno
 .text.__libc_init_array
                0x0000078c       0x4c c:/program files (x86)/cypress/psoc creator/4.2/psoc creator/import/gnu/arm/5.4.1/bin/../lib/gcc/arm-none-eabi/5.4.1/../../../../arm-none-eabi/lib/armv7-m\libg_nano.a(lib_a-init.o)
                0x0000078c                __libc_init_array
 .text.memcpy   0x000007d8       0x16 c:/program files (x86)/cypress/psoc creator/4.2/psoc creator/import/gnu/arm/5.4.1/bin/../lib/gcc/arm-none-eabi/5.4.1/../../../../arm-none-eabi/lib/armv7-m\libg_nano.a(lib_a-memcpy-stub.o)
                0x000007d8                memcpy
 .text.memset   0x000007ee       0x10 c:/program files (x86)/cypress/psoc creator/4.2/psoc creator/import/gnu/arm/5.4.1/bin/../lib/gcc/arm-none-eabi/5.4.1/../../../../arm-none-eabi/lib/armv7-m\libg_nano.a(lib_a-memset.o)
                0x000007ee                memset
 .text.__cvt    0x000007fe       0xc0 c:/program files (x86)/cypress/psoc creator/4.2/psoc creator/import/gnu/arm/5.4.1/bin/../lib/gcc/arm-none-eabi/5.4.1/../../../../arm-none-eabi/lib/armv7-m\libg_nano.a(lib_a-nano-vfprintf_float.o)
                0x000007fe                __cvt
 .text.__exponent
                0x000008be       0x62 c:/program files (x86)/cypress/psoc creator/4.2/psoc creator/import/gnu/arm/5.4.1/bin/../lib/gcc/arm-none-eabi/5.4.1/../../../../arm-none-eabi/lib/armv7-m\libg_nano.a(lib_a-nano-vfprintf_float.o)
                0x000008be                __exponent
 .text._printf_float
                0x00000920      0x488 c:/program files (x86)/cypress/psoc creator/4.2/psoc creator/import/gnu/arm/5.4.1/bin/../lib/gcc/arm-none-eabi/5.4.1/../../../../arm-none-eabi/lib/armv7-m\libg_nano.a(lib_a-nano-vfprintf_float.o)
                0x00000920                _printf_float
 .text._printf_common
                0x00000da8       0xec c:/program files (x86)/cypress/psoc creator/4.2/psoc creator/import/gnu/arm/5.4.1/bin/../lib/gcc/arm-none-eabi/5.4.1/../../../../arm-none-eabi/lib/armv7-m\libg_nano.a(lib_a-nano-vfprintf_i.o)
                0x00000da8                _printf_common
 .text          0x00000e94       0x10 c:/program files (x86)/cypress/psoc creator/4.2/psoc creator/import/gnu/arm/5.4.1/bin/../lib/gcc/arm-none-eabi/5.4.1/../../../../arm-none-eabi/lib/armv7-m\libg_nano.a(lib_a-strlen.o)
                0x00000e94                strlen
 .text.quorem   0x00000ea4      0x116 c:/program files (x86)/cypress/psoc creator/4.2/psoc creator/import/gnu/arm/5.4.1/bin/../lib/gcc/arm-none-eabi/5.4.1/../../../../arm-none-eabi/lib/armv7-m\libg_nano.a(lib_a-dtoa.o)
 *fill*         0x00000fba        0x6 
 .text._dtoa_r  0x00000fc0      0xb30 c:/program files (x86)/cypress/psoc creator/4.2/psoc creator/import/gnu/arm/5.4.1/bin/../lib/gcc/arm-none-eabi/5.4.1/../../../../arm-none-eabi/lib/armv7-m\libg_nano.a(lib_a-dtoa.o)
                0x00000fc0                _dtoa_r
 .text._localeconv_r
                0x00001af0        0x8 c:/program files (x86)/cypress/psoc creator/4.2/psoc creator/import/gnu/arm/5.4.1/bin/../lib/gcc/arm-none-eabi/5.4.1/../../../../arm-none-eabi/lib/armv7-m\libg_nano.a(lib_a-locale.o)
                0x00001af0                _localeconv_r
 .text.malloc   0x00001af8       0x10 c:/program files (x86)/cypress/psoc creator/4.2/psoc creator/import/gnu/arm/5.4.1/bin/../lib/gcc/arm-none-eabi/5.4.1/../../../../arm-none-eabi/lib/armv7-m\libg_nano.a(lib_a-malloc.o)
                0x00001af8                malloc
 .text._Balloc  0x00001b08       0x6a c:/program files (x86)/cypress/psoc creator/4.2/psoc creator/import/gnu/arm/5.4.1/bin/../lib/gcc/arm-none-eabi/5.4.1/../../../../arm-none-eabi/lib/armv7-m\libg_nano.a(lib_a-mprec.o)
                0x00001b08                _Balloc
 .text._Bfree   0x00001b72       0x2e c:/program files (x86)/cypress/psoc creator/4.2/psoc creator/import/gnu/arm/5.4.1/bin/../lib/gcc/arm-none-eabi/5.4.1/../../../../arm-none-eabi/lib/armv7-m\libg_nano.a(lib_a-mprec.o)
                0x00001b72                _Bfree
 .text.__multadd
                0x00001ba0       0x76 c:/program files (x86)/cypress/psoc creator/4.2/psoc creator/import/gnu/arm/5.4.1/bin/../lib/gcc/arm-none-eabi/5.4.1/../../../../arm-none-eabi/lib/armv7-m\libg_nano.a(lib_a-mprec.o)
                0x00001ba0                __multadd
 .text.__hi0bits
                0x00001c16       0x40 c:/program files (x86)/cypress/psoc creator/4.2/psoc creator/import/gnu/arm/5.4.1/bin/../lib/gcc/arm-none-eabi/5.4.1/../../../../arm-none-eabi/lib/armv7-m\libg_nano.a(lib_a-mprec.o)
                0x00001c16                __hi0bits
 .text.__lo0bits
                0x00001c56       0x5a c:/program files (x86)/cypress/psoc creator/4.2/psoc creator/import/gnu/arm/5.4.1/bin/../lib/gcc/arm-none-eabi/5.4.1/../../../../arm-none-eabi/lib/armv7-m\libg_nano.a(lib_a-mprec.o)
                0x00001c56                __lo0bits
 .text.__i2b    0x00001cb0       0x12 c:/program files (x86)/cypress/psoc creator/4.2/psoc creator/import/gnu/arm/5.4.1/bin/../lib/gcc/arm-none-eabi/5.4.1/../../../../arm-none-eabi/lib/armv7-m\libg_nano.a(lib_a-mprec.o)
                0x00001cb0                __i2b
 .text.__multiply
                0x00001cc2      0x120 c:/program files (x86)/cypress/psoc creator/4.2/psoc creator/import/gnu/arm/5.4.1/bin/../lib/gcc/arm-none-eabi/5.4.1/../../../../arm-none-eabi/lib/armv7-m\libg_nano.a(lib_a-mprec.o)
                0x00001cc2                __multiply
 *fill*         0x00001de2        0x2 
 .text.__pow5mult
                0x00001de4       0x9c c:/program files (x86)/cypress/psoc creator/4.2/psoc creator/import/gnu/arm/5.4.1/bin/../lib/gcc/arm-none-eabi/5.4.1/../../../../arm-none-eabi/lib/armv7-m\libg_nano.a(lib_a-mprec.o)
                0x00001de4                __pow5mult
 .text.__lshift
                0x00001e80       0xa2 c:/program files (x86)/cypress/psoc creator/4.2/psoc creator/import/gnu/arm/5.4.1/bin/../lib/gcc/arm-none-eabi/5.4.1/../../../../arm-none-eabi/lib/armv7-m\libg_nano.a(lib_a-mprec.o)
                0x00001e80                __lshift
 .text.__mcmp   0x00001f22       0x38 c:/program files (x86)/cypress/psoc creator/4.2/psoc creator/import/gnu/arm/5.4.1/bin/../lib/gcc/arm-none-eabi/5.4.1/../../../../arm-none-eabi/lib/armv7-m\libg_nano.a(lib_a-mprec.o)
                0x00001f22                __mcmp
 .text.__mdiff  0x00001f5a       0xbe c:/program files (x86)/cypress/psoc creator/4.2/psoc creator/import/gnu/arm/5.4.1/bin/../lib/gcc/arm-none-eabi/5.4.1/../../../../arm-none-eabi/lib/armv7-m\libg_nano.a(lib_a-mprec.o)
                0x00001f5a                __mdiff
 .text.__d2b    0x00002018       0x9c c:/program files (x86)/cypress/psoc creator/4.2/psoc creator/import/gnu/arm/5.4.1/bin/../lib/gcc/arm-none-eabi/5.4.1/../../../../arm-none-eabi/lib/armv7-m\libg_nano.a(lib_a-mprec.o)
                0x00002018                __d2b
 .text._calloc_r
                0x000020b4       0x1c c:/program files (x86)/cypress/psoc creator/4.2/psoc creator/import/gnu/arm/5.4.1/bin/../lib/gcc/arm-none-eabi/5.4.1/../../../../arm-none-eabi/lib/armv7-m\libg_nano.a(lib_a-nano-callocr.o)
                0x000020b4                _calloc_r
 .text._malloc_r
                0x000020d0       0xbc c:/program files (x86)/cypress/psoc creator/4.2/psoc creator/import/gnu/arm/5.4.1/bin/../lib/gcc/arm-none-eabi/5.4.1/../../../../arm-none-eabi/lib/armv7-m\libg_nano.a(lib_a-nano-mallocr.o)
                0x000020d0                _malloc_r
 .text._sbrk_r  0x0000218c       0x20 c:/program files (x86)/cypress/psoc creator/4.2/psoc creator/import/gnu/arm/5.4.1/bin/../lib/gcc/arm-none-eabi/5.4.1/../../../../arm-none-eabi/lib/armv7-m\libg_nano.a(lib_a-sbrkr.o)
                0x0000218c                _sbrk_r
 .text.__malloc_lock
                0x000021ac        0x2 c:/program files (x86)/cypress/psoc creator/4.2/psoc creator/import/gnu/arm/5.4.1/bin/../lib/gcc/arm-none-eabi/5.4.1/../../../../arm-none-eabi/lib/armv7-m\libg_nano.a(lib_a-mlock.o)
                0x000021ac                __malloc_lock
 .text.__malloc_unlock
                0x000021ae        0x2 c:/program files (x86)/cypress/psoc creator/4.2/psoc creator/import/gnu/arm/5.4.1/bin/../lib/gcc/arm-none-eabi/5.4.1/../../../../arm-none-eabi/lib/armv7-m\libg_nano.a(lib_a-mlock.o)
                0x000021ae                __malloc_unlock
 .text          0x000021b0      0x370 c:/program files (x86)/cypress/psoc creator/4.2/psoc creator/import/gnu/arm/5.4.1/bin/../lib/gcc/arm-none-eabi/5.4.1/armv7-m\libgcc.a(_arm_addsubdf3.o)
                0x000021b0                __aeabi_drsub
                0x000021b8                __aeabi_dsub
                0x000021b8                __subdf3
                0x000021bc                __aeabi_dadd
                0x000021bc                __adddf3
                0x00002434                __floatunsidf
                0x00002434                __aeabi_ui2d
                0x00002454                __floatsidf
                0x00002454                __aeabi_i2d
                0x00002478                __aeabi_f2d
                0x00002478                __extendsfdf2
                0x000024b4                __floatundidf
                0x000024b4                __aeabi_ul2d
                0x000024c4                __floatdidf
                0x000024c4                __aeabi_l2d
 .text          0x00002520      0x424 c:/program files (x86)/cypress/psoc creator/4.2/psoc creator/import/gnu/arm/5.4.1/bin/../lib/gcc/arm-none-eabi/5.4.1/armv7-m\libgcc.a(_arm_muldivdf3.o)
                0x00002520                __aeabi_dmul
                0x00002520                __muldf3
                0x00002774                __divdf3
                0x00002774                __aeabi_ddiv
 .text          0x00002944      0x110 c:/program files (x86)/cypress/psoc creator/4.2/psoc creator/import/gnu/arm/5.4.1/bin/../lib/gcc/arm-none-eabi/5.4.1/armv7-m\libgcc.a(_arm_cmpdf2.o)
                0x00002944                __gtdf2
                0x00002944                __gedf2
                0x0000294c                __ltdf2
                0x0000294c                __ledf2
                0x00002954                __nedf2
                0x00002954                __eqdf2
                0x00002954                __cmpdf2
                0x000029d0                __aeabi_cdrcmple
                0x000029e0                __aeabi_cdcmpeq
                0x000029e0                __aeabi_cdcmple
                0x000029f0                __aeabi_dcmpeq
                0x00002a04                __aeabi_dcmplt
                0x00002a18                __aeabi_dcmple
                0x00002a2c                __aeabi_dcmpge
                0x00002a40                __aeabi_dcmpgt
 .text          0x00002a54       0x2c c:/program files (x86)/cypress/psoc creator/4.2/psoc creator/import/gnu/arm/5.4.1/bin/../lib/gcc/arm-none-eabi/5.4.1/armv7-m\libgcc.a(_arm_unorddf2.o)
                0x00002a54                __unorddf2
                0x00002a54                __aeabi_dcmpun
 .text          0x00002a80       0x50 c:/program files (x86)/cypress/psoc creator/4.2/psoc creator/import/gnu/arm/5.4.1/bin/../lib/gcc/arm-none-eabi/5.4.1/armv7-m\libgcc.a(_arm_fixdfsi.o)
                0x00002a80                __aeabi_d2iz
                0x00002a80                __fixdfsi
 *(.plt)
 *(.gnu.warning)
 *(.glue_7t)
 .glue_7t       0x00002ad0        0x0 linker stubs
 *(.glue_7)
 .glue_7        0x00002ad0        0x0 linker stubs
 *(.vfp11_veneer)
 .vfp11_veneer  0x00002ad0        0x0 linker stubs
 *(.bootloader)
 *(.ARM.extab* .gnu.linkonce.armextab.*)
 *(.gcc_except_table)

.v4_bx          0x00002ad0        0x0
 .v4_bx         0x00002ad0        0x0 linker stubs

.iplt           0x00002ad0        0x0
 .iplt          0x00002ad0        0x0 c:/program files (x86)/cypress/psoc creator/4.2/psoc creator/import/gnu/arm/5.4.1/bin/../lib/gcc/arm-none-eabi/5.4.1/armv7-m/crtbegin.o

.eh_frame_hdr
 *(.eh_frame_hdr)

.eh_frame       0x00002ad0        0x4
 *(.eh_frame)
 .eh_frame      0x00002ad0        0x0 c:/program files (x86)/cypress/psoc creator/4.2/psoc creator/import/gnu/arm/5.4.1/bin/../lib/gcc/arm-none-eabi/5.4.1/armv7-m/crtbegin.o
 .eh_frame      0x00002ad0        0x4 c:/program files (x86)/cypress/psoc creator/4.2/psoc creator/import/gnu/arm/5.4.1/bin/../lib/gcc/arm-none-eabi/5.4.1/armv7-m/crtend.o
                [!provide]                PROVIDE (__exidx_start, .)

.ARM.exidx
 *(.ARM.exidx* .gnu.linkonce.armexidx.*)
                0x00002ad4                __exidx_end = .

.rodata         0x00002ad8      0x278
 *(.rodata .rodata.* .gnu.linkonce.r.*)
 .rodata.str1.4
                0x00002ad8       0xec .\CortexM3\ARM_GCC_541\Debug\main.o
                                 0xeb (size before relaxing)
 .rodata        0x00002bc4       0x2a .\CortexM3\ARM_GCC_541\Debug\cyfitter_cfg.o
 .rodata.str1.1
                0x00002bee        0x2 c:/program files (x86)/cypress/psoc creator/4.2/psoc creator/import/gnu/arm/5.4.1/bin/../lib/gcc/arm-none-eabi/5.4.1/../../../../arm-none-eabi/lib/armv7-m\libg_nano.a(lib_a-impure.o)
 .rodata.str1.1
                0x00002bf0       0x12 c:/program files (x86)/cypress/psoc creator/4.2/psoc creator/import/gnu/arm/5.4.1/bin/../lib/gcc/arm-none-eabi/5.4.1/../../../../arm-none-eabi/lib/armv7-m\libg_nano.a(lib_a-nano-vfprintf_float.o)
 .rodata.str1.1
                0x00002c02        0xd c:/program files (x86)/cypress/psoc creator/4.2/psoc creator/import/gnu/arm/5.4.1/bin/../lib/gcc/arm-none-eabi/5.4.1/../../../../arm-none-eabi/lib/armv7-m\libg_nano.a(lib_a-dtoa.o)
                                  0xf (size before relaxing)
 .rodata.str1.1
                0x00002c0f        0x8 c:/program files (x86)/cypress/psoc creator/4.2/psoc creator/import/gnu/arm/5.4.1/bin/../lib/gcc/arm-none-eabi/5.4.1/../../../../arm-none-eabi/lib/armv7-m\libg_nano.a(lib_a-locale.o)
                                  0xb (size before relaxing)
 *fill*         0x00002c17        0x1 
 .rodata.__mprec_tens
                0x00002c18       0xc8 c:/program files (x86)/cypress/psoc creator/4.2/psoc creator/import/gnu/arm/5.4.1/bin/../lib/gcc/arm-none-eabi/5.4.1/../../../../arm-none-eabi/lib/armv7-m\libg_nano.a(lib_a-mprec.o)
                0x00002c18                __mprec_tens
 .rodata.p05.5408
                0x00002ce0        0xc c:/program files (x86)/cypress/psoc creator/4.2/psoc creator/import/gnu/arm/5.4.1/bin/../lib/gcc/arm-none-eabi/5.4.1/../../../../arm-none-eabi/lib/armv7-m\libg_nano.a(lib_a-mprec.o)
 *fill*         0x00002cec        0x4 
 .rodata.__mprec_bigtens
                0x00002cf0       0x28 c:/program files (x86)/cypress/psoc creator/4.2/psoc creator/import/gnu/arm/5.4.1/bin/../lib/gcc/arm-none-eabi/5.4.1/../../../../arm-none-eabi/lib/armv7-m\libg_nano.a(lib_a-mprec.o)
                0x00002cf0                __mprec_bigtens
                0x00002d18                . = ALIGN (0x4)
 *(.init)
 .init          0x00002d18        0x4 c:/program files (x86)/cypress/psoc creator/4.2/psoc creator/import/gnu/arm/5.4.1/bin/../lib/gcc/arm-none-eabi/5.4.1/armv7-m/crti.o
                0x00002d18                _init
 .init          0x00002d1c        0x8 c:/program files (x86)/cypress/psoc creator/4.2/psoc creator/import/gnu/arm/5.4.1/bin/../lib/gcc/arm-none-eabi/5.4.1/armv7-m/crtn.o
                0x00002d24                . = ALIGN (0x4)
                0x00002d24                __preinit_array_start = .
 *(.preinit_array)
                0x00002d24                __preinit_array_end = .
                0x00002d24                . = ALIGN (0x4)
                0x00002d24                __init_array_start = .
 *(SORT(.init_array.*))
 *(.init_array)
 .init_array    0x00002d24        0x4 c:/program files (x86)/cypress/psoc creator/4.2/psoc creator/import/gnu/arm/5.4.1/bin/../lib/gcc/arm-none-eabi/5.4.1/armv7-m/crtbegin.o
 .init_array    0x00002d28        0x4 .\CortexM3\ARM_GCC_541\Debug\Cm3Start.o
                0x00002d2c                __init_array_end = .
                0x00002d2c                . = ALIGN (0x4)
 *(.fini)
 .fini          0x00002d2c        0x4 c:/program files (x86)/cypress/psoc creator/4.2/psoc creator/import/gnu/arm/5.4.1/bin/../lib/gcc/arm-none-eabi/5.4.1/armv7-m/crti.o
                0x00002d2c                _fini
 .fini          0x00002d30        0x8 c:/program files (x86)/cypress/psoc creator/4.2/psoc creator/import/gnu/arm/5.4.1/bin/../lib/gcc/arm-none-eabi/5.4.1/armv7-m/crtn.o
                0x00002d38                . = ALIGN (0x4)
                0x00002d38                __fini_array_start = .
 *(.fini_array)
 .fini_array    0x00002d38        0x4 c:/program files (x86)/cypress/psoc creator/4.2/psoc creator/import/gnu/arm/5.4.1/bin/../lib/gcc/arm-none-eabi/5.4.1/armv7-m/crtbegin.o
 *(SORT(.fini_array.*))
                0x00002d3c                __fini_array_end = .
                0x00002d3c                . = ALIGN (0x4)
 *crtbegin.o(.ctors)
 *(EXCLUDE_FILE(*crtend.o) .ctors)
 *(SORT(.ctors.*))
 *crtend.o(.ctors)
                0x00002d3c                . = ALIGN (0x4)
 *crtbegin.o(.dtors)
 *(EXCLUDE_FILE(*crtend.o) .dtors)
 *(SORT(.dtors.*))
 *crtend.o(.dtors)
                0x00002d3c                . = ALIGN (0x4)
                0x00002d3c                __cy_regions = .
                0x00002d3c        0x4 LONG 0x2d50 __cy_region_init_ram
                0x00002d40        0x4 LONG 0x1fff80c8 __cy_region_start_data
                0x00002d44        0x4 LONG 0xa8 __cy_region_init_size_ram
                0x00002d48        0x4 LONG 0x30 __cy_region_zero_size_ram
                0x00002d4c                __cy_regions_end = .
                0x00002d50                . = ALIGN (0x8)
 *fill*         0x00002d4c        0x4 
                0x00002d50                _etext = .

.cy_checksum_exclude
                0x00002d50        0x0
 *(.cy_checksum_exclude)

.ramvectors     0x1fff8000       0xc0
                0x1fff8000                __cy_region_start_ram = .
 *(.ramvectors)
 .ramvectors    0x1fff8000       0xc0 .\CortexM3\ARM_GCC_541\Debug\Cm3Start.o
                0x1fff8000                CyRamVectors

.noinit         0x1fff80c0        0x1
 *(.noinit)
 .noinit        0x1fff80c0        0x1 .\CortexM3\ARM_GCC_541\Debug\DC-Motor-PWM.a(CyLib.o)
                0x1fff80c0                CyResetStatus

.data           0x1fff80c8       0xa8 load address 0x00002d50
                0x1fff80c8                __cy_region_start_data = .
 *(.jcr)
 .jcr           0x1fff80c8        0x0 c:/program files (x86)/cypress/psoc creator/4.2/psoc creator/import/gnu/arm/5.4.1/bin/../lib/gcc/arm-none-eabi/5.4.1/armv7-m/crtbegin.o
 .jcr           0x1fff80c8        0x4 c:/program files (x86)/cypress/psoc creator/4.2/psoc creator/import/gnu/arm/5.4.1/bin/../lib/gcc/arm-none-eabi/5.4.1/armv7-m/crtend.o
 *(.got.plt)
 *(.got)
 *(.shdata)
 *(.data .data.* .gnu.linkonce.d.*)
 .data          0x1fff80cc        0x4 .\CortexM3\ARM_GCC_541\Debug\Cm3Start.o
 .data.impure_data
                0x1fff80d0       0x60 c:/program files (x86)/cypress/psoc creator/4.2/psoc creator/import/gnu/arm/5.4.1/bin/../lib/gcc/arm-none-eabi/5.4.1/../../../../arm-none-eabi/lib/armv7-m\libg_nano.a(lib_a-impure.o)
 .data._impure_ptr
                0x1fff8130        0x4 c:/program files (x86)/cypress/psoc creator/4.2/psoc creator/import/gnu/arm/5.4.1/bin/../lib/gcc/arm-none-eabi/5.4.1/../../../../arm-none-eabi/lib/armv7-m\libg_nano.a(lib_a-impure.o)
                0x1fff8130                _impure_ptr
 .data.lconv    0x1fff8134       0x38 c:/program files (x86)/cypress/psoc creator/4.2/psoc creator/import/gnu/arm/5.4.1/bin/../lib/gcc/arm-none-eabi/5.4.1/../../../../arm-none-eabi/lib/armv7-m\libg_nano.a(lib_a-locale.o)
                0x1fff8170                . = ALIGN (0x8)
 *fill*         0x1fff816c        0x4 
 *(.ram)
                0x1fff8170                _edata = .

.igot.plt       0x1fff8170        0x0 load address 0x00002df8
 .igot.plt      0x1fff8170        0x0 c:/program files (x86)/cypress/psoc creator/4.2/psoc creator/import/gnu/arm/5.4.1/bin/../lib/gcc/arm-none-eabi/5.4.1/armv7-m/crtbegin.o

.bss            0x1fff8170       0x30 load address 0x00002df8
                0x1fff8170                PROVIDE (__bss_start__, .)
 *(.shbss)
 *(.bss .bss.* .gnu.linkonce.b.*)
 .bss           0x1fff8170       0x1c c:/program files (x86)/cypress/psoc creator/4.2/psoc creator/import/gnu/arm/5.4.1/bin/../lib/gcc/arm-none-eabi/5.4.1/armv7-m/crtbegin.o
 .bss           0x1fff818c        0x2 .\CortexM3\ARM_GCC_541\Debug\DC-Motor-PWM.a(UART_1.o)
                0x1fff818c                UART_1_initVar
 .bss           0x1fff818e        0x1 .\CortexM3\ARM_GCC_541\Debug\DC-Motor-PWM.a(PWM_1.o)
                0x1fff818e                PWM_1_initVar
 *fill*         0x1fff818f        0x1 
 .bss.__malloc_sbrk_start
                0x1fff8190        0x4 c:/program files (x86)/cypress/psoc creator/4.2/psoc creator/import/gnu/arm/5.4.1/bin/../lib/gcc/arm-none-eabi/5.4.1/../../../../arm-none-eabi/lib/armv7-m\libg_nano.a(lib_a-nano-mallocr.o)
                0x1fff8190                __malloc_sbrk_start
 .bss.__malloc_free_list
                0x1fff8194        0x4 c:/program files (x86)/cypress/psoc creator/4.2/psoc creator/import/gnu/arm/5.4.1/bin/../lib/gcc/arm-none-eabi/5.4.1/../../../../arm-none-eabi/lib/armv7-m\libg_nano.a(lib_a-nano-mallocr.o)
                0x1fff8194                __malloc_free_list
 *(COMMON)
 COMMON         0x1fff8198        0x4 c:/program files (x86)/cypress/psoc creator/4.2/psoc creator/import/gnu/arm/5.4.1/bin/../lib/gcc/arm-none-eabi/5.4.1/../../../../arm-none-eabi/lib/armv7-m\libg_nano.a(lib_a-reent.o)
                0x1fff8198                errno
                0x1fff81a0                . = ALIGN (0x8)
 *fill*         0x1fff819c        0x4 
 *(.ram.b)
                0x1fff81a0                _end = .
                0x1fff81a0                __end = .
                0x1fff81a0                PROVIDE (end, .)
                0x1fff81a0                PROVIDE (__bss_end__, .)
                0x00002d50                __cy_region_init_ram = LOADADDR (.data)
                0x000000a8                __cy_region_init_size_ram = (_edata - ADDR (.data))
                0x00000030                __cy_region_zero_size_ram = (_end - _edata)

.heap           0x1fff81a0      0x200 load address 0x00002df8
                0x1fff81a0                . = _end
                0x1fff83a0                . = (. + 0x200)
 *fill*         0x1fff81a0      0x200 
                0x1fff83a0                __cy_heap_limit = .

.stack          0x20007800      0x800
                0x20007800                __cy_stack_limit = .
                0x20008000                . = (. + 0x800)
 *fill*         0x20007800      0x800 
                0x00000001                ASSERT ((__cy_stack_limit >= __cy_heap_limit), region RAM overflowed with stack)
                0x00000000                cy_checksum_exclude_size = (CY_APPL_LOADABLE == 0x1)?SIZEOF (.cy_checksum_exclude):0x0
                0x00000001                ASSERT ((cy_checksum_exclude_size <= CY_CHECKSUM_EXCLUDE_SIZE), CY_BOOT: Section .cy_checksum_exclude size exceedes specified limit.)

.cyloadermeta
 *(.cyloadermeta)

.cyloadablemeta
 *(.cyloadablemeta)

.cyconfigecc    0x80000000      0x430
 *(.cyconfigecc)
 .cyconfigecc   0x80000000      0x430 .\CortexM3\ARM_GCC_541\Debug\cymetadata.o
                0x80000000                cy_meta_configecc

.cycustnvl      0x90000000        0x4
 *(.cycustnvl)
 .cycustnvl     0x90000000        0x4 .\CortexM3\ARM_GCC_541\Debug\cymetadata.o
                0x90000000                cy_meta_custnvl

.cywolatch      0x90100000        0x4
 *(.cywolatch)
 .cywolatch     0x90100000        0x4 .\CortexM3\ARM_GCC_541\Debug\cymetadata.o
                0x90100000                cy_meta_wonvl

.cyeeprom       0x90200000        0x0
 *(.cyeeprom)
                0x00000001                ASSERT ((. <= ((0x90200000 + ee_offset) + ee_size)), .cyeeprom data will not fit in EEPROM)

.cyflashprotect
                0x90400000      0x100
 *(.cyflashprotect)
 .cyflashprotect
                0x90400000      0x100 .\CortexM3\ARM_GCC_541\Debug\cymetadata.o
                0x90400000                cy_meta_flashprotect

.cymeta         0x90500000        0xc
 *(.cymeta)
 .cymeta        0x90500000        0xc .\CortexM3\ARM_GCC_541\Debug\cymetadata.o
                0x90500000                cy_metadata

.rel.dyn        0x00002df8        0x0 load address 0x9050000c
 .rel.iplt      0x00002df8        0x0 c:/program files (x86)/cypress/psoc creator/4.2/psoc creator/import/gnu/arm/5.4.1/bin/../lib/gcc/arm-none-eabi/5.4.1/armv7-m/crtbegin.o

.stab
 *(.stab)

.stabstr
 *(.stabstr)

.debug
 *(.debug)

.line
 *(.line)

.debug_srcinfo
 *(.debug_srcinfo)

.debug_sfnames
 *(.debug_sfnames)

.debug_aranges  0x00000000      0x848
 *(.debug_aranges)
 .debug_aranges
                0x00000000       0x58 .\CortexM3\ARM_GCC_541\Debug\main.o
 .debug_aranges
                0x00000058       0x58 .\CortexM3\ARM_GCC_541\Debug\cyfitter_cfg.o
 .debug_aranges
                0x000000b0       0x18 .\CortexM3\ARM_GCC_541\Debug\cymetadata.o
 .debug_aranges
                0x000000c8       0x48 .\CortexM3\ARM_GCC_541\Debug\Cm3Start.o
 .debug_aranges
                0x00000110       0xf0 .\CortexM3\ARM_GCC_541\Debug\DC-Motor-PWM.a(UART_1.o)
 .debug_aranges
                0x00000200       0x80 .\CortexM3\ARM_GCC_541\Debug\DC-Motor-PWM.a(isr_uart_rx.o)
 .debug_aranges
                0x00000280       0x98 .\CortexM3\ARM_GCC_541\Debug\DC-Motor-PWM.a(PWM_1.o)
 .debug_aranges
                0x00000318       0x70 .\CortexM3\ARM_GCC_541\Debug\DC-Motor-PWM.a(UART_1_IntClock.o)
 .debug_aranges
                0x00000388      0x2a0 .\CortexM3\ARM_GCC_541\Debug\DC-Motor-PWM.a(CyLib.o)
 .debug_aranges
                0x00000628       0x98 .\CortexM3\ARM_GCC_541\Debug\DC-Motor-PWM.a(cyPm.o)
 .debug_aranges
                0x000006c0       0x38 .\CortexM3\ARM_GCC_541\Debug\DC-Motor-PWM.a(Pin_Out1.o)
 .debug_aranges
                0x000006f8       0x38 .\CortexM3\ARM_GCC_541\Debug\DC-Motor-PWM.a(Pin_Out2.o)
 .debug_aranges
                0x00000730       0x20 .\CortexM3\ARM_GCC_541\Debug\DC-Motor-PWM.a(CyBootAsmGnu.o)
 .debug_aranges
                0x00000750       0x80 .\CortexM3\ARM_GCC_541\Debug\DC-Motor-PWM.a(CyFlash.o)
 .debug_aranges
                0x000007d0       0x78 .\CortexM3\ARM_GCC_541\Debug\DC-Motor-PWM.a(CySpc.o)

.debug_pubnames
 *(.debug_pubnames)

.debug_info     0x00000000     0x47ba
 *(.debug_info .gnu.linkonce.wi.*)
 .debug_info    0x00000000      0x432 .\CortexM3\ARM_GCC_541\Debug\main.o
 .debug_info    0x00000432      0x4ee .\CortexM3\ARM_GCC_541\Debug\cyfitter_cfg.o
 .debug_info    0x00000920      0x135 .\CortexM3\ARM_GCC_541\Debug\cymetadata.o
 .debug_info    0x00000a55      0x3b5 .\CortexM3\ARM_GCC_541\Debug\Cm3Start.o
 .debug_info    0x00000e0a      0x60c .\CortexM3\ARM_GCC_541\Debug\DC-Motor-PWM.a(UART_1.o)
 .debug_info    0x00001416      0x2d2 .\CortexM3\ARM_GCC_541\Debug\DC-Motor-PWM.a(isr_uart_rx.o)
 .debug_info    0x000016e8      0x334 .\CortexM3\ARM_GCC_541\Debug\DC-Motor-PWM.a(PWM_1.o)
 .debug_info    0x00001a1c      0x283 .\CortexM3\ARM_GCC_541\Debug\DC-Motor-PWM.a(UART_1_IntClock.o)
 .debug_info    0x00001c9f     0x1374 .\CortexM3\ARM_GCC_541\Debug\DC-Motor-PWM.a(CyLib.o)
 .debug_info    0x00003013      0xa1d .\CortexM3\ARM_GCC_541\Debug\DC-Motor-PWM.a(cyPm.o)
 .debug_info    0x00003a30      0x11f .\CortexM3\ARM_GCC_541\Debug\DC-Motor-PWM.a(Pin_Out1.o)
 .debug_info    0x00003b4f      0x11f .\CortexM3\ARM_GCC_541\Debug\DC-Motor-PWM.a(Pin_Out2.o)
 .debug_info    0x00003c6e       0xab .\CortexM3\ARM_GCC_541\Debug\DC-Motor-PWM.a(CyBootAsmGnu.o)
 .debug_info    0x00003d19      0x5b8 .\CortexM3\ARM_GCC_541\Debug\DC-Motor-PWM.a(CyFlash.o)
 .debug_info    0x000042d1      0x4e9 .\CortexM3\ARM_GCC_541\Debug\DC-Motor-PWM.a(CySpc.o)

.debug_abbrev   0x00000000     0x12f0
 *(.debug_abbrev)
 .debug_abbrev  0x00000000       0xf1 .\CortexM3\ARM_GCC_541\Debug\main.o
 .debug_abbrev  0x000000f1      0x1fe .\CortexM3\ARM_GCC_541\Debug\cyfitter_cfg.o
 .debug_abbrev  0x000002ef       0x66 .\CortexM3\ARM_GCC_541\Debug\cymetadata.o
 .debug_abbrev  0x00000355      0x1e8 .\CortexM3\ARM_GCC_541\Debug\Cm3Start.o
 .debug_abbrev  0x0000053d      0x175 .\CortexM3\ARM_GCC_541\Debug\DC-Motor-PWM.a(UART_1.o)
 .debug_abbrev  0x000006b2      0x173 .\CortexM3\ARM_GCC_541\Debug\DC-Motor-PWM.a(isr_uart_rx.o)
 .debug_abbrev  0x00000825      0x133 .\CortexM3\ARM_GCC_541\Debug\DC-Motor-PWM.a(PWM_1.o)
 .debug_abbrev  0x00000958      0x139 .\CortexM3\ARM_GCC_541\Debug\DC-Motor-PWM.a(UART_1_IntClock.o)
 .debug_abbrev  0x00000a91      0x254 .\CortexM3\ARM_GCC_541\Debug\DC-Motor-PWM.a(CyLib.o)
 .debug_abbrev  0x00000ce5      0x1ab .\CortexM3\ARM_GCC_541\Debug\DC-Motor-PWM.a(cyPm.o)
 .debug_abbrev  0x00000e90       0x90 .\CortexM3\ARM_GCC_541\Debug\DC-Motor-PWM.a(Pin_Out1.o)
 .debug_abbrev  0x00000f20       0x90 .\CortexM3\ARM_GCC_541\Debug\DC-Motor-PWM.a(Pin_Out2.o)
 .debug_abbrev  0x00000fb0       0x14 .\CortexM3\ARM_GCC_541\Debug\DC-Motor-PWM.a(CyBootAsmGnu.o)
 .debug_abbrev  0x00000fc4      0x198 .\CortexM3\ARM_GCC_541\Debug\DC-Motor-PWM.a(CyFlash.o)
 .debug_abbrev  0x0000115c      0x194 .\CortexM3\ARM_GCC_541\Debug\DC-Motor-PWM.a(CySpc.o)

.debug_line     0x00000000     0x1faf
 *(.debug_line)
 .debug_line    0x00000000      0x236 .\CortexM3\ARM_GCC_541\Debug\main.o
 .debug_line    0x00000236      0x1da .\CortexM3\ARM_GCC_541\Debug\cyfitter_cfg.o
 .debug_line    0x00000410      0x141 .\CortexM3\ARM_GCC_541\Debug\cymetadata.o
 .debug_line    0x00000551      0x234 .\CortexM3\ARM_GCC_541\Debug\Cm3Start.o
 .debug_line    0x00000785      0x2c0 .\CortexM3\ARM_GCC_541\Debug\DC-Motor-PWM.a(UART_1.o)
 .debug_line    0x00000a45      0x138 .\CortexM3\ARM_GCC_541\Debug\DC-Motor-PWM.a(isr_uart_rx.o)
 .debug_line    0x00000b7d      0x185 .\CortexM3\ARM_GCC_541\Debug\DC-Motor-PWM.a(PWM_1.o)
 .debug_line    0x00000d02      0x17e .\CortexM3\ARM_GCC_541\Debug\DC-Motor-PWM.a(UART_1_IntClock.o)
 .debug_line    0x00000e80      0x816 .\CortexM3\ARM_GCC_541\Debug\DC-Motor-PWM.a(CyLib.o)
 .debug_line    0x00001696      0x364 .\CortexM3\ARM_GCC_541\Debug\DC-Motor-PWM.a(cyPm.o)
 .debug_line    0x000019fa       0x95 .\CortexM3\ARM_GCC_541\Debug\DC-Motor-PWM.a(Pin_Out1.o)
 .debug_line    0x00001a8f       0x95 .\CortexM3\ARM_GCC_541\Debug\DC-Motor-PWM.a(Pin_Out2.o)
 .debug_line    0x00001b24       0x66 .\CortexM3\ARM_GCC_541\Debug\DC-Motor-PWM.a(CyBootAsmGnu.o)
 .debug_line    0x00001b8a      0x1e9 .\CortexM3\ARM_GCC_541\Debug\DC-Motor-PWM.a(CyFlash.o)
 .debug_line    0x00001d73      0x23c .\CortexM3\ARM_GCC_541\Debug\DC-Motor-PWM.a(CySpc.o)

.debug_frame    0x00000000     0x1b3c
 *(.debug_frame)
 .debug_frame   0x00000000       0xf4 .\CortexM3\ARM_GCC_541\Debug\main.o
 .debug_frame   0x000000f4       0xe4 .\CortexM3\ARM_GCC_541\Debug\cyfitter_cfg.o
 .debug_frame   0x000001d8       0xb8 .\CortexM3\ARM_GCC_541\Debug\Cm3Start.o
 .debug_frame   0x00000290      0x250 .\CortexM3\ARM_GCC_541\Debug\DC-Motor-PWM.a(UART_1.o)
 .debug_frame   0x000004e0      0x104 .\CortexM3\ARM_GCC_541\Debug\DC-Motor-PWM.a(isr_uart_rx.o)
 .debug_frame   0x000005e4      0x134 .\CortexM3\ARM_GCC_541\Debug\DC-Motor-PWM.a(PWM_1.o)
 .debug_frame   0x00000718       0xe0 .\CortexM3\ARM_GCC_541\Debug\DC-Motor-PWM.a(UART_1_IntClock.o)
 .debug_frame   0x000007f8      0x738 .\CortexM3\ARM_GCC_541\Debug\DC-Motor-PWM.a(CyLib.o)
 .debug_frame   0x00000f30      0x1f8 .\CortexM3\ARM_GCC_541\Debug\DC-Motor-PWM.a(cyPm.o)
 .debug_frame   0x00001128       0x50 .\CortexM3\ARM_GCC_541\Debug\DC-Motor-PWM.a(Pin_Out1.o)
 .debug_frame   0x00001178       0x50 .\CortexM3\ARM_GCC_541\Debug\DC-Motor-PWM.a(Pin_Out2.o)
 .debug_frame   0x000011c8      0x174 .\CortexM3\ARM_GCC_541\Debug\DC-Motor-PWM.a(CyFlash.o)
 .debug_frame   0x0000133c      0x160 .\CortexM3\ARM_GCC_541\Debug\DC-Motor-PWM.a(CySpc.o)
 .debug_frame   0x0000149c       0x20 c:/program files (x86)/cypress/psoc creator/4.2/psoc creator/import/gnu/arm/5.4.1/bin/../lib/gcc/arm-none-eabi/5.4.1/../../../../arm-none-eabi/lib/armv7-m\libg_nano.a(lib_a-errno.o)
 .debug_frame   0x000014bc       0x28 c:/program files (x86)/cypress/psoc creator/4.2/psoc creator/import/gnu/arm/5.4.1/bin/../lib/gcc/arm-none-eabi/5.4.1/../../../../arm-none-eabi/lib/armv7-m\libg_nano.a(lib_a-exit.o)
 .debug_frame   0x000014e4       0x2c c:/program files (x86)/cypress/psoc creator/4.2/psoc creator/import/gnu/arm/5.4.1/bin/../lib/gcc/arm-none-eabi/5.4.1/../../../../arm-none-eabi/lib/armv7-m\libg_nano.a(lib_a-init.o)
 .debug_frame   0x00001510       0x28 c:/program files (x86)/cypress/psoc creator/4.2/psoc creator/import/gnu/arm/5.4.1/bin/../lib/gcc/arm-none-eabi/5.4.1/../../../../arm-none-eabi/lib/armv7-m\libg_nano.a(lib_a-memcpy-stub.o)
 .debug_frame   0x00001538       0x20 c:/program files (x86)/cypress/psoc creator/4.2/psoc creator/import/gnu/arm/5.4.1/bin/../lib/gcc/arm-none-eabi/5.4.1/../../../../arm-none-eabi/lib/armv7-m\libg_nano.a(lib_a-memset.o)
 .debug_frame   0x00001558       0x8c c:/program files (x86)/cypress/psoc creator/4.2/psoc creator/import/gnu/arm/5.4.1/bin/../lib/gcc/arm-none-eabi/5.4.1/../../../../arm-none-eabi/lib/armv7-m\libg_nano.a(lib_a-nano-vfprintf_float.o)
 .debug_frame   0x000015e4       0x60 c:/program files (x86)/cypress/psoc creator/4.2/psoc creator/import/gnu/arm/5.4.1/bin/../lib/gcc/arm-none-eabi/5.4.1/../../../../arm-none-eabi/lib/armv7-m\libg_nano.a(lib_a-nano-vfprintf_i.o)
 .debug_frame   0x00001644       0x6c c:/program files (x86)/cypress/psoc creator/4.2/psoc creator/import/gnu/arm/5.4.1/bin/../lib/gcc/arm-none-eabi/5.4.1/../../../../arm-none-eabi/lib/armv7-m\libg_nano.a(lib_a-dtoa.o)
 .debug_frame   0x000016b0       0x98 c:/program files (x86)/cypress/psoc creator/4.2/psoc creator/import/gnu/arm/5.4.1/bin/../lib/gcc/arm-none-eabi/5.4.1/../../../../arm-none-eabi/lib/armv7-m\libg_nano.a(lib_a-locale.o)
 .debug_frame   0x00001748       0x30 c:/program files (x86)/cypress/psoc creator/4.2/psoc creator/import/gnu/arm/5.4.1/bin/../lib/gcc/arm-none-eabi/5.4.1/../../../../arm-none-eabi/lib/armv7-m\libg_nano.a(lib_a-malloc.o)
 .debug_frame   0x00001778       0x28 c:/program files (x86)/cypress/psoc creator/4.2/psoc creator/import/gnu/arm/5.4.1/bin/../lib/gcc/arm-none-eabi/5.4.1/../../../../arm-none-eabi/lib/armv7-m\libg_nano.a(lib_a-memchr-stub.o)
 .debug_frame   0x000017a0      0x234 c:/program files (x86)/cypress/psoc creator/4.2/psoc creator/import/gnu/arm/5.4.1/bin/../lib/gcc/arm-none-eabi/5.4.1/../../../../arm-none-eabi/lib/armv7-m\libg_nano.a(lib_a-mprec.o)
 .debug_frame   0x000019d4       0x2c c:/program files (x86)/cypress/psoc creator/4.2/psoc creator/import/gnu/arm/5.4.1/bin/../lib/gcc/arm-none-eabi/5.4.1/../../../../arm-none-eabi/lib/armv7-m\libg_nano.a(lib_a-nano-callocr.o)
 .debug_frame   0x00001a00       0x38 c:/program files (x86)/cypress/psoc creator/4.2/psoc creator/import/gnu/arm/5.4.1/bin/../lib/gcc/arm-none-eabi/5.4.1/../../../../arm-none-eabi/lib/armv7-m\libg_nano.a(lib_a-nano-freer.o)
 .debug_frame   0x00001a38       0x2c c:/program files (x86)/cypress/psoc creator/4.2/psoc creator/import/gnu/arm/5.4.1/bin/../lib/gcc/arm-none-eabi/5.4.1/../../../../arm-none-eabi/lib/armv7-m\libg_nano.a(lib_a-nano-mallocr.o)
 .debug_frame   0x00001a64       0x2c c:/program files (x86)/cypress/psoc creator/4.2/psoc creator/import/gnu/arm/5.4.1/bin/../lib/gcc/arm-none-eabi/5.4.1/../../../../arm-none-eabi/lib/armv7-m\libg_nano.a(lib_a-sbrkr.o)
 .debug_frame   0x00001a90       0x20 c:/program files (x86)/cypress/psoc creator/4.2/psoc creator/import/gnu/arm/5.4.1/bin/../lib/gcc/arm-none-eabi/5.4.1/../../../../arm-none-eabi/lib/armv7-m\libg_nano.a(lib_a-strcmp.o)
 .debug_frame   0x00001ab0       0x30 c:/program files (x86)/cypress/psoc creator/4.2/psoc creator/import/gnu/arm/5.4.1/bin/../lib/gcc/arm-none-eabi/5.4.1/../../../../arm-none-eabi/lib/armv7-m\libg_nano.a(lib_a-mlock.o)
 .debug_frame   0x00001ae0       0x5c c:/program files (x86)/cypress/psoc creator/4.2/psoc creator/import/gnu/arm/5.4.1/bin/../lib/gcc/arm-none-eabi/5.4.1/../../../../arm-none-eabi/lib/armv7-m\libg_nano.a(lib_a-reent.o)

.debug_str      0x00000000     0x1b52
 *(.debug_str)
 .debug_str     0x00000000      0x2be .\CortexM3\ARM_GCC_541\Debug\main.o
                                0x30e (size before relaxing)
 .debug_str     0x000002be      0x187 .\CortexM3\ARM_GCC_541\Debug\cyfitter_cfg.o
                                0x32a (size before relaxing)
 .debug_str     0x00000445       0x75 .\CortexM3\ARM_GCC_541\Debug\cymetadata.o
                                0x1ff (size before relaxing)
 .debug_str     0x000004ba      0x144 .\CortexM3\ARM_GCC_541\Debug\Cm3Start.o
                                0x325 (size before relaxing)
 .debug_str     0x000005fe      0x2b8 .\CortexM3\ARM_GCC_541\Debug\DC-Motor-PWM.a(UART_1.o)
                                0x4ce (size before relaxing)
 .debug_str     0x000008b6      0x13e .\CortexM3\ARM_GCC_541\Debug\DC-Motor-PWM.a(isr_uart_rx.o)
                                0x315 (size before relaxing)
 .debug_str     0x000009f4      0x165 .\CortexM3\ARM_GCC_541\Debug\DC-Motor-PWM.a(PWM_1.o)
                                0x36c (size before relaxing)
 .debug_str     0x00000b59      0x19d .\CortexM3\ARM_GCC_541\Debug\DC-Motor-PWM.a(UART_1_IntClock.o)
                                0x369 (size before relaxing)
 .debug_str     0x00000cf6      0x7fa .\CortexM3\ARM_GCC_541\Debug\DC-Motor-PWM.a(CyLib.o)
                                0xa62 (size before relaxing)
 .debug_str     0x000014f0      0x359 .\CortexM3\ARM_GCC_541\Debug\DC-Motor-PWM.a(cyPm.o)
                                0x742 (size before relaxing)
 .debug_str     0x00001849       0x66 .\CortexM3\ARM_GCC_541\Debug\DC-Motor-PWM.a(Pin_Out1.o)
                                0x20c (size before relaxing)
 .debug_str     0x000018af       0x5b .\CortexM3\ARM_GCC_541\Debug\DC-Motor-PWM.a(Pin_Out2.o)
                                0x20c (size before relaxing)
 .debug_str     0x0000190a      0x19c .\CortexM3\ARM_GCC_541\Debug\DC-Motor-PWM.a(CyFlash.o)
                                0x3bc (size before relaxing)
 .debug_str     0x00001aa6       0xac .\CortexM3\ARM_GCC_541\Debug\DC-Motor-PWM.a(CySpc.o)
                                0x345 (size before relaxing)

.debug_loc      0x00000000     0x1d89
 *(.debug_loc)
 .debug_loc     0x00000000       0xb6 .\CortexM3\ARM_GCC_541\Debug\main.o
 .debug_loc     0x000000b6      0x1d7 .\CortexM3\ARM_GCC_541\Debug\cyfitter_cfg.o
 .debug_loc     0x0000028d      0x144 .\CortexM3\ARM_GCC_541\Debug\Cm3Start.o
 .debug_loc     0x000003d1      0x258 .\CortexM3\ARM_GCC_541\Debug\DC-Motor-PWM.a(UART_1.o)
 .debug_loc     0x00000629       0x56 .\CortexM3\ARM_GCC_541\Debug\DC-Motor-PWM.a(isr_uart_rx.o)
 .debug_loc     0x0000067f       0x26 .\CortexM3\ARM_GCC_541\Debug\DC-Motor-PWM.a(PWM_1.o)
 .debug_loc     0x000006a5      0x12c .\CortexM3\ARM_GCC_541\Debug\DC-Motor-PWM.a(UART_1_IntClock.o)
 .debug_loc     0x000007d1      0xa11 .\CortexM3\ARM_GCC_541\Debug\DC-Motor-PWM.a(CyLib.o)
 .debug_loc     0x000011e2      0x1e4 .\CortexM3\ARM_GCC_541\Debug\DC-Motor-PWM.a(cyPm.o)
 .debug_loc     0x000013c6       0x42 .\CortexM3\ARM_GCC_541\Debug\DC-Motor-PWM.a(Pin_Out1.o)
 .debug_loc     0x00001408       0x42 .\CortexM3\ARM_GCC_541\Debug\DC-Motor-PWM.a(Pin_Out2.o)
 .debug_loc     0x0000144a      0x2f2 .\CortexM3\ARM_GCC_541\Debug\DC-Motor-PWM.a(CyFlash.o)
 .debug_loc     0x0000173c      0x64d .\CortexM3\ARM_GCC_541\Debug\DC-Motor-PWM.a(CySpc.o)

.debug_macinfo
 *(.debug_macinfo)

.debug_ranges   0x00000000      0x740
 *(.debug_ranges)
 .debug_ranges  0x00000000       0x48 .\CortexM3\ARM_GCC_541\Debug\main.o
 .debug_ranges  0x00000048       0x48 .\CortexM3\ARM_GCC_541\Debug\cyfitter_cfg.o
 .debug_ranges  0x00000090       0x38 .\CortexM3\ARM_GCC_541\Debug\Cm3Start.o
 .debug_ranges  0x000000c8       0xe0 .\CortexM3\ARM_GCC_541\Debug\DC-Motor-PWM.a(UART_1.o)
 .debug_ranges  0x000001a8       0x70 .\CortexM3\ARM_GCC_541\Debug\DC-Motor-PWM.a(isr_uart_rx.o)
 .debug_ranges  0x00000218       0x88 .\CortexM3\ARM_GCC_541\Debug\DC-Motor-PWM.a(PWM_1.o)
 .debug_ranges  0x000002a0       0x60 .\CortexM3\ARM_GCC_541\Debug\DC-Motor-PWM.a(UART_1_IntClock.o)
 .debug_ranges  0x00000300      0x290 .\CortexM3\ARM_GCC_541\Debug\DC-Motor-PWM.a(CyLib.o)
 .debug_ranges  0x00000590       0x88 .\CortexM3\ARM_GCC_541\Debug\DC-Motor-PWM.a(cyPm.o)
 .debug_ranges  0x00000618       0x28 .\CortexM3\ARM_GCC_541\Debug\DC-Motor-PWM.a(Pin_Out1.o)
 .debug_ranges  0x00000640       0x28 .\CortexM3\ARM_GCC_541\Debug\DC-Motor-PWM.a(Pin_Out2.o)
 .debug_ranges  0x00000668       0x70 .\CortexM3\ARM_GCC_541\Debug\DC-Motor-PWM.a(CyFlash.o)
 .debug_ranges  0x000006d8       0x68 .\CortexM3\ARM_GCC_541\Debug\DC-Motor-PWM.a(CySpc.o)

.comment        0x00000000       0x6e
 .comment       0x00000000       0x6e .\CortexM3\ARM_GCC_541\Debug\main.o
                                 0x6f (size before relaxing)
 .comment       0x0000006e       0x6f .\CortexM3\ARM_GCC_541\Debug\cyfitter_cfg.o
 .comment       0x0000006e       0x6f .\CortexM3\ARM_GCC_541\Debug\cymetadata.o
 .comment       0x0000006e       0x6f .\CortexM3\ARM_GCC_541\Debug\Cm3Start.o
 .comment       0x0000006e       0x6f .\CortexM3\ARM_GCC_541\Debug\DC-Motor-PWM.a(UART_1.o)
 .comment       0x0000006e       0x6f .\CortexM3\ARM_GCC_541\Debug\DC-Motor-PWM.a(isr_uart_rx.o)
 .comment       0x0000006e       0x6f .\CortexM3\ARM_GCC_541\Debug\DC-Motor-PWM.a(PWM_1.o)
 .comment       0x0000006e       0x6f .\CortexM3\ARM_GCC_541\Debug\DC-Motor-PWM.a(UART_1_IntClock.o)
 .comment       0x0000006e       0x6f .\CortexM3\ARM_GCC_541\Debug\DC-Motor-PWM.a(CyLib.o)
 .comment       0x0000006e       0x6f .\CortexM3\ARM_GCC_541\Debug\DC-Motor-PWM.a(cyPm.o)
 .comment       0x0000006e       0x6f .\CortexM3\ARM_GCC_541\Debug\DC-Motor-PWM.a(Pin_Out1.o)
 .comment       0x0000006e       0x6f .\CortexM3\ARM_GCC_541\Debug\DC-Motor-PWM.a(Pin_Out2.o)
 .comment       0x0000006e       0x6f .\CortexM3\ARM_GCC_541\Debug\DC-Motor-PWM.a(CyFlash.o)
 .comment       0x0000006e       0x6f .\CortexM3\ARM_GCC_541\Debug\DC-Motor-PWM.a(CySpc.o)

.debug_weaknames
 *(.debug_weaknames)

.debug_funcnames
 *(.debug_funcnames)

.debug_typenames
 *(.debug_typenames)

.debug_varnames
 *(.debug_varnames)

.note.gnu.arm.ident
 *(.note.gnu.arm.ident)

.ARM.attributes
                0x00000000       0x29
 *(.ARM.attributes)
 .ARM.attributes
                0x00000000       0x1d c:/program files (x86)/cypress/psoc creator/4.2/psoc creator/import/gnu/arm/5.4.1/bin/../lib/gcc/arm-none-eabi/5.4.1/armv7-m/crti.o
 .ARM.attributes
                0x0000001d       0x2d c:/program files (x86)/cypress/psoc creator/4.2/psoc creator/import/gnu/arm/5.4.1/bin/../lib/gcc/arm-none-eabi/5.4.1/armv7-m/crtbegin.o
 .ARM.attributes
                0x0000004a       0x1b c:/program files (x86)/cypress/psoc creator/4.2/psoc creator/import/gnu/arm/5.4.1/bin/../lib/gcc/arm-none-eabi/5.4.1/../../../../arm-none-eabi/lib/armv7-m/crt0.o
 .ARM.attributes
                0x00000065       0x33 .\CortexM3\ARM_GCC_541\Debug\main.o
 .ARM.attributes
                0x00000098       0x33 .\CortexM3\ARM_GCC_541\Debug\cyfitter_cfg.o
 .ARM.attributes
                0x000000cb       0x33 .\CortexM3\ARM_GCC_541\Debug\cymetadata.o
 .ARM.attributes
                0x000000fe       0x33 .\CortexM3\ARM_GCC_541\Debug\Cm3Start.o
 .ARM.attributes
                0x00000131       0x33 .\CortexM3\ARM_GCC_541\Debug\DC-Motor-PWM.a(UART_1.o)
 .ARM.attributes
                0x00000164       0x33 .\CortexM3\ARM_GCC_541\Debug\DC-Motor-PWM.a(isr_uart_rx.o)
 .ARM.attributes
                0x00000197       0x33 .\CortexM3\ARM_GCC_541\Debug\DC-Motor-PWM.a(PWM_1.o)
 .ARM.attributes
                0x000001ca       0x33 .\CortexM3\ARM_GCC_541\Debug\DC-Motor-PWM.a(UART_1_IntClock.o)
 .ARM.attributes
                0x000001fd       0x33 .\CortexM3\ARM_GCC_541\Debug\DC-Motor-PWM.a(CyLib.o)
 .ARM.attributes
                0x00000230       0x33 .\CortexM3\ARM_GCC_541\Debug\DC-Motor-PWM.a(cyPm.o)
 .ARM.attributes
                0x00000263       0x33 .\CortexM3\ARM_GCC_541\Debug\DC-Motor-PWM.a(Pin_Out1.o)
 .ARM.attributes
                0x00000296       0x33 .\CortexM3\ARM_GCC_541\Debug\DC-Motor-PWM.a(Pin_Out2.o)
 .ARM.attributes
                0x000002c9       0x21 .\CortexM3\ARM_GCC_541\Debug\DC-Motor-PWM.a(CyBootAsmGnu.o)
 .ARM.attributes
                0x000002ea       0x33 .\CortexM3\ARM_GCC_541\Debug\DC-Motor-PWM.a(CyFlash.o)
 .ARM.attributes
                0x0000031d       0x33 .\CortexM3\ARM_GCC_541\Debug\DC-Motor-PWM.a(CySpc.o)
 .ARM.attributes
                0x00000350       0x2d c:/program files (x86)/cypress/psoc creator/4.2/psoc creator/import/gnu/arm/5.4.1/bin/../lib/gcc/arm-none-eabi/5.4.1/../../../../arm-none-eabi/lib/armv7-m\libg_nano.a(lib_a-errno.o)
 .ARM.attributes
                0x0000037d       0x2d c:/program files (x86)/cypress/psoc creator/4.2/psoc creator/import/gnu/arm/5.4.1/bin/../lib/gcc/arm-none-eabi/5.4.1/../../../../arm-none-eabi/lib/armv7-m\libg_nano.a(lib_a-exit.o)
 .ARM.attributes
                0x000003aa       0x2d c:/program files (x86)/cypress/psoc creator/4.2/psoc creator/import/gnu/arm/5.4.1/bin/../lib/gcc/arm-none-eabi/5.4.1/../../../../arm-none-eabi/lib/armv7-m\libg_nano.a(lib_a-impure.o)
 .ARM.attributes
                0x000003d7       0x2d c:/program files (x86)/cypress/psoc creator/4.2/psoc creator/import/gnu/arm/5.4.1/bin/../lib/gcc/arm-none-eabi/5.4.1/../../../../arm-none-eabi/lib/armv7-m\libg_nano.a(lib_a-init.o)
 .ARM.attributes
                0x00000404       0x2d c:/program files (x86)/cypress/psoc creator/4.2/psoc creator/import/gnu/arm/5.4.1/bin/../lib/gcc/arm-none-eabi/5.4.1/../../../../arm-none-eabi/lib/armv7-m\libg_nano.a(lib_a-memcpy-stub.o)
 .ARM.attributes
                0x00000431       0x2d c:/program files (x86)/cypress/psoc creator/4.2/psoc creator/import/gnu/arm/5.4.1/bin/../lib/gcc/arm-none-eabi/5.4.1/../../../../arm-none-eabi/lib/armv7-m\libg_nano.a(lib_a-memset.o)
 .ARM.attributes
                0x0000045e       0x2d c:/program files (x86)/cypress/psoc creator/4.2/psoc creator/import/gnu/arm/5.4.1/bin/../lib/gcc/arm-none-eabi/5.4.1/../../../../arm-none-eabi/lib/armv7-m\libg_nano.a(lib_a-nano-vfprintf_float.o)
 .ARM.attributes
                0x0000048b       0x2d c:/program files (x86)/cypress/psoc creator/4.2/psoc creator/import/gnu/arm/5.4.1/bin/../lib/gcc/arm-none-eabi/5.4.1/../../../../arm-none-eabi/lib/armv7-m\libg_nano.a(lib_a-nano-vfprintf_i.o)
 .ARM.attributes
                0x000004b8       0x17 c:/program files (x86)/cypress/psoc creator/4.2/psoc creator/import/gnu/arm/5.4.1/bin/../lib/gcc/arm-none-eabi/5.4.1/../../../../arm-none-eabi/lib/armv7-m\libg_nano.a(lib_a-strlen.o)
 .ARM.attributes
                0x000004cf       0x2d c:/program files (x86)/cypress/psoc creator/4.2/psoc creator/import/gnu/arm/5.4.1/bin/../lib/gcc/arm-none-eabi/5.4.1/../../../../arm-none-eabi/lib/armv7-m\libg_nano.a(lib_a-dtoa.o)
 .ARM.attributes
                0x000004fc       0x2d c:/program files (x86)/cypress/psoc creator/4.2/psoc creator/import/gnu/arm/5.4.1/bin/../lib/gcc/arm-none-eabi/5.4.1/../../../../arm-none-eabi/lib/armv7-m\libg_nano.a(lib_a-locale.o)
 .ARM.attributes
                0x00000529       0x2d c:/program files (x86)/cypress/psoc creator/4.2/psoc creator/import/gnu/arm/5.4.1/bin/../lib/gcc/arm-none-eabi/5.4.1/../../../../arm-none-eabi/lib/armv7-m\libg_nano.a(lib_a-malloc.o)
 .ARM.attributes
                0x00000556       0x2d c:/program files (x86)/cypress/psoc creator/4.2/psoc creator/import/gnu/arm/5.4.1/bin/../lib/gcc/arm-none-eabi/5.4.1/../../../../arm-none-eabi/lib/armv7-m\libg_nano.a(lib_a-memchr-stub.o)
 .ARM.attributes
                0x00000583       0x2d c:/program files (x86)/cypress/psoc creator/4.2/psoc creator/import/gnu/arm/5.4.1/bin/../lib/gcc/arm-none-eabi/5.4.1/../../../../arm-none-eabi/lib/armv7-m\libg_nano.a(lib_a-mprec.o)
 .ARM.attributes
                0x000005b0       0x2d c:/program files (x86)/cypress/psoc creator/4.2/psoc creator/import/gnu/arm/5.4.1/bin/../lib/gcc/arm-none-eabi/5.4.1/../../../../arm-none-eabi/lib/armv7-m\libg_nano.a(lib_a-nano-callocr.o)
 .ARM.attributes
                0x000005dd       0x2d c:/program files (x86)/cypress/psoc creator/4.2/psoc creator/import/gnu/arm/5.4.1/bin/../lib/gcc/arm-none-eabi/5.4.1/../../../../arm-none-eabi/lib/armv7-m\libg_nano.a(lib_a-nano-freer.o)
 .ARM.attributes
                0x0000060a       0x2d c:/program files (x86)/cypress/psoc creator/4.2/psoc creator/import/gnu/arm/5.4.1/bin/../lib/gcc/arm-none-eabi/5.4.1/../../../../arm-none-eabi/lib/armv7-m\libg_nano.a(lib_a-nano-mallocr.o)
 .ARM.attributes
                0x00000637       0x2d c:/program files (x86)/cypress/psoc creator/4.2/psoc creator/import/gnu/arm/5.4.1/bin/../lib/gcc/arm-none-eabi/5.4.1/../../../../arm-none-eabi/lib/armv7-m\libg_nano.a(lib_a-sbrkr.o)
 .ARM.attributes
                0x00000664       0x1b c:/program files (x86)/cypress/psoc creator/4.2/psoc creator/import/gnu/arm/5.4.1/bin/../lib/gcc/arm-none-eabi/5.4.1/../../../../arm-none-eabi/lib/armv7-m\libg_nano.a(lib_a-strcmp.o)
 .ARM.attributes
                0x0000067f       0x2d c:/program files (x86)/cypress/psoc creator/4.2/psoc creator/import/gnu/arm/5.4.1/bin/../lib/gcc/arm-none-eabi/5.4.1/../../../../arm-none-eabi/lib/armv7-m\libg_nano.a(lib_a-mlock.o)
 .ARM.attributes
                0x000006ac       0x2d c:/program files (x86)/cypress/psoc creator/4.2/psoc creator/import/gnu/arm/5.4.1/bin/../lib/gcc/arm-none-eabi/5.4.1/../../../../arm-none-eabi/lib/armv7-m\libg_nano.a(lib_a-reent.o)
 .ARM.attributes
                0x000006d9       0x1d c:/program files (x86)/cypress/psoc creator/4.2/psoc creator/import/gnu/arm/5.4.1/bin/../lib/gcc/arm-none-eabi/5.4.1/armv7-m\libgcc.a(_arm_addsubdf3.o)
 .ARM.attributes
                0x000006f6       0x1d c:/program files (x86)/cypress/psoc creator/4.2/psoc creator/import/gnu/arm/5.4.1/bin/../lib/gcc/arm-none-eabi/5.4.1/armv7-m\libgcc.a(_arm_muldivdf3.o)
 .ARM.attributes
                0x00000713       0x1d c:/program files (x86)/cypress/psoc creator/4.2/psoc creator/import/gnu/arm/5.4.1/bin/../lib/gcc/arm-none-eabi/5.4.1/armv7-m\libgcc.a(_arm_cmpdf2.o)
 .ARM.attributes
                0x00000730       0x1d c:/program files (x86)/cypress/psoc creator/4.2/psoc creator/import/gnu/arm/5.4.1/bin/../lib/gcc/arm-none-eabi/5.4.1/armv7-m\libgcc.a(_arm_unorddf2.o)
 .ARM.attributes
                0x0000074d       0x1d c:/program files (x86)/cypress/psoc creator/4.2/psoc creator/import/gnu/arm/5.4.1/bin/../lib/gcc/arm-none-eabi/5.4.1/armv7-m\libgcc.a(_arm_fixdfsi.o)
 .ARM.attributes
                0x0000076a       0x2d c:/program files (x86)/cypress/psoc creator/4.2/psoc creator/import/gnu/arm/5.4.1/bin/../lib/gcc/arm-none-eabi/5.4.1/armv7-m/crtend.o
 .ARM.attributes
                0x00000797       0x1d c:/program files (x86)/cypress/psoc creator/4.2/psoc creator/import/gnu/arm/5.4.1/bin/../lib/gcc/arm-none-eabi/5.4.1/armv7-m/crtn.o

/DISCARD/
 *(.note.GNU-stack)
OUTPUT(C:\Users\Ali\Documents\developmentFolders\GitHub\I3GFV_AlestoMare\Opgave1\DC-Motor-PWM.cydsn\CortexM3\ARM_GCC_541\Debug\DC-Motor-PWM.elf elf32-littlearm)
