Archive member included to satisfy reference by file (symbol)

.\CortexM3\ARM_GCC_541\Debug\Temperature-Control.a(CyLib.o)
                              .\CortexM3\ARM_GCC_541\Debug\Cm3Start.o (CyHalt)
.\CortexM3\ARM_GCC_541\Debug\Temperature-Control.a(cyPm.o)
                              .\CortexM3\ARM_GCC_541\Debug\Temperature-Control.a(CyLib.o) (CyPmReadStatus)
.\CortexM3\ARM_GCC_541\Debug\Temperature-Control.a(UART_1.o)
                              .\CortexM3\ARM_GCC_541\Debug\TempReader.o (UART_1_Start)
.\CortexM3\ARM_GCC_541\Debug\Temperature-Control.a(isr_uart_rx.o)
                              .\CortexM3\ARM_GCC_541\Debug\main.o (isr_uart_rx_StartEx)
.\CortexM3\ARM_GCC_541\Debug\Temperature-Control.a(I2C_1.o)
                              .\CortexM3\ARM_GCC_541\Debug\TempReader.o (I2C_1_Start)
.\CortexM3\ARM_GCC_541\Debug\Temperature-Control.a(I2C_1_INT.o)
                              .\CortexM3\ARM_GCC_541\Debug\Temperature-Control.a(I2C_1.o) (I2C_1_ISR)
.\CortexM3\ARM_GCC_541\Debug\Temperature-Control.a(I2C_1_MASTER.o)
                              .\CortexM3\ARM_GCC_541\Debug\Temperature-Control.a(I2C_1.o) (I2C_1_mstrStatus)
.\CortexM3\ARM_GCC_541\Debug\Temperature-Control.a(PWM_1.o)
                              .\CortexM3\ARM_GCC_541\Debug\main.o (PWM_1_WriteCompare)
.\CortexM3\ARM_GCC_541\Debug\Temperature-Control.a(UART_1_IntClock.o)
                              .\CortexM3\ARM_GCC_541\Debug\Temperature-Control.a(UART_1.o) (UART_1_IntClock_Start)
.\CortexM3\ARM_GCC_541\Debug\Temperature-Control.a(CyBootAsmGnu.o)
                              .\CortexM3\ARM_GCC_541\Debug\cyfitter_cfg.o (CyDelayCycles)
.\CortexM3\ARM_GCC_541\Debug\Temperature-Control.a(CyFlash.o)
                              .\CortexM3\ARM_GCC_541\Debug\Temperature-Control.a(cyPm.o) (CyFlash_SetWaitCycles)
.\CortexM3\ARM_GCC_541\Debug\Temperature-Control.a(CySpc.o)
                              .\CortexM3\ARM_GCC_541\Debug\Temperature-Control.a(CyFlash.o) (CySpcStart)
c:/program files (x86)/cypress/psoc creator/4.2/psoc creator/import/gnu/arm/5.4.1/bin/../lib/gcc/arm-none-eabi/5.4.1/armv7-m\libgcc.a(_arm_addsubdf3.o)
                              .\CortexM3\ARM_GCC_541\Debug\main.o (__aeabi_f2d)
c:/program files (x86)/cypress/psoc creator/4.2/psoc creator/import/gnu/arm/5.4.1/bin/../lib/gcc/arm-none-eabi/5.4.1/armv7-m\libgcc.a(_arm_addsubsf3.o)
                              .\CortexM3\ARM_GCC_541\Debug\main.o (__aeabi_fsub)
c:/program files (x86)/cypress/psoc creator/4.2/psoc creator/import/gnu/arm/5.4.1/bin/../lib/gcc/arm-none-eabi/5.4.1/armv7-m\libgcc.a(_arm_muldivsf3.o)
                              .\CortexM3\ARM_GCC_541\Debug\PIDControl.o (__aeabi_fmul)
c:/program files (x86)/cypress/psoc creator/4.2/psoc creator/import/gnu/arm/5.4.1/bin/../lib/gcc/arm-none-eabi/5.4.1/armv7-m\libgcc.a(_arm_cmpsf2.o)
                              .\CortexM3\ARM_GCC_541\Debug\PIDControl.o (__aeabi_fcmplt)
c:/program files (x86)/cypress/psoc creator/4.2/psoc creator/import/gnu/arm/5.4.1/bin/../lib/gcc/arm-none-eabi/5.4.1/armv7-m\libgcc.a(_arm_fixunssfsi.o)
                              .\CortexM3\ARM_GCC_541\Debug\main.o (__aeabi_f2uiz)
c:/program files (x86)/cypress/psoc creator/4.2/psoc creator/import/gnu/arm/5.4.1/bin/../lib/gcc/arm-none-eabi/5.4.1/../../../../arm-none-eabi/lib/armv7-m\libg_nano.a(lib_a-errno.o)
                              .\CortexM3\ARM_GCC_541\Debug\Cm3Start.o (__errno)
c:/program files (x86)/cypress/psoc creator/4.2/psoc creator/import/gnu/arm/5.4.1/bin/../lib/gcc/arm-none-eabi/5.4.1/../../../../arm-none-eabi/lib/armv7-m\libg_nano.a(lib_a-exit.o)
                              c:/program files (x86)/cypress/psoc creator/4.2/psoc creator/import/gnu/arm/5.4.1/bin/../lib/gcc/arm-none-eabi/5.4.1/../../../../arm-none-eabi/lib/armv7-m/crt0.o (exit)
c:/program files (x86)/cypress/psoc creator/4.2/psoc creator/import/gnu/arm/5.4.1/bin/../lib/gcc/arm-none-eabi/5.4.1/../../../../arm-none-eabi/lib/armv7-m\libg_nano.a(lib_a-impure.o)
                              c:/program files (x86)/cypress/psoc creator/4.2/psoc creator/import/gnu/arm/5.4.1/bin/../lib/gcc/arm-none-eabi/5.4.1/../../../../arm-none-eabi/lib/armv7-m\libg_nano.a(lib_a-exit.o) (_global_impure_ptr)
c:/program files (x86)/cypress/psoc creator/4.2/psoc creator/import/gnu/arm/5.4.1/bin/../lib/gcc/arm-none-eabi/5.4.1/../../../../arm-none-eabi/lib/armv7-m\libg_nano.a(lib_a-init.o)
                              c:/program files (x86)/cypress/psoc creator/4.2/psoc creator/import/gnu/arm/5.4.1/bin/../lib/gcc/arm-none-eabi/5.4.1/../../../../arm-none-eabi/lib/armv7-m/crt0.o (__libc_init_array)
c:/program files (x86)/cypress/psoc creator/4.2/psoc creator/import/gnu/arm/5.4.1/bin/../lib/gcc/arm-none-eabi/5.4.1/../../../../arm-none-eabi/lib/armv7-m\libg_nano.a(lib_a-memcpy-stub.o)
                              .\CortexM3\ARM_GCC_541\Debug\cyfitter_cfg.o (memcpy)
[...]
Memory Configuration

Name             Origin             Length             Attributes
rom              0x00000000         0x00040000         xr
ram              0x1fff8000         0x00010000         xrw
*default*        0x00000000         0xffffffff

Linker script and memory map

LOAD c:/program files (x86)/cypress/psoc creator/4.2/psoc creator/import/gnu/arm/5.4.1/bin/../lib/gcc/arm-none-eabi/5.4.1/armv7-m/crti.o
LOAD c:/program files (x86)/cypress/psoc creator/4.2/psoc creator/import/gnu/arm/5.4.1/bin/../lib/gcc/arm-none-eabi/5.4.1/armv7-m/crtbegin.o
LOAD c:/program files (x86)/cypress/psoc creator/4.2/psoc creator/import/gnu/arm/5.4.1/bin/../lib/gcc/arm-none-eabi/5.4.1/../../../../arm-none-eabi/lib/armv7-m/crt0.o
START GROUP
LOAD .\CortexM3\ARM_GCC_541\Debug\main.o
LOAD .\CortexM3\ARM_GCC_541\Debug\PIDControl.o
LOAD .\CortexM3\ARM_GCC_541\Debug\TempReader.o
LOAD .\CortexM3\ARM_GCC_541\Debug\UART.o
LOAD .\CortexM3\ARM_GCC_541\Debug\cyfitter_cfg.o
LOAD .\CortexM3\ARM_GCC_541\Debug\cymetadata.o
LOAD .\CortexM3\ARM_GCC_541\Debug\Cm3Start.o
LOAD .\CortexM3\ARM_GCC_541\Debug\Temperature-Control.a
LOAD C:\Program Files (x86)\Cypress\PSoC Creator\4.2\PSoC Creator\psoc\content\cycomponentlibrary\CyComponentLibrary.cylib\CortexM3\ARM_GCC_541\Debug\CyComponentLibrary.a
END GROUP
START GROUP
LOAD c:/program files (x86)/cypress/psoc creator/4.2/psoc creator/import/gnu/arm/5.4.1/bin/../lib/gcc/arm-none-eabi/5.4.1/armv7-m\libgcc.a
LOAD c:/program files (x86)/cypress/psoc creator/4.2/psoc creator/import/gnu/arm/5.4.1/bin/../lib/gcc/arm-none-eabi/5.4.1/../../../../arm-none-eabi/lib/armv7-m\libg_nano.a
LOAD c:/program files (x86)/cypress/psoc creator/4.2/psoc creator/import/gnu/arm/5.4.1/bin/../lib/gcc/arm-none-eabi/5.4.1/../../../../arm-none-eabi/lib/armv7-m\libc_nano.a
END GROUP
START GROUP
LOAD c:/program files (x86)/cypress/psoc creator/4.2/psoc creator/import/gnu/arm/5.4.1/bin/../lib/gcc/arm-none-eabi/5.4.1/armv7-m\libgcc.a
LOAD c:/program files (x86)/cypress/psoc creator/4.2/psoc creator/import/gnu/arm/5.4.1/bin/../lib/gcc/arm-none-eabi/5.4.1/../../../../arm-none-eabi/lib/armv7-m\libc_nano.a
END GROUP
LOAD c:/program files (x86)/cypress/psoc creator/4.2/psoc creator/import/gnu/arm/5.4.1/bin/../lib/gcc/arm-none-eabi/5.4.1/armv7-m/crtend.o
LOAD c:/program files (x86)/cypress/psoc creator/4.2/psoc creator/import/gnu/arm/5.4.1/bin/../lib/gcc/arm-none-eabi/5.4.1/armv7-m/crtn.o
START GROUP
LOAD c:/program files (x86)/cypress/psoc creator/4.2/psoc creator/import/gnu/arm/5.4.1/bin/../lib/gcc/arm-none-eabi/5.4.1/armv7-m\libgcc.a
LOAD c:/program files (x86)/cypress/psoc creator/4.2/psoc creator/import/gnu/arm/5.4.1/bin/../lib/gcc/arm-none-eabi/5.4.1/../../../../arm-none-eabi/lib/armv7-m\libc.a
LOAD c:/program files (x86)/cypress/psoc creator/4.2/psoc creator/import/gnu/arm/5.4.1/bin/../lib/gcc/arm-none-eabi/5.4.1/../../../../arm-none-eabi/lib/armv7-m\libnosys.a
END GROUP
                0x00000000                CY_APPL_ORIGIN = 0x0
                0x00000100                CY_FLASH_ROW_SIZE = 0x100
                0x00000020                CY_ECC_ROW_SIZE = 0x20
                0x00000000                CY_EE_IN_BTLDR = 0x0
                0x00000000                CY_APPL_LOADABLE = 0x0
                0x00000800                CY_EE_SIZE = 0x800
                0x00000001                CY_APPL_NUM = 0x1
                0x00000001                CY_APPL_MAX = 0x1
                0x00000040                CY_METADATA_SIZE = 0x40
                0x00000000                CY_APPL_LOADABLE = 0x0
                0x00000000                CY_CHECKSUM_EXCLUDE_SIZE = ALIGN (0x0, CY_FLASH_ROW_SIZE)
                [!provide]                PROVIDE (__cy_heap_start, _end)
                0x00000001                PROVIDE (__cy_region_num, ((__cy_regions_end - __cy_regions) / 0x10))
                0x20008000                PROVIDE (__cy_stack, (ORIGIN (ram) + LENGTH (ram)))
                [!provide]                PROVIDE (__cy_heap_end, (__cy_stack - 0x800))

.cybootloader   0x00000000        0x0
 *(.cybootloader)
                0x00000000                appl1_start = CY_APPL_ORIGIN?CY_APPL_ORIGIN:ALIGN (CY_FLASH_ROW_SIZE)
                0x0001ff00                appl2_start = (appl1_start + ALIGN ((((LENGTH (rom) - appl1_start) - (0x2 * CY_FLASH_ROW_SIZE)) / 0x2), CY_FLASH_ROW_SIZE))
                0x00000000                appl_start = (CY_APPL_NUM == 0x1)?appl1_start:appl2_start
                0x00000000                ecc_offset = ((appl_start / CY_FLASH_ROW_SIZE) * CY_ECC_ROW_SIZE)
                0x00000000                ee_offset = (CY_APPL_LOADABLE && ! (CY_EE_IN_BTLDR))?((CY_EE_SIZE / CY_APPL_MAX) * (CY_APPL_NUM - 0x1)):0x0
                0x00000800                ee_size = (CY_APPL_LOADABLE && ! (CY_EE_IN_BTLDR))?(CY_EE_SIZE / CY_APPL_MAX):CY_EE_SIZE
                [!provide]                PROVIDE (CY_ECC_OFFSET, ecc_offset)

.text           0x00000000     0x3eb8
 CREATE_OBJECT_SYMBOLS
                0x00000000                PROVIDE (__cy_interrupt_vector, RomVectors)
 *(.romvectors)
 .romvectors    0x00000000       0x10 .\CortexM3\ARM_GCC_541\Debug\Cm3Start.o
                0x00000000                RomVectors
                0x00000001                ASSERT ((. != __cy_interrupt_vector), No interrupt vector)
                0x00000001                ASSERT (CY_APPL_ORIGIN?(SIZEOF (.cybootloader) <= CY_APPL_ORIGIN):0x1, Wrong image location)
                0x00000010                PROVIDE (__cy_reset, Reset)
 *(.text.Reset)
 .text.Reset    0x00000010       0x18 .\CortexM3\ARM_GCC_541\Debug\Cm3Start.o
                0x00000010                Reset
                0x00000001                ASSERT ((. != __cy_reset), No reset code)
 *(.dma_init)
                0x00000001                ASSERT ((((appl_start + .) <= 0x10000) || 0x1), DMA Init must be within the first 64k of flash)
 *(.text .text.* .gnu.linkonce.t.*)
 .text          0x00000028       0x5c c:/program files (x86)/cypress/psoc creator/4.2/psoc creator/import/gnu/arm/5.4.1/bin/../lib/gcc/arm-none-eabi/5.4.1/armv7-m/crtbegin.o
 *fill*         0x00000084        0x4 
 .text.main     0x00000088      0x12c .\CortexM3\ARM_GCC_541\Debug\main.o
                0x00000088                main
 .text.PIDControl_init
                0x000001b4       0x1c .\CortexM3\ARM_GCC_541\Debug\PIDControl.o
                0x000001b4                PIDControl_init
 .text.PIDControl_changeSetPoint
                0x000001d0        0xc .\CortexM3\ARM_GCC_541\Debug\PIDControl.o
                0x000001d0                PIDControl_changeSetPoint
 .text.PIDControl_doStep
                0x000001dc       0xcc .\CortexM3\ARM_GCC_541\Debug\PIDControl.o
                0x000001dc                PIDControl_doStep
 .text.getSetPoint
                0x000002a8        0xc .\CortexM3\ARM_GCC_541\Debug\PIDControl.o
                0x000002a8                getSetPoint
 .text.initComp
                0x000002b4       0x1c .\CortexM3\ARM_GCC_541\Debug\TempReader.o
                0x000002b4                initComp
 .text.readTemp
                0x000002d0       0xa0 .\CortexM3\ARM_GCC_541\Debug\TempReader.o
                0x000002d0                readTemp
 .text.isr_UART_rx
                0x00000370       0x3c .\CortexM3\ARM_GCC_541\Debug\UART.o
                0x00000370                isr_UART_rx
 .text.CyClockStartupError
                0x000003ac        0x4 .\CortexM3\ARM_GCC_541\Debug\cyfitter_cfg.o
 .text.cfg_write_bytes32
                0x000003b0       0x34 .\CortexM3\ARM_GCC_541\Debug\cyfitter_cfg.o
 .text.AnalogSetDefault
                0x000003e4       0x28 .\CortexM3\ARM_GCC_541\Debug\cyfitter_cfg.o
 .text.CYMEMZERO
                0x0000040c        0xc .\CortexM3\ARM_GCC_541\Debug\cyfitter_cfg.o
 .text.ClockSetup
                0x00000418       0xd4 .\CortexM3\ARM_GCC_541\Debug\cyfitter_cfg.o
 .text.CYCONFIGCPY
                0x000004ec        0x8 .\CortexM3\ARM_GCC_541\Debug\cyfitter_cfg.o
 .text.cyfitter_cfg
                0x000004f4      0x110 .\CortexM3\ARM_GCC_541\Debug\cyfitter_cfg.o
                0x000004f4                cyfitter_cfg
 .text.IntDefaultHandler
                0x00000604       0x10 .\CortexM3\ARM_GCC_541\Debug\Cm3Start.o
                0x00000604                IntDefaultHandler
 .text._sbrk    0x00000614       0x30 .\CortexM3\ARM_GCC_541\Debug\Cm3Start.o
                0x00000614                _sbrk
 .text.Start_c  0x00000644       0x4c .\CortexM3\ARM_GCC_541\Debug\Cm3Start.o
                0x00000644                Start_c
 .text.initialize_psoc
                0x00000690       0x68 .\CortexM3\ARM_GCC_541\Debug\Cm3Start.o
                0x00000690                initialize_psoc
 .text.CyHalt   0x000006f8        0x4 .\CortexM3\ARM_GCC_541\Debug\Temperature-Control.a(CyLib.o)
                0x000006f8                CyHalt
 .text.CyDelay  0x000006fc       0x2c .\CortexM3\ARM_GCC_541\Debug\Temperature-Control.a(CyLib.o)
                0x000006fc                CyDelay
 .text.CyIntSetVector
                0x00000728       0x28 .\CortexM3\ARM_GCC_541\Debug\Temperature-Control.a(CyLib.o)
                0x00000728                CyIntSetVector
 .text.CyIntSetPriority
                0x00000750       0x30 .\CortexM3\ARM_GCC_541\Debug\Temperature-Control.a(CyLib.o)
                0x00000750                CyIntSetPriority
 .text.UART_1_Init
                0x00000780       0x24 .\CortexM3\ARM_GCC_541\Debug\Temperature-Control.a(UART_1.o)
                0x00000780                UART_1_Init
 .text.UART_1_Enable
                0x000007a4       0x38 .\CortexM3\ARM_GCC_541\Debug\Temperature-Control.a(UART_1.o)
                0x000007a4                UART_1_Enable
 .text.UART_1_Start
                0x000007dc       0x1c .\CortexM3\ARM_GCC_541\Debug\Temperature-Control.a(UART_1.o)
                0x000007dc                UART_1_Start
 .text.UART_1_ReadRxData
                0x000007f8        0xc .\CortexM3\ARM_GCC_541\Debug\Temperature-Control.a(UART_1.o)
                0x000007f8                UART_1_ReadRxData
 .text.UART_1_PutChar
                0x00000804       0x18 .\CortexM3\ARM_GCC_541\Debug\Temperature-Control.a(UART_1.o)
                0x00000804                UART_1_PutChar
 .text.UART_1_PutString
                0x0000081c       0x24 .\CortexM3\ARM_GCC_541\Debug\Temperature-Control.a(UART_1.o)
                0x0000081c                UART_1_PutString
 .text.isr_uart_rx_SetVector
                0x00000840        0xc .\CortexM3\ARM_GCC_541\Debug\Temperature-Control.a(isr_uart_rx.o)
                0x00000840                isr_uart_rx_SetVector
 .text.isr_uart_rx_SetPriority
                0x0000084c       0x10 .\CortexM3\ARM_GCC_541\Debug\Temperature-Control.a(isr_uart_rx.o)
                0x0000084c                isr_uart_rx_SetPriority
 .text.isr_uart_rx_Enable
                0x0000085c        0xc .\CortexM3\ARM_GCC_541\Debug\Temperature-Control.a(isr_uart_rx.o)
                0x0000085c                isr_uart_rx_Enable
 .text.isr_uart_rx_Disable
                0x00000868        0xc .\CortexM3\ARM_GCC_541\Debug\Temperature-Control.a(isr_uart_rx.o)
                0x00000868                isr_uart_rx_Disable
 .text.isr_uart_rx_StartEx
                0x00000874       0x1c .\CortexM3\ARM_GCC_541\Debug\Temperature-Control.a(isr_uart_rx.o)
                0x00000874                isr_uart_rx_StartEx
 .text.I2C_1_Init
                0x00000890       0x78 .\CortexM3\ARM_GCC_541\Debug\Temperature-Control.a(I2C_1.o)
                0x00000890                I2C_1_Init
 .text.I2C_1_Enable
                0x00000908       0x10 .\CortexM3\ARM_GCC_541\Debug\Temperature-Control.a(I2C_1.o)
                0x00000908                I2C_1_Enable
 .text.I2C_1_Start
                0x00000918       0x28 .\CortexM3\ARM_GCC_541\Debug\Temperature-Control.a(I2C_1.o)
                0x00000918                I2C_1_Start
 .text.I2C_1_ISR
                0x00000940      0x328 .\CortexM3\ARM_GCC_541\Debug\Temperature-Control.a(I2C_1_INT.o)
                0x00000940                I2C_1_ISR
 .text.I2C_1_MasterSendStart
                0x00000c68       0x90 .\CortexM3\ARM_GCC_541\Debug\Temperature-Control.a(I2C_1_MASTER.o)
                0x00000c68                I2C_1_MasterSendStart
 .text.I2C_1_MasterSendStop
                0x00000cf8       0x50 .\CortexM3\ARM_GCC_541\Debug\Temperature-Control.a(I2C_1_MASTER.o)
                0x00000cf8                I2C_1_MasterSendStop
 .text.I2C_1_MasterReadByte
                0x00000d48       0x88 .\CortexM3\ARM_GCC_541\Debug\Temperature-Control.a(I2C_1_MASTER.o)
                0x00000d48                I2C_1_MasterReadByte
 .text.PWM_1_Enable
                0x00000dd0       0x10 .\CortexM3\ARM_GCC_541\Debug\Temperature-Control.a(PWM_1.o)
                0x00000dd0                PWM_1_Enable
 .text.PWM_1_WriteCounter
                0x00000de0        0xc .\CortexM3\ARM_GCC_541\Debug\Temperature-Control.a(PWM_1.o)
                0x00000de0                PWM_1_WriteCounter
 .text.PWM_1_WritePeriod
                0x00000dec        0xc .\CortexM3\ARM_GCC_541\Debug\Temperature-Control.a(PWM_1.o)
                0x00000dec                PWM_1_WritePeriod
 .text.PWM_1_WriteCompare
                0x00000df8        0xc .\CortexM3\ARM_GCC_541\Debug\Temperature-Control.a(PWM_1.o)
                0x00000df8                PWM_1_WriteCompare
 .text.PWM_1_SetInterruptMode
                0x00000e04        0xc .\CortexM3\ARM_GCC_541\Debug\Temperature-Control.a(PWM_1.o)
                0x00000e04                PWM_1_SetInterruptMode
 .text.PWM_1_ReadStatusRegister
                0x00000e10        0xc .\CortexM3\ARM_GCC_541\Debug\Temperature-Control.a(PWM_1.o)
                0x00000e10                PWM_1_ReadStatusRegister
 .text.PWM_1_ReadCapture
                0x00000e1c        0xc .\CortexM3\ARM_GCC_541\Debug\Temperature-Control.a(PWM_1.o)
                0x00000e1c                PWM_1_ReadCapture
 .text.PWM_1_ClearFIFO
                0x00000e28       0x14 .\CortexM3\ARM_GCC_541\Debug\Temperature-Control.a(PWM_1.o)
                0x00000e28                PWM_1_ClearFIFO
 .text.PWM_1_Init
                0x00000e3c       0x50 .\CortexM3\ARM_GCC_541\Debug\Temperature-Control.a(PWM_1.o)
                0x00000e3c                PWM_1_Init
 .text.PWM_1_Start
                0x00000e8c       0x1c .\CortexM3\ARM_GCC_541\Debug\Temperature-Control.a(PWM_1.o)
                0x00000e8c                PWM_1_Start
 .text.UART_1_IntClock_Start
                0x00000ea8       0x1c .\CortexM3\ARM_GCC_541\Debug\Temperature-Control.a(UART_1_IntClock.o)
                0x00000ea8                UART_1_IntClock_Start
 *fill*         0x00000ec4        0x4 
 .text          0x00000ec8       0x20 .\CortexM3\ARM_GCC_541\Debug\Temperature-Control.a(CyBootAsmGnu.o)
                0x00000ec8                CyDelayCycles
                0x00000ed8                CyEnterCriticalSection
                0x00000ee0                CyExitCriticalSection
 .text          0x00000ee8      0x370 c:/program files (x86)/cypress/psoc creator/4.2/psoc creator/import/gnu/arm/5.4.1/bin/../lib/gcc/arm-none-eabi/5.4.1/armv7-m\libgcc.a(_arm_addsubdf3.o)
                0x00000ee8                __aeabi_drsub
                0x00000ef0                __aeabi_dsub
                0x00000ef0                __subdf3
                0x00000ef4                __aeabi_dadd
                0x00000ef4                __adddf3
                0x0000116c                __floatunsidf
                0x0000116c                __aeabi_ui2d
                0x0000118c                __floatsidf
                0x0000118c                __aeabi_i2d
                0x000011b0                __aeabi_f2d
                0x000011b0                __extendsfdf2
                0x000011ec                __floatundidf
                0x000011ec                __aeabi_ul2d
                0x000011fc                __floatdidf
                0x000011fc                __aeabi_l2d
 .text          0x00001258      0x21c c:/program files (x86)/cypress/psoc creator/4.2/psoc creator/import/gnu/arm/5.4.1/bin/../lib/gcc/arm-none-eabi/5.4.1/armv7-m\libgcc.a(_arm_addsubsf3.o)
                0x00001258                __aeabi_frsub
                0x00001260                __subsf3
                0x00001260                __aeabi_fsub
                0x00001264                __aeabi_fadd
                0x00001264                __addsf3
                0x000013c4                __aeabi_ui2f
                0x000013c4                __floatunsisf
                0x000013cc                __aeabi_i2f
                0x000013cc                __floatsisf
                0x000013e8                __aeabi_ul2f
                0x000013e8                __floatundisf
                0x000013f8                __aeabi_l2f
                0x000013f8                __floatdisf
 .text          0x00001474      0x2a0 c:/program files (x86)/cypress/psoc creator/4.2/psoc creator/import/gnu/arm/5.4.1/bin/../lib/gcc/arm-none-eabi/5.4.1/armv7-m\libgcc.a(_arm_muldivsf3.o)
                0x00001474                __mulsf3
                0x00001474                __aeabi_fmul
                0x000015dc                __aeabi_fdiv
                0x000015dc                __divsf3
 .text          0x00001714       0xec c:/program files (x86)/cypress/psoc creator/4.2/psoc creator/import/gnu/arm/5.4.1/bin/../lib/gcc/arm-none-eabi/5.4.1/armv7-m\libgcc.a(_arm_cmpsf2.o)
                0x00001714                __gesf2
                0x00001714                __gtsf2
                0x0000171c                __lesf2
                0x0000171c                __ltsf2
                0x00001724                __nesf2
                0x00001724                __eqsf2
                0x00001724                __cmpsf2
                0x00001784                __aeabi_cfrcmple
                0x0000178c                __aeabi_cfcmpeq
                0x0000178c                __aeabi_cfcmple
                0x0000179c                __aeabi_fcmpeq
                0x000017b0                __aeabi_fcmplt
                0x000017c4                __aeabi_fcmple
                0x000017d8                __aeabi_fcmpge
                0x000017ec                __aeabi_fcmpgt
 .text          0x00001800       0x40 c:/program files (x86)/cypress/psoc creator/4.2/psoc creator/import/gnu/arm/5.4.1/bin/../lib/gcc/arm-none-eabi/5.4.1/armv7-m\libgcc.a(_arm_fixunssfsi.o)
                0x00001800                __fixunssfsi
                0x00001800                __aeabi_f2uiz
 .text.__errno  0x00001840        0xc c:/program files (x86)/cypress/psoc creator/4.2/psoc creator/import/gnu/arm/5.4.1/bin/../lib/gcc/arm-none-eabi/5.4.1/../../../../arm-none-eabi/lib/armv7-m\libg_nano.a(lib_a-errno.o)
                0x00001840                __errno
 .text.__libc_init_array
                0x0000184c       0x4c c:/program files (x86)/cypress/psoc creator/4.2/psoc creator/import/gnu/arm/5.4.1/bin/../lib/gcc/arm-none-eabi/5.4.1/../../../../arm-none-eabi/lib/armv7-m\libg_nano.a(lib_a-init.o)
                0x0000184c                __libc_init_array
 .text.memcpy   0x00001898       0x16 c:/program files (x86)/cypress/psoc creator/4.2/psoc creator/import/gnu/arm/5.4.1/bin/../lib/gcc/arm-none-eabi/5.4.1/../../../../arm-none-eabi/lib/armv7-m\libg_nano.a(lib_a-memcpy-stub.o)
                0x00001898                memcpy
 .text.memset   0x000018ae       0x10 c:/program files (x86)/cypress/psoc creator/4.2/psoc creator/import/gnu/arm/5.4.1/bin/../lib/gcc/arm-none-eabi/5.4.1/../../../../arm-none-eabi/lib/armv7-m\libg_nano.a(lib_a-memset.o)
                0x000018ae                memset
 .text.__cvt    0x000018be       0xc0 c:/program files (x86)/cypress/psoc creator/4.2/psoc creator/import/gnu/arm/5.4.1/bin/../lib/gcc/arm-none-eabi/5.4.1/../../../../arm-none-eabi/lib/armv7-m\libg_nano.a(lib_a-nano-vfprintf_float.o)
                0x000018be                __cvt
 .text.__exponent
                0x0000197e       0x62 c:/program files (x86)/cypress/psoc creator/4.2/psoc creator/import/gnu/arm/5.4.1/bin/../lib/gcc/arm-none-eabi/5.4.1/../../../../arm-none-eabi/lib/armv7-m\libg_nano.a(lib_a-nano-vfprintf_float.o)
                0x0000197e                __exponent
 .text._printf_float
                0x000019e0      0x488 c:/program files (x86)/cypress/psoc creator/4.2/psoc creator/import/gnu/arm/5.4.1/bin/../lib/gcc/arm-none-eabi/5.4.1/../../../../arm-none-eabi/lib/armv7-m\libg_nano.a(lib_a-nano-vfprintf_float.o)
                0x000019e0                _printf_float
 .text._printf_common
                0x00001e68       0xec c:/program files (x86)/cypress/psoc creator/4.2/psoc creator/import/gnu/arm/5.4.1/bin/../lib/gcc/arm-none-eabi/5.4.1/../../../../arm-none-eabi/lib/armv7-m\libg_nano.a(lib_a-nano-vfprintf_i.o)
                0x00001e68                _printf_common
 .text._printf_i
                0x00001f54      0x24c c:/program files (x86)/cypress/psoc creator/4.2/psoc creator/import/gnu/arm/5.4.1/bin/../lib/gcc/arm-none-eabi/5.4.1/../../../../arm-none-eabi/lib/armv7-m\libg_nano.a(lib_a-nano-vfprintf_i.o)
                0x00001f54                _printf_i
 .text.snprintf
                0x000021a0       0x64 c:/program files (x86)/cypress/psoc creator/4.2/psoc creator/import/gnu/arm/5.4.1/bin/../lib/gcc/arm-none-eabi/5.4.1/../../../../arm-none-eabi/lib/armv7-m\libg_nano.a(lib_a-snprintf.o)
                0x000021a0                sniprintf
                0x000021a0                snprintf
 .text          0x00002204       0x10 c:/program files (x86)/cypress/psoc creator/4.2/psoc creator/import/gnu/arm/5.4.1/bin/../lib/gcc/arm-none-eabi/5.4.1/../../../../arm-none-eabi/lib/armv7-m\libg_nano.a(lib_a-strlen.o)
                0x00002204                strlen
 .text.quorem   0x00002214      0x116 c:/program files (x86)/cypress/psoc creator/4.2/psoc creator/import/gnu/arm/5.4.1/bin/../lib/gcc/arm-none-eabi/5.4.1/../../../../arm-none-eabi/lib/armv7-m\libg_nano.a(lib_a-dtoa.o)
 *fill*         0x0000232a        0x6 
 .text._dtoa_r  0x00002330      0xb30 c:/program files (x86)/cypress/psoc creator/4.2/psoc creator/import/gnu/arm/5.4.1/bin/../lib/gcc/arm-none-eabi/5.4.1/../../../../arm-none-eabi/lib/armv7-m\libg_nano.a(lib_a-dtoa.o)
                0x00002330                _dtoa_r
 .text._localeconv_r
                0x00002e60        0x8 c:/program files (x86)/cypress/psoc creator/4.2/psoc creator/import/gnu/arm/5.4.1/bin/../lib/gcc/arm-none-eabi/5.4.1/../../../../arm-none-eabi/lib/armv7-m\libg_nano.a(lib_a-locale.o)
                0x00002e60                _localeconv_r
 .text.malloc   0x00002e68       0x10 c:/program files (x86)/cypress/psoc creator/4.2/psoc creator/import/gnu/arm/5.4.1/bin/../lib/gcc/arm-none-eabi/5.4.1/../../../../arm-none-eabi/lib/armv7-m\libg_nano.a(lib_a-malloc.o)
                0x00002e68                malloc
 .text.memchr   0x00002e78       0x1c c:/program files (x86)/cypress/psoc creator/4.2/psoc creator/import/gnu/arm/5.4.1/bin/../lib/gcc/arm-none-eabi/5.4.1/../../../../arm-none-eabi/lib/armv7-m\libg_nano.a(lib_a-memchr-stub.o)
                0x00002e78                memchr
 .text._Balloc  0x00002e94       0x6a c:/program files (x86)/cypress/psoc creator/4.2/psoc creator/import/gnu/arm/5.4.1/bin/../lib/gcc/arm-none-eabi/5.4.1/../../../../arm-none-eabi/lib/armv7-m\libg_nano.a(lib_a-mprec.o)
                0x00002e94                _Balloc
 .text._Bfree   0x00002efe       0x2e c:/program files (x86)/cypress/psoc creator/4.2/psoc creator/import/gnu/arm/5.4.1/bin/../lib/gcc/arm-none-eabi/5.4.1/../../../../arm-none-eabi/lib/armv7-m\libg_nano.a(lib_a-mprec.o)
                0x00002efe                _Bfree
 .text.__multadd
                0x00002f2c       0x76 c:/program files (x86)/cypress/psoc creator/4.2/psoc creator/import/gnu/arm/5.4.1/bin/../lib/gcc/arm-none-eabi/5.4.1/../../../../arm-none-eabi/lib/armv7-m\libg_nano.a(lib_a-mprec.o)
                0x00002f2c                __multadd
 .text.__hi0bits
                0x00002fa2       0x40 c:/program files (x86)/cypress/psoc creator/4.2/psoc creator/import/gnu/arm/5.4.1/bin/../lib/gcc/arm-none-eabi/5.4.1/../../../../arm-none-eabi/lib/armv7-m\libg_nano.a(lib_a-mprec.o)
                0x00002fa2                __hi0bits
 .text.__lo0bits
                0x00002fe2       0x5a c:/program files (x86)/cypress/psoc creator/4.2/psoc creator/import/gnu/arm/5.4.1/bin/../lib/gcc/arm-none-eabi/5.4.1/../../../../arm-none-eabi/lib/armv7-m\libg_nano.a(lib_a-mprec.o)
                0x00002fe2                __lo0bits
 .text.__i2b    0x0000303c       0x12 c:/program files (x86)/cypress/psoc creator/4.2/psoc creator/import/gnu/arm/5.4.1/bin/../lib/gcc/arm-none-eabi/5.4.1/../../../../arm-none-eabi/lib/armv7-m\libg_nano.a(lib_a-mprec.o)
                0x0000303c                __i2b
 .text.__multiply
                0x0000304e      0x120 c:/program files (x86)/cypress/psoc creator/4.2/psoc creator/import/gnu/arm/5.4.1/bin/../lib/gcc/arm-none-eabi/5.4.1/../../../../arm-none-eabi/lib/armv7-m\libg_nano.a(lib_a-mprec.o)
                0x0000304e                __multiply
 *fill*         0x0000316e        0x2 
 .text.__pow5mult
                0x00003170       0x9c c:/program files (x86)/cypress/psoc creator/4.2/psoc creator/import/gnu/arm/5.4.1/bin/../lib/gcc/arm-none-eabi/5.4.1/../../../../arm-none-eabi/lib/armv7-m\libg_nano.a(lib_a-mprec.o)
                0x00003170                __pow5mult
 .text.__lshift
                0x0000320c       0xa2 c:/program files (x86)/cypress/psoc creator/4.2/psoc creator/import/gnu/arm/5.4.1/bin/../lib/gcc/arm-none-eabi/5.4.1/../../../../arm-none-eabi/lib/armv7-m\libg_nano.a(lib_a-mprec.o)
                0x0000320c                __lshift
 .text.__mcmp   0x000032ae       0x38 c:/program files (x86)/cypress/psoc creator/4.2/psoc creator/import/gnu/arm/5.4.1/bin/../lib/gcc/arm-none-eabi/5.4.1/../../../../arm-none-eabi/lib/armv7-m\libg_nano.a(lib_a-mprec.o)
                0x000032ae                __mcmp
 .text.__mdiff  0x000032e6       0xbe c:/program files (x86)/cypress/psoc creator/4.2/psoc creator/import/gnu/arm/5.4.1/bin/../lib/gcc/arm-none-eabi/5.4.1/../../../../arm-none-eabi/lib/armv7-m\libg_nano.a(lib_a-mprec.o)
                0x000032e6                __mdiff
 .text.__d2b    0x000033a4       0x9c c:/program files (x86)/cypress/psoc creator/4.2/psoc creator/import/gnu/arm/5.4.1/bin/../lib/gcc/arm-none-eabi/5.4.1/../../../../arm-none-eabi/lib/armv7-m\libg_nano.a(lib_a-mprec.o)
                0x000033a4                __d2b
 .text._calloc_r
                0x00003440       0x1c c:/program files (x86)/cypress/psoc creator/4.2/psoc creator/import/gnu/arm/5.4.1/bin/../lib/gcc/arm-none-eabi/5.4.1/../../../../arm-none-eabi/lib/armv7-m\libg_nano.a(lib_a-nano-callocr.o)
                0x00003440                _calloc_r
 .text._free_r  0x0000345c       0x98 c:/program files (x86)/cypress/psoc creator/4.2/psoc creator/import/gnu/arm/5.4.1/bin/../lib/gcc/arm-none-eabi/5.4.1/../../../../arm-none-eabi/lib/armv7-m\libg_nano.a(lib_a-nano-freer.o)
                0x0000345c                _free_r
 .text._malloc_r
                0x000034f4       0xbc c:/program files (x86)/cypress/psoc creator/4.2/psoc creator/import/gnu/arm/5.4.1/bin/../lib/gcc/arm-none-eabi/5.4.1/../../../../arm-none-eabi/lib/armv7-m\libg_nano.a(lib_a-nano-mallocr.o)
                0x000034f4                _malloc_r
 .text.__ssputs_r
                0x000035b0       0xb2 c:/program files (x86)/cypress/psoc creator/4.2/psoc creator/import/gnu/arm/5.4.1/bin/../lib/gcc/arm-none-eabi/5.4.1/../../../../arm-none-eabi/lib/armv7-m\libg_nano.a(lib_a-nano-svfprintf.o)
                0x000035b0                __ssputs_r
 *fill*         0x00003662        0x2 
 .text._svfprintf_r
                0x00003664      0x1e8 c:/program files (x86)/cypress/psoc creator/4.2/psoc creator/import/gnu/arm/5.4.1/bin/../lib/gcc/arm-none-eabi/5.4.1/../../../../arm-none-eabi/lib/armv7-m\libg_nano.a(lib_a-nano-svfprintf.o)
                0x00003664                _svfiprintf_r
                0x00003664                _svfprintf_r
 .text._sbrk_r  0x0000384c       0x20 c:/program files (x86)/cypress/psoc creator/4.2/psoc creator/import/gnu/arm/5.4.1/bin/../lib/gcc/arm-none-eabi/5.4.1/../../../../arm-none-eabi/lib/armv7-m\libg_nano.a(lib_a-sbrkr.o)
                0x0000384c                _sbrk_r
 .text.memmove  0x0000386c       0x36 c:/program files (x86)/cypress/psoc creator/4.2/psoc creator/import/gnu/arm/5.4.1/bin/../lib/gcc/arm-none-eabi/5.4.1/../../../../arm-none-eabi/lib/armv7-m\libg_nano.a(lib_a-memmove.o)
                0x0000386c                memmove
 .text.__malloc_lock
                0x000038a2        0x2 c:/program files (x86)/cypress/psoc creator/4.2/psoc creator/import/gnu/arm/5.4.1/bin/../lib/gcc/arm-none-eabi/5.4.1/../../../../arm-none-eabi/lib/armv7-m\libg_nano.a(lib_a-mlock.o)
                0x000038a2                __malloc_lock
 .text.__malloc_unlock
                0x000038a4        0x2 c:/program files (x86)/cypress/psoc creator/4.2/psoc creator/import/gnu/arm/5.4.1/bin/../lib/gcc/arm-none-eabi/5.4.1/../../../../arm-none-eabi/lib/armv7-m\libg_nano.a(lib_a-mlock.o)
                0x000038a4                __malloc_unlock
 .text._realloc_r
                0x000038a6       0x4c c:/program files (x86)/cypress/psoc creator/4.2/psoc creator/import/gnu/arm/5.4.1/bin/../lib/gcc/arm-none-eabi/5.4.1/../../../../arm-none-eabi/lib/armv7-m\libg_nano.a(lib_a-nano-reallocr.o)
                0x000038a6                _realloc_r
 .text._malloc_usable_size_r
                0x000038f2       0x14 c:/program files (x86)/cypress/psoc creator/4.2/psoc creator/import/gnu/arm/5.4.1/bin/../lib/gcc/arm-none-eabi/5.4.1/../../../../arm-none-eabi/lib/armv7-m\libg_nano.a(lib_a-nano-msizer.o)
                0x000038f2                _malloc_usable_size_r
 *fill*         0x00003906        0x2 
 .text          0x00003908      0x424 c:/program files (x86)/cypress/psoc creator/4.2/psoc creator/import/gnu/arm/5.4.1/bin/../lib/gcc/arm-none-eabi/5.4.1/armv7-m\libgcc.a(_arm_muldivdf3.o)
                0x00003908                __aeabi_dmul
                0x00003908                __muldf3
                0x00003b5c                __divdf3
                0x00003b5c                __aeabi_ddiv
 .text          0x00003d2c      0x110 c:/program files (x86)/cypress/psoc creator/4.2/psoc creator/import/gnu/arm/5.4.1/bin/../lib/gcc/arm-none-eabi/5.4.1/armv7-m\libgcc.a(_arm_cmpdf2.o)
                0x00003d2c                __gtdf2
                0x00003d2c                __gedf2
                0x00003d34                __ltdf2
                0x00003d34                __ledf2
                0x00003d3c                __nedf2
                0x00003d3c                __eqdf2
                0x00003d3c                __cmpdf2
                0x00003db8                __aeabi_cdrcmple
                0x00003dc8                __aeabi_cdcmpeq
                0x00003dc8                __aeabi_cdcmple
                0x00003dd8                __aeabi_dcmpeq
                0x00003dec                __aeabi_dcmplt
                0x00003e00                __aeabi_dcmple
                0x00003e14                __aeabi_dcmpge
                0x00003e28                __aeabi_dcmpgt
 .text          0x00003e3c       0x2c c:/program files (x86)/cypress/psoc creator/4.2/psoc creator/import/gnu/arm/5.4.1/bin/../lib/gcc/arm-none-eabi/5.4.1/armv7-m\libgcc.a(_arm_unorddf2.o)
                0x00003e3c                __unorddf2
                0x00003e3c                __aeabi_dcmpun
 .text          0x00003e68       0x50 c:/program files (x86)/cypress/psoc creator/4.2/psoc creator/import/gnu/arm/5.4.1/bin/../lib/gcc/arm-none-eabi/5.4.1/armv7-m\libgcc.a(_arm_fixdfsi.o)
                0x00003e68                __aeabi_d2iz
                0x00003e68                __fixdfsi
 *(.plt)
 *(.gnu.warning)
 *(.glue_7t)
 .glue_7t       0x00003eb8        0x0 linker stubs
 *(.glue_7)
 .glue_7        0x00003eb8        0x0 linker stubs
 *(.vfp11_veneer)
 .vfp11_veneer  0x00003eb8        0x0 linker stubs
 *(.bootloader)
 *(.ARM.extab* .gnu.linkonce.armextab.*)
 *(.gcc_except_table)

.v4_bx          0x00003eb8        0x0
 .v4_bx         0x00003eb8        0x0 linker stubs

.iplt           0x00003eb8        0x0
 .iplt          0x00003eb8        0x0 c:/program files (x86)/cypress/psoc creator/4.2/psoc creator/import/gnu/arm/5.4.1/bin/../lib/gcc/arm-none-eabi/5.4.1/armv7-m/crtbegin.o

.eh_frame_hdr
 *(.eh_frame_hdr)

.eh_frame       0x00003eb8        0x4
 *(.eh_frame)
 .eh_frame      0x00003eb8        0x0 c:/program files (x86)/cypress/psoc creator/4.2/psoc creator/import/gnu/arm/5.4.1/bin/../lib/gcc/arm-none-eabi/5.4.1/armv7-m/crtbegin.o
 .eh_frame      0x00003eb8        0x4 c:/program files (x86)/cypress/psoc creator/4.2/psoc creator/import/gnu/arm/5.4.1/bin/../lib/gcc/arm-none-eabi/5.4.1/armv7-m/crtend.o
                [!provide]                PROVIDE (__exidx_start, .)

.ARM.exidx
 *(.ARM.exidx* .gnu.linkonce.armexidx.*)
                0x00003ebc                __exidx_end = .

.rodata         0x00003ec0      0x260
 *(.rodata .rodata.* .gnu.linkonce.r.*)
 .rodata.str1.4
                0x00003ec0       0x3a .\CortexM3\ARM_GCC_541\Debug\main.o
 *fill*         0x00003efa        0x2 
 .rodata.str1.4
                0x00003efc       0x12 .\CortexM3\ARM_GCC_541\Debug\TempReader.o
 *fill*         0x00003f0e        0x2 
 .rodata.str1.4
                0x00003f10       0x40 .\CortexM3\ARM_GCC_541\Debug\UART.o
                                 0x3f (size before relaxing)
 .rodata        0x00003f50       0x3a .\CortexM3\ARM_GCC_541\Debug\cyfitter_cfg.o
 .rodata.str1.1
                0x00003f8a        0x2 c:/program files (x86)/cypress/psoc creator/4.2/psoc creator/import/gnu/arm/5.4.1/bin/../lib/gcc/arm-none-eabi/5.4.1/../../../../arm-none-eabi/lib/armv7-m\libg_nano.a(lib_a-impure.o)
 .rodata.str1.1
                0x00003f8c       0x12 c:/program files (x86)/cypress/psoc creator/4.2/psoc creator/import/gnu/arm/5.4.1/bin/../lib/gcc/arm-none-eabi/5.4.1/../../../../arm-none-eabi/lib/armv7-m\libg_nano.a(lib_a-nano-vfprintf_float.o)
 .rodata.str1.1
                0x00003f9e       0x22 c:/program files (x86)/cypress/psoc creator/4.2/psoc creator/import/gnu/arm/5.4.1/bin/../lib/gcc/arm-none-eabi/5.4.1/../../../../arm-none-eabi/lib/armv7-m\libg_nano.a(lib_a-nano-vfprintf_i.o)
 .rodata.str1.1
                0x00003fc0        0xd c:/program files (x86)/cypress/psoc creator/4.2/psoc creator/import/gnu/arm/5.4.1/bin/../lib/gcc/arm-none-eabi/5.4.1/../../../../arm-none-eabi/lib/armv7-m\libg_nano.a(lib_a-dtoa.o)
                                  0xf (size before relaxing)
 .rodata.str1.1
                0x00003fcd        0x8 c:/program files (x86)/cypress/psoc creator/4.2/psoc creator/import/gnu/arm/5.4.1/bin/../lib/gcc/arm-none-eabi/5.4.1/../../../../arm-none-eabi/lib/armv7-m\libg_nano.a(lib_a-locale.o)
                                  0xb (size before relaxing)
 *fill*         0x00003fd5        0x3 
 .rodata.__mprec_tens
                0x00003fd8       0xc8 c:/program files (x86)/cypress/psoc creator/4.2/psoc creator/import/gnu/arm/5.4.1/bin/../lib/gcc/arm-none-eabi/5.4.1/../../../../arm-none-eabi/lib/armv7-m\libg_nano.a(lib_a-mprec.o)
                0x00003fd8                __mprec_tens
 .rodata.p05.5408
                0x000040a0        0xc c:/program files (x86)/cypress/psoc creator/4.2/psoc creator/import/gnu/arm/5.4.1/bin/../lib/gcc/arm-none-eabi/5.4.1/../../../../arm-none-eabi/lib/armv7-m\libg_nano.a(lib_a-mprec.o)
 *fill*         0x000040ac        0x4 
 .rodata.__mprec_bigtens
                0x000040b0       0x28 c:/program files (x86)/cypress/psoc creator/4.2/psoc creator/import/gnu/arm/5.4.1/bin/../lib/gcc/arm-none-eabi/5.4.1/../../../../arm-none-eabi/lib/armv7-m\libg_nano.a(lib_a-mprec.o)
                0x000040b0                __mprec_bigtens
 .rodata.str1.1
                0x000040d8       0x11 c:/program files (x86)/cypress/psoc creator/4.2/psoc creator/import/gnu/arm/5.4.1/bin/../lib/gcc/arm-none-eabi/5.4.1/../../../../arm-none-eabi/lib/armv7-m\libg_nano.a(lib_a-nano-svfprintf.o)
                0x000040ec                . = ALIGN (0x4)
 *fill*         0x000040e9        0x3 
 *(.init)
 .init          0x000040ec        0x4 c:/program files (x86)/cypress/psoc creator/4.2/psoc creator/import/gnu/arm/5.4.1/bin/../lib/gcc/arm-none-eabi/5.4.1/armv7-m/crti.o
                0x000040ec                _init
 .init          0x000040f0        0x8 c:/program files (x86)/cypress/psoc creator/4.2/psoc creator/import/gnu/arm/5.4.1/bin/../lib/gcc/arm-none-eabi/5.4.1/armv7-m/crtn.o
                0x000040f8                . = ALIGN (0x4)
                0x000040f8                __preinit_array_start = .
 *(.preinit_array)
                0x000040f8                __preinit_array_end = .
                0x000040f8                . = ALIGN (0x4)
                0x000040f8                __init_array_start = .
 *(SORT(.init_array.*))
 *(.init_array)
 .init_array    0x000040f8        0x4 c:/program files (x86)/cypress/psoc creator/4.2/psoc creator/import/gnu/arm/5.4.1/bin/../lib/gcc/arm-none-eabi/5.4.1/armv7-m/crtbegin.o
 .init_array    0x000040fc        0x4 .\CortexM3\ARM_GCC_541\Debug\Cm3Start.o
                0x00004100                __init_array_end = .
                0x00004100                . = ALIGN (0x4)
 *(.fini)
 .fini          0x00004100        0x4 c:/program files (x86)/cypress/psoc creator/4.2/psoc creator/import/gnu/arm/5.4.1/bin/../lib/gcc/arm-none-eabi/5.4.1/armv7-m/crti.o
                0x00004100                _fini
 .fini          0x00004104        0x8 c:/program files (x86)/cypress/psoc creator/4.2/psoc creator/import/gnu/arm/5.4.1/bin/../lib/gcc/arm-none-eabi/5.4.1/armv7-m/crtn.o
                0x0000410c                . = ALIGN (0x4)
                0x0000410c                __fini_array_start = .
 *(.fini_array)
 .fini_array    0x0000410c        0x4 c:/program files (x86)/cypress/psoc creator/4.2/psoc creator/import/gnu/arm/5.4.1/bin/../lib/gcc/arm-none-eabi/5.4.1/armv7-m/crtbegin.o
 *(SORT(.fini_array.*))
                0x00004110                __fini_array_end = .
                0x00004110                . = ALIGN (0x4)
 *crtbegin.o(.ctors)
 *(EXCLUDE_FILE(*crtend.o) .ctors)
 *(SORT(.ctors.*))
 *crtend.o(.ctors)
                0x00004110                . = ALIGN (0x4)
 *crtbegin.o(.dtors)
 *(EXCLUDE_FILE(*crtend.o) .dtors)
 *(SORT(.dtors.*))
 *crtend.o(.dtors)
                0x00004110                . = ALIGN (0x4)
                0x00004110                __cy_regions = .
                0x00004110        0x4 LONG 0x4120 __cy_region_init_ram
                0x00004114        0x4 LONG 0x1fff80c8 __cy_region_start_data
                0x00004118        0x4 LONG 0xc0 __cy_region_init_size_ram
                0x0000411c        0x4 LONG 0x170 __cy_region_zero_size_ram
                0x00004120                __cy_regions_end = .
                0x00004120                . = ALIGN (0x8)
                0x00004120                _etext = .

.cy_checksum_exclude
                0x00004120        0x0
 *(.cy_checksum_exclude)

.ramvectors     0x1fff8000       0xc0
                0x1fff8000                __cy_region_start_ram = .
 *(.ramvectors)
 .ramvectors    0x1fff8000       0xc0 .\CortexM3\ARM_GCC_541\Debug\Cm3Start.o
                0x1fff8000                CyRamVectors

.noinit         0x1fff80c0        0x1
 *(.noinit)
 .noinit        0x1fff80c0        0x1 .\CortexM3\ARM_GCC_541\Debug\Temperature-Control.a(CyLib.o)
                0x1fff80c0                CyResetStatus

.data           0x1fff80c8       0xc0 load address 0x00004120
                0x1fff80c8                __cy_region_start_data = .
 *(.jcr)
 .jcr           0x1fff80c8        0x0 c:/program files (x86)/cypress/psoc creator/4.2/psoc creator/import/gnu/arm/5.4.1/bin/../lib/gcc/arm-none-eabi/5.4.1/armv7-m/crtbegin.o
 .jcr           0x1fff80c8        0x4 c:/program files (x86)/cypress/psoc creator/4.2/psoc creator/import/gnu/arm/5.4.1/bin/../lib/gcc/arm-none-eabi/5.4.1/armv7-m/crtend.o
 *(.got.plt)
 *(.got)
 *(.shdata)
 *(.data .data.* .gnu.linkonce.d.*)
 .data          0x1fff80cc        0x4 .\CortexM3\ARM_GCC_541\Debug\main.o
 .data          0x1fff80d0        0x1 .\CortexM3\ARM_GCC_541\Debug\TempReader.o
                0x1fff80d0                address
 *fill*         0x1fff80d1        0x3 
 .data          0x1fff80d4        0x4 .\CortexM3\ARM_GCC_541\Debug\Cm3Start.o
 .data          0x1fff80d8       0x10 .\CortexM3\ARM_GCC_541\Debug\Temperature-Control.a(CyLib.o)
                0x1fff80d8                cydelay_32k_ms
                0x1fff80dc                cydelay_freq_khz
                0x1fff80e0                cydelay_freq_mhz
                0x1fff80e4                cydelay_freq_hz
 .data.impure_data
                0x1fff80e8       0x60 c:/program files (x86)/cypress/psoc creator/4.2/psoc creator/import/gnu/arm/5.4.1/bin/../lib/gcc/arm-none-eabi/5.4.1/../../../../arm-none-eabi/lib/armv7-m\libg_nano.a(lib_a-impure.o)
 .data._impure_ptr
                0x1fff8148        0x4 c:/program files (x86)/cypress/psoc creator/4.2/psoc creator/import/gnu/arm/5.4.1/bin/../lib/gcc/arm-none-eabi/5.4.1/../../../../arm-none-eabi/lib/armv7-m\libg_nano.a(lib_a-impure.o)
                0x1fff8148                _impure_ptr
 .data.lconv    0x1fff814c       0x38 c:/program files (x86)/cypress/psoc creator/4.2/psoc creator/import/gnu/arm/5.4.1/bin/../lib/gcc/arm-none-eabi/5.4.1/../../../../arm-none-eabi/lib/armv7-m\libg_nano.a(lib_a-locale.o)
                0x1fff8188                . = ALIGN (0x8)
 *fill*         0x1fff8184        0x4 
 *(.ram)
                0x1fff8188                _edata = .

.igot.plt       0x1fff8188        0x0 load address 0x000041e0
 .igot.plt      0x1fff8188        0x0 c:/program files (x86)/cypress/psoc creator/4.2/psoc creator/import/gnu/arm/5.4.1/bin/../lib/gcc/arm-none-eabi/5.4.1/armv7-m/crtbegin.o

.bss            0x1fff8188      0x170 load address 0x000041e0
                0x1fff8188                PROVIDE (__bss_start__, .)
 *(.shbss)
 *(.bss .bss.* .gnu.linkonce.b.*)
 .bss           0x1fff8188       0x1c c:/program files (x86)/cypress/psoc creator/4.2/psoc creator/import/gnu/arm/5.4.1/bin/../lib/gcc/arm-none-eabi/5.4.1/armv7-m/crtbegin.o
 .bss           0x1fff81a4      0x100 .\CortexM3\ARM_GCC_541\Debug\main.o
 .bss           0x1fff82a4       0x24 .\CortexM3\ARM_GCC_541\Debug\PIDControl.o
 .bss           0x1fff82c8        0x2 .\CortexM3\ARM_GCC_541\Debug\TempReader.o
                0x1fff82c8                temp
 .bss           0x1fff82ca        0x2 .\CortexM3\ARM_GCC_541\Debug\Temperature-Control.a(UART_1.o)
                0x1fff82ca                UART_1_initVar
 .bss           0x1fff82cc        0x1 .\CortexM3\ARM_GCC_541\Debug\Temperature-Control.a(I2C_1.o)
                0x1fff82cc                I2C_1_initVar
 .bss           0x1fff82cd        0x1 .\CortexM3\ARM_GCC_541\Debug\Temperature-Control.a(PWM_1.o)
                0x1fff82cd                PWM_1_initVar
 *fill*         0x1fff82ce        0x2 
 .bss.__malloc_sbrk_start
                0x1fff82d0        0x4 c:/program files (x86)/cypress/psoc creator/4.2/psoc creator/import/gnu/arm/5.4.1/bin/../lib/gcc/arm-none-eabi/5.4.1/../../../../arm-none-eabi/lib/armv7-m\libg_nano.a(lib_a-nano-mallocr.o)
                0x1fff82d0                __malloc_sbrk_start
 .bss.__malloc_free_list
                0x1fff82d4        0x4 c:/program files (x86)/cypress/psoc creator/4.2/psoc creator/import/gnu/arm/5.4.1/bin/../lib/gcc/arm-none-eabi/5.4.1/../../../../arm-none-eabi/lib/armv7-m\libg_nano.a(lib_a-nano-mallocr.o)
                0x1fff82d4                __malloc_free_list
 *(COMMON)
 COMMON         0x1fff82d8        0x3 .\CortexM3\ARM_GCC_541\Debug\TempReader.o
                0x1fff82d8                b1
                0x1fff82d9                b0
                0x1fff82da                status
 COMMON         0x1fff82db        0x1 .\CortexM3\ARM_GCC_541\Debug\Temperature-Control.a(I2C_1.o)
                0x1fff82db                I2C_1_state
 COMMON         0x1fff82dc       0x11 .\CortexM3\ARM_GCC_541\Debug\Temperature-Control.a(I2C_1_MASTER.o)
                0x1fff82dc                I2C_1_mstrWrBufIndex
                0x1fff82dd                I2C_1_mstrControl
                0x1fff82de                I2C_1_mstrStatus
                0x1fff82df                I2C_1_mstrWrBufSize
                0x1fff82e0                I2C_1_mstrRdBufIndex
                0x1fff82e4                I2C_1_mstrWrBufPtr
                0x1fff82e8                I2C_1_mstrRdBufPtr
                0x1fff82ec                I2C_1_mstrRdBufSize
 *fill*         0x1fff82ed        0x3 
 COMMON         0x1fff82f0        0x4 c:/program files (x86)/cypress/psoc creator/4.2/psoc creator/import/gnu/arm/5.4.1/bin/../lib/gcc/arm-none-eabi/5.4.1/../../../../arm-none-eabi/lib/armv7-m\libg_nano.a(lib_a-reent.o)
                0x1fff82f0                errno
                0x1fff82f8                . = ALIGN (0x8)
 *fill*         0x1fff82f4        0x4 
 *(.ram.b)
                0x1fff82f8                _end = .
                0x1fff82f8                __end = .
                0x1fff82f8                PROVIDE (end, .)
                0x1fff82f8                PROVIDE (__bss_end__, .)
                0x00004120                __cy_region_init_ram = LOADADDR (.data)
                0x000000c0                __cy_region_init_size_ram = (_edata - ADDR (.data))
                0x00000170                __cy_region_zero_size_ram = (_end - _edata)

.heap           0x1fff82f8      0x200 load address 0x000041e0
                0x1fff82f8                . = _end
                0x1fff84f8                . = (. + 0x200)
 *fill*         0x1fff82f8      0x200 
                0x1fff84f8                __cy_heap_limit = .

.stack          0x20007800      0x800
                0x20007800                __cy_stack_limit = .
                0x20008000                . = (. + 0x800)
 *fill*         0x20007800      0x800 
                0x00000001                ASSERT ((__cy_stack_limit >= __cy_heap_limit), region RAM overflowed with stack)
                0x00000000                cy_checksum_exclude_size = (CY_APPL_LOADABLE == 0x1)?SIZEOF (.cy_checksum_exclude):0x0
                0x00000001                ASSERT ((cy_checksum_exclude_size <= CY_CHECKSUM_EXCLUDE_SIZE), CY_BOOT: Section .cy_checksum_exclude size exceedes specified limit.)

.cyloadermeta
 *(.cyloadermeta)

.cyloadablemeta
 *(.cyloadablemeta)

.cyconfigecc    0x80000000      0x93c
 *(.cyconfigecc)
 .cyconfigecc   0x80000000      0x93c .\CortexM3\ARM_GCC_541\Debug\cymetadata.o
                0x80000000                cy_meta_configecc

.cycustnvl      0x90000000        0x4
 *(.cycustnvl)
 .cycustnvl     0x90000000        0x4 .\CortexM3\ARM_GCC_541\Debug\cymetadata.o
                0x90000000                cy_meta_custnvl

.cywolatch      0x90100000        0x4
 *(.cywolatch)
 .cywolatch     0x90100000        0x4 .\CortexM3\ARM_GCC_541\Debug\cymetadata.o
                0x90100000                cy_meta_wonvl

.cyeeprom       0x90200000        0x0
 *(.cyeeprom)
                0x00000001                ASSERT ((. <= ((0x90200000 + ee_offset) + ee_size)), .cyeeprom data will not fit in EEPROM)

.cyflashprotect
                0x90400000      0x100
 *(.cyflashprotect)
 .cyflashprotect
                0x90400000      0x100 .\CortexM3\ARM_GCC_541\Debug\cymetadata.o
                0x90400000                cy_meta_flashprotect

.cymeta         0x90500000        0xc
 *(.cymeta)
 .cymeta        0x90500000        0xc .\CortexM3\ARM_GCC_541\Debug\cymetadata.o
                0x90500000                cy_metadata

.rel.dyn        0x000041e0        0x0 load address 0x9050000c
 .rel.iplt      0x000041e0        0x0 c:/program files (x86)/cypress/psoc creator/4.2/psoc creator/import/gnu/arm/5.4.1/bin/../lib/gcc/arm-none-eabi/5.4.1/armv7-m/crtbegin.o

.stab
 *(.stab)

.stabstr
 *(.stabstr)

.debug
 *(.debug)

.line
 *(.line)

.debug_srcinfo
 *(.debug_srcinfo)

.debug_sfnames
 *(.debug_sfnames)

.debug_aranges  0x00000000      0x8f8
 *(.debug_aranges)
 .debug_aranges
                0x00000000       0x20 .\CortexM3\ARM_GCC_541\Debug\main.o
 .debug_aranges
                0x00000020       0x38 .\CortexM3\ARM_GCC_541\Debug\PIDControl.o
 .debug_aranges
                0x00000058       0x28 .\CortexM3\ARM_GCC_541\Debug\TempReader.o
 .debug_aranges
                0x00000080       0x20 .\CortexM3\ARM_GCC_541\Debug\UART.o
 .debug_aranges
                0x000000a0       0x58 .\CortexM3\ARM_GCC_541\Debug\cyfitter_cfg.o
 .debug_aranges
                0x000000f8       0x18 .\CortexM3\ARM_GCC_541\Debug\cymetadata.o
 .debug_aranges
                0x00000110       0x48 .\CortexM3\ARM_GCC_541\Debug\Cm3Start.o
 .debug_aranges
                0x00000158      0x2a0 .\CortexM3\ARM_GCC_541\Debug\Temperature-Control.a(CyLib.o)
 .debug_aranges
                0x000003f8       0x98 .\CortexM3\ARM_GCC_541\Debug\Temperature-Control.a(cyPm.o)
 .debug_aranges
                0x00000490       0xf0 .\CortexM3\ARM_GCC_541\Debug\Temperature-Control.a(UART_1.o)
 .debug_aranges
                0x00000580       0x80 .\CortexM3\ARM_GCC_541\Debug\Temperature-Control.a(isr_uart_rx.o)
 .debug_aranges
                0x00000600       0x38 .\CortexM3\ARM_GCC_541\Debug\Temperature-Control.a(I2C_1.o)
 .debug_aranges
                0x00000638       0x20 .\CortexM3\ARM_GCC_541\Debug\Temperature-Control.a(I2C_1_INT.o)
 .debug_aranges
                0x00000658       0x80 .\CortexM3\ARM_GCC_541\Debug\Temperature-Control.a(I2C_1_MASTER.o)
 .debug_aranges
                0x000006d8       0x98 .\CortexM3\ARM_GCC_541\Debug\Temperature-Control.a(PWM_1.o)
 .debug_aranges
                0x00000770       0x70 .\CortexM3\ARM_GCC_541\Debug\Temperature-Control.a(UART_1_IntClock.o)
 .debug_aranges
                0x000007e0       0x20 .\CortexM3\ARM_GCC_541\Debug\Temperature-Control.a(CyBootAsmGnu.o)
 .debug_aranges
                0x00000800       0x80 .\CortexM3\ARM_GCC_541\Debug\Temperature-Control.a(CyFlash.o)
 .debug_aranges
                0x00000880       0x78 .\CortexM3\ARM_GCC_541\Debug\Temperature-Control.a(CySpc.o)

.debug_pubnames
 *(.debug_pubnames)

.debug_info     0x00000000     0x528e
 *(.debug_info .gnu.linkonce.wi.*)
 .debug_info    0x00000000      0x347 .\CortexM3\ARM_GCC_541\Debug\main.o
 .debug_info    0x00000347      0x201 .\CortexM3\ARM_GCC_541\Debug\PIDControl.o
 .debug_info    0x00000548      0x296 .\CortexM3\ARM_GCC_541\Debug\TempReader.o
 .debug_info    0x000007de      0x157 .\CortexM3\ARM_GCC_541\Debug\UART.o
 .debug_info    0x00000935      0x594 .\CortexM3\ARM_GCC_541\Debug\cyfitter_cfg.o
 .debug_info    0x00000ec9      0x139 .\CortexM3\ARM_GCC_541\Debug\cymetadata.o
 .debug_info    0x00001002      0x3b5 .\CortexM3\ARM_GCC_541\Debug\Cm3Start.o
 .debug_info    0x000013b7     0x1374 .\CortexM3\ARM_GCC_541\Debug\Temperature-Control.a(CyLib.o)
 .debug_info    0x0000272b      0xa1d .\CortexM3\ARM_GCC_541\Debug\Temperature-Control.a(cyPm.o)
 .debug_info    0x00003148      0x60c .\CortexM3\ARM_GCC_541\Debug\Temperature-Control.a(UART_1.o)
 .debug_info    0x00003754      0x2d2 .\CortexM3\ARM_GCC_541\Debug\Temperature-Control.a(isr_uart_rx.o)
 .debug_info    0x00003a26      0x1e2 .\CortexM3\ARM_GCC_541\Debug\Temperature-Control.a(I2C_1.o)
 .debug_info    0x00003c08      0x184 .\CortexM3\ARM_GCC_541\Debug\Temperature-Control.a(I2C_1_INT.o)
 .debug_info    0x00003d8c      0x407 .\CortexM3\ARM_GCC_541\Debug\Temperature-Control.a(I2C_1_MASTER.o)
 .debug_info    0x00004193      0x334 .\CortexM3\ARM_GCC_541\Debug\Temperature-Control.a(PWM_1.o)
 .debug_info    0x000044c7      0x283 .\CortexM3\ARM_GCC_541\Debug\Temperature-Control.a(UART_1_IntClock.o)
 .debug_info    0x0000474a       0xa3 .\CortexM3\ARM_GCC_541\Debug\Temperature-Control.a(CyBootAsmGnu.o)
 .debug_info    0x000047ed      0x5b8 .\CortexM3\ARM_GCC_541\Debug\Temperature-Control.a(CyFlash.o)
 .debug_info    0x00004da5      0x4e9 .\CortexM3\ARM_GCC_541\Debug\Temperature-Control.a(CySpc.o)

.debug_abbrev   0x00000000     0x1797
 *(.debug_abbrev)
 .debug_abbrev  0x00000000      0x11d .\CortexM3\ARM_GCC_541\Debug\main.o
 .debug_abbrev  0x0000011d       0xe6 .\CortexM3\ARM_GCC_541\Debug\PIDControl.o
 .debug_abbrev  0x00000203      0x10a .\CortexM3\ARM_GCC_541\Debug\TempReader.o
 .debug_abbrev  0x0000030d       0xb8 .\CortexM3\ARM_GCC_541\Debug\UART.o
 .debug_abbrev  0x000003c5      0x20d .\CortexM3\ARM_GCC_541\Debug\cyfitter_cfg.o
 .debug_abbrev  0x000005d2       0x77 .\CortexM3\ARM_GCC_541\Debug\cymetadata.o
 .debug_abbrev  0x00000649      0x1e8 .\CortexM3\ARM_GCC_541\Debug\Cm3Start.o
 .debug_abbrev  0x00000831      0x254 .\CortexM3\ARM_GCC_541\Debug\Temperature-Control.a(CyLib.o)
 .debug_abbrev  0x00000a85      0x1ab .\CortexM3\ARM_GCC_541\Debug\Temperature-Control.a(cyPm.o)
 .debug_abbrev  0x00000c30      0x175 .\CortexM3\ARM_GCC_541\Debug\Temperature-Control.a(UART_1.o)
 .debug_abbrev  0x00000da5      0x173 .\CortexM3\ARM_GCC_541\Debug\Temperature-Control.a(isr_uart_rx.o)
 .debug_abbrev  0x00000f18       0xe1 .\CortexM3\ARM_GCC_541\Debug\Temperature-Control.a(I2C_1.o)
 .debug_abbrev  0x00000ff9       0xb6 .\CortexM3\ARM_GCC_541\Debug\Temperature-Control.a(I2C_1_INT.o)
 .debug_abbrev  0x000010af      0x13c .\CortexM3\ARM_GCC_541\Debug\Temperature-Control.a(I2C_1_MASTER.o)
 .debug_abbrev  0x000011eb      0x133 .\CortexM3\ARM_GCC_541\Debug\Temperature-Control.a(PWM_1.o)
 .debug_abbrev  0x0000131e      0x139 .\CortexM3\ARM_GCC_541\Debug\Temperature-Control.a(UART_1_IntClock.o)
 .debug_abbrev  0x00001457       0x14 .\CortexM3\ARM_GCC_541\Debug\Temperature-Control.a(CyBootAsmGnu.o)
 .debug_abbrev  0x0000146b      0x198 .\CortexM3\ARM_GCC_541\Debug\Temperature-Control.a(CyFlash.o)
 .debug_abbrev  0x00001603      0x194 .\CortexM3\ARM_GCC_541\Debug\Temperature-Control.a(CySpc.o)

.debug_line     0x00000000     0x26a3
 *(.debug_line)
 .debug_line    0x00000000      0x25f .\CortexM3\ARM_GCC_541\Debug\main.o
 .debug_line    0x0000025f       0x92 .\CortexM3\ARM_GCC_541\Debug\PIDControl.o
 .debug_line    0x000002f1      0x1bb .\CortexM3\ARM_GCC_541\Debug\TempReader.o
 .debug_line    0x000004ac      0x179 .\CortexM3\ARM_GCC_541\Debug\UART.o
 .debug_line    0x00000625      0x1f7 .\CortexM3\ARM_GCC_541\Debug\cyfitter_cfg.o
 .debug_line    0x0000081c      0x141 .\CortexM3\ARM_GCC_541\Debug\cymetadata.o
 .debug_line    0x0000095d      0x234 .\CortexM3\ARM_GCC_541\Debug\Cm3Start.o
 .debug_line    0x00000b91      0x816 .\CortexM3\ARM_GCC_541\Debug\Temperature-Control.a(CyLib.o)
 .debug_line    0x000013a7      0x364 .\CortexM3\ARM_GCC_541\Debug\Temperature-Control.a(cyPm.o)
 .debug_line    0x0000170b      0x2c0 .\CortexM3\ARM_GCC_541\Debug\Temperature-Control.a(UART_1.o)
 .debug_line    0x000019cb      0x138 .\CortexM3\ARM_GCC_541\Debug\Temperature-Control.a(isr_uart_rx.o)
 .debug_line    0x00001b03       0xcd .\CortexM3\ARM_GCC_541\Debug\Temperature-Control.a(I2C_1.o)
 .debug_line    0x00001bd0      0x11a .\CortexM3\ARM_GCC_541\Debug\Temperature-Control.a(I2C_1_INT.o)
 .debug_line    0x00001cea      0x22b .\CortexM3\ARM_GCC_541\Debug\Temperature-Control.a(I2C_1_MASTER.o)
 .debug_line    0x00001f15      0x185 .\CortexM3\ARM_GCC_541\Debug\Temperature-Control.a(PWM_1.o)
 .debug_line    0x0000209a      0x17e .\CortexM3\ARM_GCC_541\Debug\Temperature-Control.a(UART_1_IntClock.o)
 .debug_line    0x00002218       0x66 .\CortexM3\ARM_GCC_541\Debug\Temperature-Control.a(CyBootAsmGnu.o)
 .debug_line    0x0000227e      0x1e9 .\CortexM3\ARM_GCC_541\Debug\Temperature-Control.a(CyFlash.o)
 .debug_line    0x00002467      0x23c .\CortexM3\ARM_GCC_541\Debug\Temperature-Control.a(CySpc.o)

.debug_frame    0x00000000     0x1e34
 *(.debug_frame)
 .debug_frame   0x00000000       0x38 .\CortexM3\ARM_GCC_541\Debug\main.o
 .debug_frame   0x00000038       0x84 .\CortexM3\ARM_GCC_541\Debug\PIDControl.o
 .debug_frame   0x000000bc       0x48 .\CortexM3\ARM_GCC_541\Debug\TempReader.o
 .debug_frame   0x00000104       0x2c .\CortexM3\ARM_GCC_541\Debug\UART.o
 .debug_frame   0x00000130       0xe4 .\CortexM3\ARM_GCC_541\Debug\cyfitter_cfg.o
 .debug_frame   0x00000214       0xb8 .\CortexM3\ARM_GCC_541\Debug\Cm3Start.o
 .debug_frame   0x000002cc      0x738 .\CortexM3\ARM_GCC_541\Debug\Temperature-Control.a(CyLib.o)
 .debug_frame   0x00000a04      0x1f8 .\CortexM3\ARM_GCC_541\Debug\Temperature-Control.a(cyPm.o)
 .debug_frame   0x00000bfc      0x250 .\CortexM3\ARM_GCC_541\Debug\Temperature-Control.a(UART_1.o)
 .debug_frame   0x00000e4c      0x104 .\CortexM3\ARM_GCC_541\Debug\Temperature-Control.a(isr_uart_rx.o)
 .debug_frame   0x00000f50       0x6c .\CortexM3\ARM_GCC_541\Debug\Temperature-Control.a(I2C_1.o)
 .debug_frame   0x00000fbc       0x30 .\CortexM3\ARM_GCC_541\Debug\Temperature-Control.a(I2C_1_INT.o)
 .debug_frame   0x00000fec      0x138 .\CortexM3\ARM_GCC_541\Debug\Temperature-Control.a(I2C_1_MASTER.o)
 .debug_frame   0x00001124      0x134 .\CortexM3\ARM_GCC_541\Debug\Temperature-Control.a(PWM_1.o)
 .debug_frame   0x00001258       0xe0 .\CortexM3\ARM_GCC_541\Debug\Temperature-Control.a(UART_1_IntClock.o)
 .debug_frame   0x00001338      0x174 .\CortexM3\ARM_GCC_541\Debug\Temperature-Control.a(CyFlash.o)
 .debug_frame   0x000014ac      0x160 .\CortexM3\ARM_GCC_541\Debug\Temperature-Control.a(CySpc.o)
 .debug_frame   0x0000160c       0x20 c:/program files (x86)/cypress/psoc creator/4.2/psoc creator/import/gnu/arm/5.4.1/bin/../lib/gcc/arm-none-eabi/5.4.1/../../../../arm-none-eabi/lib/armv7-m\libg_nano.a(lib_a-errno.o)
 .debug_frame   0x0000162c       0x28 c:/program files (x86)/cypress/psoc creator/4.2/psoc creator/import/gnu/arm/5.4.1/bin/../lib/gcc/arm-none-eabi/5.4.1/../../../../arm-none-eabi/lib/armv7-m\libg_nano.a(lib_a-exit.o)
 .debug_frame   0x00001654       0x2c c:/program files (x86)/cypress/psoc creator/4.2/psoc creator/import/gnu/arm/5.4.1/bin/../lib/gcc/arm-none-eabi/5.4.1/../../../../arm-none-eabi/lib/armv7-m\libg_nano.a(lib_a-init.o)
 .debug_frame   0x00001680       0x28 c:/program files (x86)/cypress/psoc creator/4.2/psoc creator/import/gnu/arm/5.4.1/bin/../lib/gcc/arm-none-eabi/5.4.1/../../../../arm-none-eabi/lib/armv7-m\libg_nano.a(lib_a-memcpy-stub.o)
 .debug_frame   0x000016a8       0x20 c:/program files (x86)/cypress/psoc creator/4.2/psoc creator/import/gnu/arm/5.4.1/bin/../lib/gcc/arm-none-eabi/5.4.1/../../../../arm-none-eabi/lib/armv7-m\libg_nano.a(lib_a-memset.o)
 .debug_frame   0x000016c8       0x8c c:/program files (x86)/cypress/psoc creator/4.2/psoc creator/import/gnu/arm/5.4.1/bin/../lib/gcc/arm-none-eabi/5.4.1/../../../../arm-none-eabi/lib/armv7-m\libg_nano.a(lib_a-nano-vfprintf_float.o)
 .debug_frame   0x00001754       0x60 c:/program files (x86)/cypress/psoc creator/4.2/psoc creator/import/gnu/arm/5.4.1/bin/../lib/gcc/arm-none-eabi/5.4.1/../../../../arm-none-eabi/lib/armv7-m\libg_nano.a(lib_a-nano-vfprintf_i.o)
 .debug_frame   0x000017b4       0x74 c:/program files (x86)/cypress/psoc creator/4.2/psoc creator/import/gnu/arm/5.4.1/bin/../lib/gcc/arm-none-eabi/5.4.1/../../../../arm-none-eabi/lib/armv7-m\libg_nano.a(lib_a-snprintf.o)
 .debug_frame   0x00001828       0x6c c:/program files (x86)/cypress/psoc creator/4.2/psoc creator/import/gnu/arm/5.4.1/bin/../lib/gcc/arm-none-eabi/5.4.1/../../../../arm-none-eabi/lib/armv7-m\libg_nano.a(lib_a-dtoa.o)
 .debug_frame   0x00001894       0x98 c:/program files (x86)/cypress/psoc creator/4.2/psoc creator/import/gnu/arm/5.4.1/bin/../lib/gcc/arm-none-eabi/5.4.1/../../../../arm-none-eabi/lib/armv7-m\libg_nano.a(lib_a-locale.o)
 .debug_frame   0x0000192c       0x30 c:/program files (x86)/cypress/psoc creator/4.2/psoc creator/import/gnu/arm/5.4.1/bin/../lib/gcc/arm-none-eabi/5.4.1/../../../../arm-none-eabi/lib/armv7-m\libg_nano.a(lib_a-malloc.o)
 .debug_frame   0x0000195c       0x28 c:/program files (x86)/cypress/psoc creator/4.2/psoc creator/import/gnu/arm/5.4.1/bin/../lib/gcc/arm-none-eabi/5.4.1/../../../../arm-none-eabi/lib/armv7-m\libg_nano.a(lib_a-memchr-stub.o)
 .debug_frame   0x00001984      0x234 c:/program files (x86)/cypress/psoc creator/4.2/psoc creator/import/gnu/arm/5.4.1/bin/../lib/gcc/arm-none-eabi/5.4.1/../../../../arm-none-eabi/lib/armv7-m\libg_nano.a(lib_a-mprec.o)
 .debug_frame   0x00001bb8       0x2c c:/program files (x86)/cypress/psoc creator/4.2/psoc creator/import/gnu/arm/5.4.1/bin/../lib/gcc/arm-none-eabi/5.4.1/../../../../arm-none-eabi/lib/armv7-m\libg_nano.a(lib_a-nano-callocr.o)
 .debug_frame   0x00001be4       0x38 c:/program files (x86)/cypress/psoc creator/4.2/psoc creator/import/gnu/arm/5.4.1/bin/../lib/gcc/arm-none-eabi/5.4.1/../../../../arm-none-eabi/lib/armv7-m\libg_nano.a(lib_a-nano-freer.o)
 .debug_frame   0x00001c1c       0x2c c:/program files (x86)/cypress/psoc creator/4.2/psoc creator/import/gnu/arm/5.4.1/bin/../lib/gcc/arm-none-eabi/5.4.1/../../../../arm-none-eabi/lib/armv7-m\libg_nano.a(lib_a-nano-mallocr.o)
 .debug_frame   0x00001c48       0x90 c:/program files (x86)/cypress/psoc creator/4.2/psoc creator/import/gnu/arm/5.4.1/bin/../lib/gcc/arm-none-eabi/5.4.1/../../../../arm-none-eabi/lib/armv7-m\libg_nano.a(lib_a-nano-svfprintf.o)
 .debug_frame   0x00001cd8       0x2c c:/program files (x86)/cypress/psoc creator/4.2/psoc creator/import/gnu/arm/5.4.1/bin/../lib/gcc/arm-none-eabi/5.4.1/../../../../arm-none-eabi/lib/armv7-m\libg_nano.a(lib_a-sbrkr.o)
 .debug_frame   0x00001d04       0x20 c:/program files (x86)/cypress/psoc creator/4.2/psoc creator/import/gnu/arm/5.4.1/bin/../lib/gcc/arm-none-eabi/5.4.1/../../../../arm-none-eabi/lib/armv7-m\libg_nano.a(lib_a-strcmp.o)
 .debug_frame   0x00001d24       0x28 c:/program files (x86)/cypress/psoc creator/4.2/psoc creator/import/gnu/arm/5.4.1/bin/../lib/gcc/arm-none-eabi/5.4.1/../../../../arm-none-eabi/lib/armv7-m\libg_nano.a(lib_a-memmove.o)
 .debug_frame   0x00001d4c       0x30 c:/program files (x86)/cypress/psoc creator/4.2/psoc creator/import/gnu/arm/5.4.1/bin/../lib/gcc/arm-none-eabi/5.4.1/../../../../arm-none-eabi/lib/armv7-m\libg_nano.a(lib_a-mlock.o)
 .debug_frame   0x00001d7c       0x3c c:/program files (x86)/cypress/psoc creator/4.2/psoc creator/import/gnu/arm/5.4.1/bin/../lib/gcc/arm-none-eabi/5.4.1/../../../../arm-none-eabi/lib/armv7-m\libg_nano.a(lib_a-nano-reallocr.o)
 .debug_frame   0x00001db8       0x5c c:/program files (x86)/cypress/psoc creator/4.2/psoc creator/import/gnu/arm/5.4.1/bin/../lib/gcc/arm-none-eabi/5.4.1/../../../../arm-none-eabi/lib/armv7-m\libg_nano.a(lib_a-reent.o)
 .debug_frame   0x00001e14       0x20 c:/program files (x86)/cypress/psoc creator/4.2/psoc creator/import/gnu/arm/5.4.1/bin/../lib/gcc/arm-none-eabi/5.4.1/../../../../arm-none-eabi/lib/armv7-m\libg_nano.a(lib_a-nano-msizer.o)

.debug_str      0x00000000     0x1ed2
 *(.debug_str)
 .debug_str     0x00000000      0x28d .\CortexM3\ARM_GCC_541\Debug\main.o
                                0x304 (size before relaxing)
 .debug_str     0x0000028d       0xd6 .\CortexM3\ARM_GCC_541\Debug\PIDControl.o
                                0x200 (size before relaxing)
 .debug_str     0x00000363       0xa5 .\CortexM3\ARM_GCC_541\Debug\TempReader.o
                                0x2a5 (size before relaxing)
 .debug_str     0x00000408       0x35 .\CortexM3\ARM_GCC_541\Debug\UART.o
                                0x215 (size before relaxing)
 .debug_str     0x0000043d      0x1af .\CortexM3\ARM_GCC_541\Debug\cyfitter_cfg.o
                                0x357 (size before relaxing)
 .debug_str     0x000005ec       0x75 .\CortexM3\ARM_GCC_541\Debug\cymetadata.o
                                0x1f7 (size before relaxing)
 .debug_str     0x00000661      0x139 .\CortexM3\ARM_GCC_541\Debug\Cm3Start.o
                                0x31d (size before relaxing)
 .debug_str     0x0000079a      0x837 .\CortexM3\ARM_GCC_541\Debug\Temperature-Control.a(CyLib.o)
                                0xa5a (size before relaxing)
 .debug_str     0x00000fd1      0x359 .\CortexM3\ARM_GCC_541\Debug\Temperature-Control.a(cyPm.o)
                                0x73a (size before relaxing)
 .debug_str     0x0000132a      0x2b5 .\CortexM3\ARM_GCC_541\Debug\Temperature-Control.a(UART_1.o)
                                0x4c6 (size before relaxing)
 .debug_str     0x000015df      0x126 .\CortexM3\ARM_GCC_541\Debug\Temperature-Control.a(isr_uart_rx.o)
                                0x30d (size before relaxing)
 .debug_str     0x00001705       0x97 .\CortexM3\ARM_GCC_541\Debug\Temperature-Control.a(I2C_1.o)
                                0x29f (size before relaxing)
 .debug_str     0x0000179c       0x94 .\CortexM3\ARM_GCC_541\Debug\Temperature-Control.a(I2C_1_INT.o)
                                0x288 (size before relaxing)
 .debug_str     0x00001830      0x14c .\CortexM3\ARM_GCC_541\Debug\Temperature-Control.a(I2C_1_MASTER.o)
                                0x3e5 (size before relaxing)
 .debug_str     0x0000197c      0x177 .\CortexM3\ARM_GCC_541\Debug\Temperature-Control.a(PWM_1.o)
                                0x364 (size before relaxing)
 .debug_str     0x00001af3      0x197 .\CortexM3\ARM_GCC_541\Debug\Temperature-Control.a(UART_1_IntClock.o)
                                0x361 (size before relaxing)
 .debug_str     0x00001c8a      0x19c .\CortexM3\ARM_GCC_541\Debug\Temperature-Control.a(CyFlash.o)
                                0x3b4 (size before relaxing)
 .debug_str     0x00001e26       0xac .\CortexM3\ARM_GCC_541\Debug\Temperature-Control.a(CySpc.o)
                                0x33d (size before relaxing)

.debug_loc      0x00000000     0x2537
 *(.debug_loc)
 .debug_loc     0x00000000       0x85 .\CortexM3\ARM_GCC_541\Debug\main.o
 .debug_loc     0x00000085      0x1c3 .\CortexM3\ARM_GCC_541\Debug\PIDControl.o
 .debug_loc     0x00000248       0x99 .\CortexM3\ARM_GCC_541\Debug\TempReader.o
 .debug_loc     0x000002e1       0x1e .\CortexM3\ARM_GCC_541\Debug\UART.o
 .debug_loc     0x000002ff      0x259 .\CortexM3\ARM_GCC_541\Debug\cyfitter_cfg.o
 .debug_loc     0x00000558      0x144 .\CortexM3\ARM_GCC_541\Debug\Cm3Start.o
 .debug_loc     0x0000069c      0xa11 .\CortexM3\ARM_GCC_541\Debug\Temperature-Control.a(CyLib.o)
 .debug_loc     0x000010ad      0x1e4 .\CortexM3\ARM_GCC_541\Debug\Temperature-Control.a(cyPm.o)
 .debug_loc     0x00001291      0x258 .\CortexM3\ARM_GCC_541\Debug\Temperature-Control.a(UART_1.o)
 .debug_loc     0x000014e9       0x56 .\CortexM3\ARM_GCC_541\Debug\Temperature-Control.a(isr_uart_rx.o)
 .debug_loc     0x0000153f       0x13 .\CortexM3\ARM_GCC_541\Debug\Temperature-Control.a(I2C_1.o)
 .debug_loc     0x00001552       0x29 .\CortexM3\ARM_GCC_541\Debug\Temperature-Control.a(I2C_1_INT.o)
 .debug_loc     0x0000157b      0x52f .\CortexM3\ARM_GCC_541\Debug\Temperature-Control.a(I2C_1_MASTER.o)
 .debug_loc     0x00001aaa       0x26 .\CortexM3\ARM_GCC_541\Debug\Temperature-Control.a(PWM_1.o)
 .debug_loc     0x00001ad0      0x128 .\CortexM3\ARM_GCC_541\Debug\Temperature-Control.a(UART_1_IntClock.o)
 .debug_loc     0x00001bf8      0x2f2 .\CortexM3\ARM_GCC_541\Debug\Temperature-Control.a(CyFlash.o)
 .debug_loc     0x00001eea      0x64d .\CortexM3\ARM_GCC_541\Debug\Temperature-Control.a(CySpc.o)

.debug_macinfo
 *(.debug_macinfo)

.debug_ranges   0x00000000      0x7b0
 *(.debug_ranges)
 .debug_ranges  0x00000000       0x10 .\CortexM3\ARM_GCC_541\Debug\main.o
 .debug_ranges  0x00000010       0x28 .\CortexM3\ARM_GCC_541\Debug\PIDControl.o
 .debug_ranges  0x00000038       0x18 .\CortexM3\ARM_GCC_541\Debug\TempReader.o
 .debug_ranges  0x00000050       0x10 .\CortexM3\ARM_GCC_541\Debug\UART.o
 .debug_ranges  0x00000060       0x48 .\CortexM3\ARM_GCC_541\Debug\cyfitter_cfg.o
 .debug_ranges  0x000000a8       0x38 .\CortexM3\ARM_GCC_541\Debug\Cm3Start.o
 .debug_ranges  0x000000e0      0x290 .\CortexM3\ARM_GCC_541\Debug\Temperature-Control.a(CyLib.o)
 .debug_ranges  0x00000370       0x88 .\CortexM3\ARM_GCC_541\Debug\Temperature-Control.a(cyPm.o)
 .debug_ranges  0x000003f8       0xe0 .\CortexM3\ARM_GCC_541\Debug\Temperature-Control.a(UART_1.o)
 .debug_ranges  0x000004d8       0x70 .\CortexM3\ARM_GCC_541\Debug\Temperature-Control.a(isr_uart_rx.o)
 .debug_ranges  0x00000548       0x28 .\CortexM3\ARM_GCC_541\Debug\Temperature-Control.a(I2C_1.o)
 .debug_ranges  0x00000570       0x10 .\CortexM3\ARM_GCC_541\Debug\Temperature-Control.a(I2C_1_INT.o)
 .debug_ranges  0x00000580       0x70 .\CortexM3\ARM_GCC_541\Debug\Temperature-Control.a(I2C_1_MASTER.o)
 .debug_ranges  0x000005f0       0x88 .\CortexM3\ARM_GCC_541\Debug\Temperature-Control.a(PWM_1.o)
 .debug_ranges  0x00000678       0x60 .\CortexM3\ARM_GCC_541\Debug\Temperature-Control.a(UART_1_IntClock.o)
 .debug_ranges  0x000006d8       0x70 .\CortexM3\ARM_GCC_541\Debug\Temperature-Control.a(CyFlash.o)
 .debug_ranges  0x00000748       0x68 .\CortexM3\ARM_GCC_541\Debug\Temperature-Control.a(CySpc.o)

.comment        0x00000000       0x6e
 .comment       0x00000000       0x6e .\CortexM3\ARM_GCC_541\Debug\main.o
                                 0x6f (size before relaxing)
 .comment       0x0000006e       0x6f .\CortexM3\ARM_GCC_541\Debug\PIDControl.o
 .comment       0x0000006e       0x6f .\CortexM3\ARM_GCC_541\Debug\TempReader.o
 .comment       0x0000006e       0x6f .\CortexM3\ARM_GCC_541\Debug\UART.o
 .comment       0x0000006e       0x6f .\CortexM3\ARM_GCC_541\Debug\cyfitter_cfg.o
 .comment       0x0000006e       0x6f .\CortexM3\ARM_GCC_541\Debug\cymetadata.o
 .comment       0x0000006e       0x6f .\CortexM3\ARM_GCC_541\Debug\Cm3Start.o
 .comment       0x0000006e       0x6f .\CortexM3\ARM_GCC_541\Debug\Temperature-Control.a(CyLib.o)
 .comment       0x0000006e       0x6f .\CortexM3\ARM_GCC_541\Debug\Temperature-Control.a(cyPm.o)
 .comment       0x0000006e       0x6f .\CortexM3\ARM_GCC_541\Debug\Temperature-Control.a(UART_1.o)
 .comment       0x0000006e       0x6f .\CortexM3\ARM_GCC_541\Debug\Temperature-Control.a(isr_uart_rx.o)
 .comment       0x0000006e       0x6f .\CortexM3\ARM_GCC_541\Debug\Temperature-Control.a(I2C_1.o)
 .comment       0x0000006e       0x6f .\CortexM3\ARM_GCC_541\Debug\Temperature-Control.a(I2C_1_INT.o)
 .comment       0x0000006e       0x6f .\CortexM3\ARM_GCC_541\Debug\Temperature-Control.a(I2C_1_MASTER.o)
 .comment       0x0000006e       0x6f .\CortexM3\ARM_GCC_541\Debug\Temperature-Control.a(PWM_1.o)
 .comment       0x0000006e       0x6f .\CortexM3\ARM_GCC_541\Debug\Temperature-Control.a(UART_1_IntClock.o)
 .comment       0x0000006e       0x6f .\CortexM3\ARM_GCC_541\Debug\Temperature-Control.a(CyFlash.o)
 .comment       0x0000006e       0x6f .\CortexM3\ARM_GCC_541\Debug\Temperature-Control.a(CySpc.o)

.debug_weaknames
 *(.debug_weaknames)

.debug_funcnames
 *(.debug_funcnames)

.debug_typenames
 *(.debug_typenames)

.debug_varnames
 *(.debug_varnames)

.note.gnu.arm.ident
 *(.note.gnu.arm.ident)

.ARM.attributes
                0x00000000       0x29
 *(.ARM.attributes)
 .ARM.attributes
                0x00000000       0x1d c:/program files (x86)/cypress/psoc creator/4.2/psoc creator/import/gnu/arm/5.4.1/bin/../lib/gcc/arm-none-eabi/5.4.1/armv7-m/crti.o
 .ARM.attributes
                0x0000001d       0x2d c:/program files (x86)/cypress/psoc creator/4.2/psoc creator/import/gnu/arm/5.4.1/bin/../lib/gcc/arm-none-eabi/5.4.1/armv7-m/crtbegin.o
 .ARM.attributes
                0x0000004a       0x1b c:/program files (x86)/cypress/psoc creator/4.2/psoc creator/import/gnu/arm/5.4.1/bin/../lib/gcc/arm-none-eabi/5.4.1/../../../../arm-none-eabi/lib/armv7-m/crt0.o
 .ARM.attributes
                0x00000065       0x33 .\CortexM3\ARM_GCC_541\Debug\main.o
 .ARM.attributes
                0x00000098       0x33 .\CortexM3\ARM_GCC_541\Debug\PIDControl.o
 .ARM.attributes
                0x000000cb       0x33 .\CortexM3\ARM_GCC_541\Debug\TempReader.o
 .ARM.attributes
                0x000000fe       0x33 .\CortexM3\ARM_GCC_541\Debug\UART.o
 .ARM.attributes
                0x00000131       0x33 .\CortexM3\ARM_GCC_541\Debug\cyfitter_cfg.o
 .ARM.attributes
                0x00000164       0x33 .\CortexM3\ARM_GCC_541\Debug\cymetadata.o
 .ARM.attributes
                0x00000197       0x33 .\CortexM3\ARM_GCC_541\Debug\Cm3Start.o
 .ARM.attributes
                0x000001ca       0x33 .\CortexM3\ARM_GCC_541\Debug\Temperature-Control.a(CyLib.o)
 .ARM.attributes
                0x000001fd       0x33 .\CortexM3\ARM_GCC_541\Debug\Temperature-Control.a(cyPm.o)
 .ARM.attributes
                0x00000230       0x33 .\CortexM3\ARM_GCC_541\Debug\Temperature-Control.a(UART_1.o)
 .ARM.attributes
                0x00000263       0x33 .\CortexM3\ARM_GCC_541\Debug\Temperature-Control.a(isr_uart_rx.o)
 .ARM.attributes
                0x00000296       0x33 .\CortexM3\ARM_GCC_541\Debug\Temperature-Control.a(I2C_1.o)
 .ARM.attributes
                0x000002c9       0x33 .\CortexM3\ARM_GCC_541\Debug\Temperature-Control.a(I2C_1_INT.o)
 .ARM.attributes
                0x000002fc       0x33 .\CortexM3\ARM_GCC_541\Debug\Temperature-Control.a(I2C_1_MASTER.o)
 .ARM.attributes
                0x0000032f       0x33 .\CortexM3\ARM_GCC_541\Debug\Temperature-Control.a(PWM_1.o)
 .ARM.attributes
                0x00000362       0x33 .\CortexM3\ARM_GCC_541\Debug\Temperature-Control.a(UART_1_IntClock.o)
 .ARM.attributes
                0x00000395       0x21 .\CortexM3\ARM_GCC_541\Debug\Temperature-Control.a(CyBootAsmGnu.o)
 .ARM.attributes
                0x000003b6       0x33 .\CortexM3\ARM_GCC_541\Debug\Temperature-Control.a(CyFlash.o)
 .ARM.attributes
                0x000003e9       0x33 .\CortexM3\ARM_GCC_541\Debug\Temperature-Control.a(CySpc.o)
 .ARM.attributes
                0x0000041c       0x1d c:/program files (x86)/cypress/psoc creator/4.2/psoc creator/import/gnu/arm/5.4.1/bin/../lib/gcc/arm-none-eabi/5.4.1/armv7-m\libgcc.a(_arm_addsubdf3.o)
 .ARM.attributes
                0x00000439       0x1d c:/program files (x86)/cypress/psoc creator/4.2/psoc creator/import/gnu/arm/5.4.1/bin/../lib/gcc/arm-none-eabi/5.4.1/armv7-m\libgcc.a(_arm_addsubsf3.o)
 .ARM.attributes
                0x00000456       0x1d c:/program files (x86)/cypress/psoc creator/4.2/psoc creator/import/gnu/arm/5.4.1/bin/../lib/gcc/arm-none-eabi/5.4.1/armv7-m\libgcc.a(_arm_muldivsf3.o)
 .ARM.attributes
                0x00000473       0x1d c:/program files (x86)/cypress/psoc creator/4.2/psoc creator/import/gnu/arm/5.4.1/bin/../lib/gcc/arm-none-eabi/5.4.1/armv7-m\libgcc.a(_arm_cmpsf2.o)
 .ARM.attributes
                0x00000490       0x1d c:/program files (x86)/cypress/psoc creator/4.2/psoc creator/import/gnu/arm/5.4.1/bin/../lib/gcc/arm-none-eabi/5.4.1/armv7-m\libgcc.a(_arm_fixunssfsi.o)
 .ARM.attributes
                0x000004ad       0x2d c:/program files (x86)/cypress/psoc creator/4.2/psoc creator/import/gnu/arm/5.4.1/bin/../lib/gcc/arm-none-eabi/5.4.1/../../../../arm-none-eabi/lib/armv7-m\libg_nano.a(lib_a-errno.o)
 .ARM.attributes
                0x000004da       0x2d c:/program files (x86)/cypress/psoc creator/4.2/psoc creator/import/gnu/arm/5.4.1/bin/../lib/gcc/arm-none-eabi/5.4.1/../../../../arm-none-eabi/lib/armv7-m\libg_nano.a(lib_a-exit.o)
 .ARM.attributes
                0x00000507       0x2d c:/program files (x86)/cypress/psoc creator/4.2/psoc creator/import/gnu/arm/5.4.1/bin/../lib/gcc/arm-none-eabi/5.4.1/../../../../arm-none-eabi/lib/armv7-m\libg_nano.a(lib_a-impure.o)
 .ARM.attributes
                0x00000534       0x2d c:/program files (x86)/cypress/psoc creator/4.2/psoc creator/import/gnu/arm/5.4.1/bin/../lib/gcc/arm-none-eabi/5.4.1/../../../../arm-none-eabi/lib/armv7-m\libg_nano.a(lib_a-init.o)
 .ARM.attributes
                0x00000561       0x2d c:/program files (x86)/cypress/psoc creator/4.2/psoc creator/import/gnu/arm/5.4.1/bin/../lib/gcc/arm-none-eabi/5.4.1/../../../../arm-none-eabi/lib/armv7-m\libg_nano.a(lib_a-memcpy-stub.o)
 .ARM.attributes
                0x0000058e       0x2d c:/program files (x86)/cypress/psoc creator/4.2/psoc creator/import/gnu/arm/5.4.1/bin/../lib/gcc/arm-none-eabi/5.4.1/../../../../arm-none-eabi/lib/armv7-m\libg_nano.a(lib_a-memset.o)
 .ARM.attributes
                0x000005bb       0x2d c:/program files (x86)/cypress/psoc creator/4.2/psoc creator/import/gnu/arm/5.4.1/bin/../lib/gcc/arm-none-eabi/5.4.1/../../../../arm-none-eabi/lib/armv7-m\libg_nano.a(lib_a-nano-vfprintf_float.o)
 .ARM.attributes
                0x000005e8       0x2d c:/program files (x86)/cypress/psoc creator/4.2/psoc creator/import/gnu/arm/5.4.1/bin/../lib/gcc/arm-none-eabi/5.4.1/../../../../arm-none-eabi/lib/armv7-m\libg_nano.a(lib_a-nano-vfprintf_i.o)
 .ARM.attributes
                0x00000615       0x2d c:/program files (x86)/cypress/psoc creator/4.2/psoc creator/import/gnu/arm/5.4.1/bin/../lib/gcc/arm-none-eabi/5.4.1/../../../../arm-none-eabi/lib/armv7-m\libg_nano.a(lib_a-snprintf.o)
 .ARM.attributes
                0x00000642       0x17 c:/program files (x86)/cypress/psoc creator/4.2/psoc creator/import/gnu/arm/5.4.1/bin/../lib/gcc/arm-none-eabi/5.4.1/../../../../arm-none-eabi/lib/armv7-m\libg_nano.a(lib_a-strlen.o)
 .ARM.attributes
                0x00000659       0x2d c:/program files (x86)/cypress/psoc creator/4.2/psoc creator/import/gnu/arm/5.4.1/bin/../lib/gcc/arm-none-eabi/5.4.1/../../../../arm-none-eabi/lib/armv7-m\libg_nano.a(lib_a-dtoa.o)
 .ARM.attributes
                0x00000686       0x2d c:/program files (x86)/cypress/psoc creator/4.2/psoc creator/import/gnu/arm/5.4.1/bin/../lib/gcc/arm-none-eabi/5.4.1/../../../../arm-none-eabi/lib/armv7-m\libg_nano.a(lib_a-locale.o)
 .ARM.attributes
                0x000006b3       0x2d c:/program files (x86)/cypress/psoc creator/4.2/psoc creator/import/gnu/arm/5.4.1/bin/../lib/gcc/arm-none-eabi/5.4.1/../../../../arm-none-eabi/lib/armv7-m\libg_nano.a(lib_a-malloc.o)
 .ARM.attributes
                0x000006e0       0x2d c:/program files (x86)/cypress/psoc creator/4.2/psoc creator/import/gnu/arm/5.4.1/bin/../lib/gcc/arm-none-eabi/5.4.1/../../../../arm-none-eabi/lib/armv7-m\libg_nano.a(lib_a-memchr-stub.o)
 .ARM.attributes
                0x0000070d       0x2d c:/program files (x86)/cypress/psoc creator/4.2/psoc creator/import/gnu/arm/5.4.1/bin/../lib/gcc/arm-none-eabi/5.4.1/../../../../arm-none-eabi/lib/armv7-m\libg_nano.a(lib_a-mprec.o)
 .ARM.attributes
                0x0000073a       0x2d c:/program files (x86)/cypress/psoc creator/4.2/psoc creator/import/gnu/arm/5.4.1/bin/../lib/gcc/arm-none-eabi/5.4.1/../../../../arm-none-eabi/lib/armv7-m\libg_nano.a(lib_a-nano-callocr.o)
 .ARM.attributes
                0x00000767       0x2d c:/program files (x86)/cypress/psoc creator/4.2/psoc creator/import/gnu/arm/5.4.1/bin/../lib/gcc/arm-none-eabi/5.4.1/../../../../arm-none-eabi/lib/armv7-m\libg_nano.a(lib_a-nano-freer.o)
 .ARM.attributes
                0x00000794       0x2d c:/program files (x86)/cypress/psoc creator/4.2/psoc creator/import/gnu/arm/5.4.1/bin/../lib/gcc/arm-none-eabi/5.4.1/../../../../arm-none-eabi/lib/armv7-m\libg_nano.a(lib_a-nano-mallocr.o)
 .ARM.attributes
                0x000007c1       0x2d c:/program files (x86)/cypress/psoc creator/4.2/psoc creator/import/gnu/arm/5.4.1/bin/../lib/gcc/arm-none-eabi/5.4.1/../../../../arm-none-eabi/lib/armv7-m\libg_nano.a(lib_a-nano-svfprintf.o)
 .ARM.attributes
                0x000007ee       0x2d c:/program files (x86)/cypress/psoc creator/4.2/psoc creator/import/gnu/arm/5.4.1/bin/../lib/gcc/arm-none-eabi/5.4.1/../../../../arm-none-eabi/lib/armv7-m\libg_nano.a(lib_a-sbrkr.o)
 .ARM.attributes
                0x0000081b       0x1b c:/program files (x86)/cypress/psoc creator/4.2/psoc creator/import/gnu/arm/5.4.1/bin/../lib/gcc/arm-none-eabi/5.4.1/../../../../arm-none-eabi/lib/armv7-m\libg_nano.a(lib_a-strcmp.o)
 .ARM.attributes
                0x00000836       0x2d c:/program files (x86)/cypress/psoc creator/4.2/psoc creator/import/gnu/arm/5.4.1/bin/../lib/gcc/arm-none-eabi/5.4.1/../../../../arm-none-eabi/lib/armv7-m\libg_nano.a(lib_a-memmove.o)
 .ARM.attributes
                0x00000863       0x2d c:/program files (x86)/cypress/psoc creator/4.2/psoc creator/import/gnu/arm/5.4.1/bin/../lib/gcc/arm-none-eabi/5.4.1/../../../../arm-none-eabi/lib/armv7-m\libg_nano.a(lib_a-mlock.o)
 .ARM.attributes
                0x00000890       0x2d c:/program files (x86)/cypress/psoc creator/4.2/psoc creator/import/gnu/arm/5.4.1/bin/../lib/gcc/arm-none-eabi/5.4.1/../../../../arm-none-eabi/lib/armv7-m\libg_nano.a(lib_a-nano-reallocr.o)
 .ARM.attributes
                0x000008bd       0x2d c:/program files (x86)/cypress/psoc creator/4.2/psoc creator/import/gnu/arm/5.4.1/bin/../lib/gcc/arm-none-eabi/5.4.1/../../../../arm-none-eabi/lib/armv7-m\libg_nano.a(lib_a-reent.o)
 .ARM.attributes
                0x000008ea       0x2d c:/program files (x86)/cypress/psoc creator/4.2/psoc creator/import/gnu/arm/5.4.1/bin/../lib/gcc/arm-none-eabi/5.4.1/../../../../arm-none-eabi/lib/armv7-m\libg_nano.a(lib_a-nano-msizer.o)
 .ARM.attributes
                0x00000917       0x1d c:/program files (x86)/cypress/psoc creator/4.2/psoc creator/import/gnu/arm/5.4.1/bin/../lib/gcc/arm-none-eabi/5.4.1/armv7-m\libgcc.a(_arm_muldivdf3.o)
 .ARM.attributes
                0x00000934       0x1d c:/program files (x86)/cypress/psoc creator/4.2/psoc creator/import/gnu/arm/5.4.1/bin/../lib/gcc/arm-none-eabi/5.4.1/armv7-m\libgcc.a(_arm_cmpdf2.o)
 .ARM.attributes
                0x00000951       0x1d c:/program files (x86)/cypress/psoc creator/4.2/psoc creator/import/gnu/arm/5.4.1/bin/../lib/gcc/arm-none-eabi/5.4.1/armv7-m\libgcc.a(_arm_unorddf2.o)
 .ARM.attributes
                0x0000096e       0x1d c:/program files (x86)/cypress/psoc creator/4.2/psoc creator/import/gnu/arm/5.4.1/bin/../lib/gcc/arm-none-eabi/5.4.1/armv7-m\libgcc.a(_arm_fixdfsi.o)
 .ARM.attributes
                0x0000098b       0x2d c:/program files (x86)/cypress/psoc creator/4.2/psoc creator/import/gnu/arm/5.4.1/bin/../lib/gcc/arm-none-eabi/5.4.1/armv7-m/crtend.o
 .ARM.attributes
                0x000009b8       0x1d c:/program files (x86)/cypress/psoc creator/4.2/psoc creator/import/gnu/arm/5.4.1/bin/../lib/gcc/arm-none-eabi/5.4.1/armv7-m/crtn.o

/DISCARD/
 *(.note.GNU-stack)
OUTPUT(C:\Users\Abdallah Ajjawi\Desktop\AU\TemperatureControlHandout\Temperature-Control.cydsn\CortexM3\ARM_GCC_541\Debug\Temperature-Control.elf elf32-littlearm)
